Microchip MPLAB XC8 Compiler V1.34 ()

Linker command line:

--edf=C:\Program Files (x86)\Microchip\xc8\v1.34\dat\en_msgs.txt -cs \
  -h+dist/default/production\Code.production.sym \
  --cmf=dist/default/production\Code.production.cmf -z -Q18F4431 \
  -oC:\Users\Quentin\AppData\Local\Temp\s6pg.6 \
  -Mdist/default/production/Code.production.map -E1 -ver=XC8 \
  -ASTACK=01CCh-02ffh -pstack=STACK -ACODE=00h-03FFFh -ACONST=00h-03FFFh \
  -ASMALLCONST=0300h-03FFhx61 -AMEDIUMCONST=0300h-03FFFh -ACOMRAM=01h-05Fh \
  -AABS1=00h-02FFh -ABIGRAM=01h-02FFh -ARAM=060h-0FFh,0100h-01FFhx2 \
  -ABANK0=060h-0FFh -ABANK1=0100h-01FFh -ABANK2=0200h-02FFh \
  -ASFR=0F60h-0FFFh \
  -preset_vec=00h,intcode=08h,intcodelo=018h,powerup,init,end_init \
  -pramtop=0300h -psmallconst=SMALLCONST -pmediumconst=MEDIUMCONST \
  -pconst=CONST -AFARRAM=00h-00h -ACONFIG=0300000h-030000Dh -pconfig=CONFIG \
  -AIDLOC=0200000h-0200007h -pidloc=IDLOC -AEEDATA=0F00000h-0F000FFh \
  -peeprom_data=EEDATA \
  -prdata=COMRAM,nvrram=COMRAM,nvbit=COMRAM,rbss=COMRAM,rbit=COMRAM \
  -pfarbss=FARRAM,fardata=FARRAM,nvFARRAM=FARRAM \
  -pintsave_regs=BIGRAM,bigbss=BIGRAM,bigdata=BIGRAM -pbss=RAM \
  -pidata=CODE,irdata=CODE,ibigdata=CODE,ifardata=CODE -prparam=COMRAM \
  C:\Users\Quentin\AppData\Local\Temp\s6pg.obj \
  dist/default/production\Code.production.obj 

Object code version is 3.11

Machine type is 18F4431

Call graph: (short form)




                Name                               Link     Load   Length Selector   Space Scale
C:\Users\Quentin\AppData\Local\Temp\s6pg.obj
                end_init                             A8       A8        4        C       0
                reset_vec                             0        0        4        0       0
                idloc                            200000   200000        8   200000       0
                config                           300000   300000        E   300000       0
dist/default/production\Code.production.obj
                intcodelo                            18       18       90        C       0
                intcode                               8        8       10        4       0
                smallconst                          300      300       A4      180       0
                text62                             341A     341A       3C      1D2       0
                text61                             364E     364E        4      1D2       0
                text60                             327A     327A       4A      1D2       0
                text59                             356C     356C       24      1D2       0
                text58                             362E     362E        C      1D2       0
                text57                             3398     3398       46      1D2       0
                text56                             364A     364A        4      1D2       0
                text55                             3646     3646        4      1D2       0
                text54                             2E7A     2E7A       84      1D2       0
                intcode_body                       3052     3052       6C      1D2       0
                text52                             33DE     33DE       3C      1D2       0
                text51                             3642     3642        4      1D2       0
                text50                             3230     3230       4A      1D2       0
                text49                             3548     3548       24      1D2       0
                text48                             3622     3622        C      1D2       0
                text47                             3352     3352       46      1D2       0
                text46                             363E     363E        4      1D2       0
                text45                             363A     363A        4      1D2       0
                text44                             2DF6     2DF6       84      1D2       0
                text42                             28C8     28C8       D0      1D2       0
                text41                             348E     348E       38      1D2       0
                text40                             1326     1326      348      1D2       0
                text39                              FA8      FA8      37E      1D2       0
                text38                             2FE4     2FE4       6E      1D2       0
                text37                             3590     3590       22      1D2       0
                text36                             23E0     23E0      120      1D2       0
                text35                             216C     216C      142      1D2       0
                text34                             22AE     22AE      132      1D2       0
                text33                             166E     166E      2C4      1D2       0
                text32                             2998     2998       CE      1D2       0
                text31                             2010     2010      15C      1D2       0
                text30                             34C6     34C6       30      1D2       0
                text29                             27E6     27E6       E2      1D2       0
                text28                             1BCE     1BCE      27E      1D2       0
                text27                             31E0     31E0       50      1D2       0
                text26                             1E4C     1E4C      1C4      1D2       0
                text25                             25FC     25FC       FC      1D2       0
                text24                             2D6E     2D6E       88      1D2       0
                text23                             2CE0     2CE0       8E      1D2       0
                text22                             3456     3456       38      1D2       0
                text21                             32C4     32C4       48      1D2       0
                text20                             35B2     35B2       1C      1D2       0
                text19                             2F76     2F76       6E      1D2       0
                text18                             35CE     35CE       1A      1D2       0
                text17                             35E8     35E8       18      1D2       0
                text16                             3614     3614        E      1D2       0
                text15                             3600     3600       14      1D2       0
                text14                             3522     3522       26      1D2       0
                text13                             34F6     34F6       2C      1D2       0
                text12                             2EFE     2EFE       78      1D2       0
                text11                             318C     318C       54      1D2       0
                text10                             26F8     26F8       EE      1D2       0
                text9                              2B1E     2B1E       A2      1D2       0
                text8                              2C50     2C50       90      1D2       0
                text7                              2500     2500       FC      1D2       0
                text6                              1932     1932      29C      1D2       0
                text5                              2A66     2A66       B8      1D2       0
                text4                              3128     3128       64      1D2       0
                text3                              30BE     30BE       6A      1D2       0
                text2                              2BC0     2BC0       90      1D2       0
                text1                               3A4      3A4      6CE      1D2       0
                text0                               A72      A72      536      1D2       0
                cstackCOMRAM                          1        1       25        1       1
                cstackBANK0                          60       60       90       60       1
                cstackBANK1                         192      192       3A      100       1
                bssBANK1                            100      100       92      100       1
                dataBANK0                            FD       FD        2       60       1
                bssBANK0                             F0       F0        D       60       1
                bssCOMRAM                            26       26       17        1       1
                cinit                              330C     330C       46      1D2       0
                idataBANK0                         3652     3652        2      1D2       0

TOTAL           Name                               Link     Load   Length     Space
        CLASS   STACK          

        CLASS   CODE           
                end_init                             A8       A8        4         0
                intcodelo                            18       18       90         0
                intcode                               8        8       10         0
                reset_vec                             0        0        4         0
                text62                             341A     341A       3C         0
                text61                             364E     364E        4         0
                text60                             327A     327A       4A         0
                text59                             356C     356C       24         0
                text58                             362E     362E        C         0
                text57                             3398     3398       46         0
                text56                             364A     364A        4         0
                text55                             3646     3646        4         0
                text54                             2E7A     2E7A       84         0
                intcode_body                       3052     3052       6C         0
                text52                             33DE     33DE       3C         0
                text51                             3642     3642        4         0
                text50                             3230     3230       4A         0
                text49                             3548     3548       24         0
                text48                             3622     3622        C         0
                text47                             3352     3352       46         0
                text46                             363E     363E        4         0
                text45                             363A     363A        4         0
                text44                             2DF6     2DF6       84         0
                text42                             28C8     28C8       D0         0
                text41                             348E     348E       38         0
                text40                             1326     1326      348         0
                text39                              FA8      FA8      37E         0
                text38                             2FE4     2FE4       6E         0
                text37                             3590     3590       22         0
                text36                             23E0     23E0      120         0
                text35                             216C     216C      142         0
                text34                             22AE     22AE      132         0
                text33                             166E     166E      2C4         0
                text32                             2998     2998       CE         0
                text31                             2010     2010      15C         0
                text30                             34C6     34C6       30         0
                text29                             27E6     27E6       E2         0
                text28                             1BCE     1BCE      27E         0
                text27                             31E0     31E0       50         0
                text26                             1E4C     1E4C      1C4         0
                text25                             25FC     25FC       FC         0
                text24                             2D6E     2D6E       88         0
                text23                             2CE0     2CE0       8E         0
                text22                             3456     3456       38         0
                text21                             32C4     32C4       48         0
                text20                             35B2     35B2       1C         0
                text19                             2F76     2F76       6E         0
                text18                             35CE     35CE       1A         0
                text17                             35E8     35E8       18         0
                text16                             3614     3614        E         0
                text15                             3600     3600       14         0
                text14                             3522     3522       26         0
                text13                             34F6     34F6       2C         0
                text12                             2EFE     2EFE       78         0
                text11                             318C     318C       54         0
                text10                             26F8     26F8       EE         0
                text9                              2B1E     2B1E       A2         0
                text8                              2C50     2C50       90         0
                text7                              2500     2500       FC         0
                text6                              1932     1932      29C         0
                text5                              2A66     2A66       B8         0
                text4                              3128     3128       64         0
                text3                              30BE     30BE       6A         0
                text2                              2BC0     2BC0       90         0
                text1                               3A4      3A4      6CE         0
                text0                               A72      A72      536         0
                cinit                              330C     330C       46         0
                idataBANK0                         3652     3652        2         0

        CLASS   CONST          

        CLASS   SMALLCONST     
                smallconst                          300      300       A4         0

        CLASS   MEDIUMCONST    

        CLASS   COMRAM         
                cstackCOMRAM                          1        1       25         1
                bssCOMRAM                            26       26       17         1

        CLASS   ABS1           

        CLASS   BIGRAM         

        CLASS   RAM            

        CLASS   BANK0          
                cstackBANK0                          60       60       90         1
                dataBANK0                            FD       FD        2         1
                bssBANK0                             F0       F0        D         1

        CLASS   BANK1          
                cstackBANK1                         192      192       3A         1
                bssBANK1                            100      100       92         1

        CLASS   BANK2          

        CLASS   SFR            

        CLASS   FARRAM         

        CLASS   CONFIG         
                config                           300000   300000        E         0

        CLASS   IDLOC          
                idloc                            200000   200000        8         0

        CLASS   EEDATA         



SEGMENTS        Name                           Load    Length   Top    Selector   Space  Class

                reset_vec                      000000  000004  000004         0       0  CODE    
                cstackCOMRAM                   000001  00003C  00003D         1       1  COMRAM  
                intcode                        000008  000010  000018         4       0  CODE    
                intcodelo                      000018  000094  0000AC         C       0  CODE    
                cstackBANK0                    000060  00009F  0000FF        60       1  BANK0   
                bssBANK1                       000100  0000CC  0001CC       100       1  BANK1   
                smallconst                     000300  0000A4  0003A4       180       0  SMALLCON
                text1                          0003A4  0032B0  003654       1D2       0  CODE    
                idloc                          200000  000008  200008    200000       0  IDLOC   
                config                         300000  00000E  30000E    300000       0  CONFIG  


UNUSED ADDRESS RANGES

        Name                Unused          Largest block    Delta
        BANK0            0000FF-0000FF                1
        BANK1            0001CC-0001FF               34
        BANK2            000200-0002FF              100
        BIGRAM           00003D-00005F               23
                         0000FF-0000FF                1
                         0001CC-0002FF              134
        CODE             000004-000007                4
                         0000AC-0002FF              254
                         003654-003FFF              9AC
        COMRAM           00003D-00005F               23
        CONST            000004-000007                4
                         0000AC-0002FF              254
                         003654-003FFF              9AC
        EEDATA           F00000-F000FF              100
        MEDIUMCONST      003654-003FFF              9AC
        RAM              0000FF-0000FF                1
                         0001CC-0002FF               34
        SFR              000F60-000FFF               A0
        SMALLCONST       003654-003FFF              100
        STACK            0001CC-0002FF              134

                                  Symbol Table

?_IntToC                             cstackBANK0  00006E
?___altoft                           cstackBANK0  0000B0
?___awdiv                            cstackBANK0  000066
?___ftadd                            cstackBANK0  00007A
?___ftdiv                            cstackBANK0  000092
?___ftmul                            cstackBANK0  000068
?___ftneg                            cstackBANK0  000077
?___ftpack                           cstackBANK0  000060
?___ftsub                            cstackBANK0  0000C2
?___fttol                            cstackBANK0  0000A1
?___lwtoft                           cstackBANK0  000068
?___wmul                             cstackBANK0  000060
?_conversion_degre_radian            cstackBANK0  0000A1
?_cos                                cstackBANK0  0000D5
?_cotangeante                        cstackBANK0  0000E4
?_eval_poly                          cstackBANK0  000086
?_floor                              cstackBANK0  0000BA
?_get_distance                       cstackBANK0  0000DB
?_obtention_angle                    cstackBANK0  0000A1
?_saturation                         cstackBANK0  000083
?_sin                                cstackBANK0  0000C8
?_sqrt                               cstackBANK0  0000C8
?_tan                                cstackBANK0  0000DB
IntToC@i                             cstackBANK0  000072
IntToC@j                             cstackBANK0  00007C
IntToC@nb                            cstackBANK0  00006E
IntToC@out                           bssCOMRAM    000035
PutIntUART@nb                        cstackBANK0  0000B0
PutIntUART@type_uart                 cstackBANK0  0000B2
PutcUART@octet                       cstackBANK0  00006E
PutcUART@type_uart                   cstackBANK0  000075
PutsUART@chaine                      cstackBANK0  00007E
PutsUART@type_uart                   cstackBANK0  000082
_ANSEL0                              (abs)        000FB8
_BAUDCONbits                         (abs)        000FAA
_CAP1CONbits                         (abs)        000F63
_ConfigInterrupt                     text24       002D6E
_ConfigPorts                         text23       002CE0
_DFLTCONbits                         (abs)        000F60
_INTCON2bits                         (abs)        000FF1
_INTCON3bits                         (abs)        000FF0
_INTCONbits                          (abs)        000FF2
_IPR1bits                            (abs)        000F9F
_IPR2bits                            (abs)        000FA2
_IPR3bits                            (abs)        000FA5
_IntToC                              text40       001326
_LATA0                               (abs)        007C48
_LATA1                               (abs)        007C49
_LATA2                               (abs)        007C4A
_LATA3                               (abs)        007C4B
_LATA4                               (abs)        007C4C
_LATA5                               (abs)        007C4D
_LATA6                               (abs)        007C4E
_LATA7                               (abs)        007C4F
_LATB0                               (abs)        007C50
_LATB1                               (abs)        007C51
_LATB2                               (abs)        007C52
_LATB3                               (abs)        007C53
_LATB4                               (abs)        007C54
_LATB5                               (abs)        007C55
_LATB6                               (abs)        007C56
_LATB7                               (abs)        007C57
_LATC0                               (abs)        007C58
_LATC1                               (abs)        007C59
_LATC2                               (abs)        007C5A
_LATC3                               (abs)        007C5B
_LATC4                               (abs)        007C5C
_LATC5                               (abs)        007C5D
_LATC6                               (abs)        007C5E
_LATC7                               (abs)        007C5F
_LATCbits                            (abs)        000F8B
_LATD0                               (abs)        007C60
_LATD1                               (abs)        007C61
_LATD2                               (abs)        007C62
_LATD3                               (abs)        007C63
_LATD4                               (abs)        007C64
_LATD5                               (abs)        007C65
_LATD6                               (abs)        007C66
_LATD7                               (abs)        007C67
_LATE0                               (abs)        007C68
_LATE1                               (abs)        007C69
_LATE2                               (abs)        007C6A
_MAXCNTH                             (abs)        000F65
_MAXCNTL                             (abs)        000F64
_OVERFLOW_CODEUR                     bssCOMRAM    000026
_PDC0H                               (abs)        000F78
_PDC0L                               (abs)        000F79
_PDC1H                               (abs)        000F76
_PDC1L                               (abs)        000F77
_PDC2H                               (abs)        000F74
_PDC2L                               (abs)        000F75
_PDC3H                               (abs)        000F72
_PDC3L                               (abs)        000F73
_PIE1bits                            (abs)        000F9D
_PIE2bits                            (abs)        000FA0
_PIE3bits                            (abs)        000FA3
_PIR1bits                            (abs)        000F9E
_PIR2bits                            (abs)        000FA1
_PIR3bits                            (abs)        000FA4
_PORTBbits                           (abs)        000F81
_PORTCbits                           (abs)        000F82
_PORTDbits                           (abs)        000F83
_POSCNTH                             (abs)        000F67
_POSCNTL                             (abs)        000F66
_PTCON0bits                          (abs)        000F7F
_PTCON1bits                          (abs)        000F7E
_PTPERH                              (abs)        000F7A
_PTPERL                              (abs)        000F7B
_PWMCON0bits                         (abs)        000F6F
_PWMCON1bits                         (abs)        000F6E
_PutIntUART                          text37       003590
_PutcUART                            text39       000FA8
_PutsUART                            text38       002FE4
_QEICONbits                          (abs)        000FB6
_RCONbits                            (abs)        000FD0
_RCREG                               (abs)        000FAE
_RCSTAbits                           (abs)        000FAB
_SPBRG                               (abs)        000FAF
_T0CONbits                           (abs)        000FD5
_T1CONbits                           (abs)        000FCD
_TMR0                                (abs)        000FD6
_TMR0ON                              (abs)        007EAF
_TMR1                                (abs)        000FCE
_TMR1ON                              (abs)        007E68
_TRISAbits                           (abs)        000F92
_TRISBbits                           (abs)        000F93
_TRISCbits                           (abs)        000F94
_TRISDbits                           (abs)        000F95
_TRISEbits                           (abs)        000F96
_TXREG                               (abs)        000FAD
_TXSTAbits                           (abs)        000FAC
__CFG_BOREN$OFF                      (abs)        000000
__CFG_CP0$OFF                        (abs)        000000
__CFG_CP1$OFF                        (abs)        000000
__CFG_CP2$OFF                        (abs)        000000
__CFG_CP3$OFF                        (abs)        000000
__CFG_CPB$OFF                        (abs)        000000
__CFG_CPD$OFF                        (abs)        000000
__CFG_EBTR0$OFF                      (abs)        000000
__CFG_EBTR1$OFF                      (abs)        000000
__CFG_EBTR2$OFF                      (abs)        000000
__CFG_EBTR3$OFF                      (abs)        000000
__CFG_EBTRB$OFF                      (abs)        000000
__CFG_EXCLKMX$RC3                    (abs)        000000
__CFG_FCMEN$OFF                      (abs)        000000
__CFG_FLTAMX$RC1                     (abs)        000000
__CFG_HPOL$HIGH                      (abs)        000000
__CFG_IESO$OFF                       (abs)        000000
__CFG_LPOL$HIGH                      (abs)        000000
__CFG_LVP$OFF                        (abs)        000000
__CFG_MCLRE$ON                       (abs)        000000
__CFG_OSC$HSPLL                      (abs)        000000
__CFG_PWM4MX$RB5                     (abs)        000000
__CFG_PWMPIN$OFF                     (abs)        000000
__CFG_PWRTEN$OFF                     (abs)        000000
__CFG_SSPMX$RC7                      (abs)        000000
__CFG_STVREN$OFF                     (abs)        000000
__CFG_T1OSCMX$OFF                    (abs)        000000
__CFG_WDPS$32768                     (abs)        000000
__CFG_WDTEN$OFF                      (abs)        000000
__CFG_WINEN$OFF                      (abs)        000000
__CFG_WRT0$OFF                       (abs)        000000
__CFG_WRT1$OFF                       (abs)        000000
__CFG_WRT2$OFF                       (abs)        000000
__CFG_WRT3$OFF                       (abs)        000000
__CFG_WRTB$OFF                       (abs)        000000
__CFG_WRTC$OFF                       (abs)        000000
__CFG_WRTD$OFF                       (abs)        000000
__HRAM                               (abs)        000000
__Habs1                              abs1         000000
__Hbank0                             bank0        000000
__Hbank1                             bank1        000000
__Hbank2                             bank2        000000
__Hbigbss                            bigbss       000000
__Hbigdata                           bigdata      000000
__Hbigram                            bigram       000000
__Hbss                               bss          000000
__HbssBANK0                          bssBANK0     000000
__HbssBANK1                          bssBANK1     000000
__HbssCOMRAM                         bssCOMRAM    000000
__Hcinit                             cinit        000000
__Hclrtext                           clrtext      000000
__Hcomram                            comram       000000
__Hconfig                            config       30000E
__Hconst                             const        000000
__HcstackBANK0                       cstackBANK0  000000
__HcstackBANK1                       cstackBANK1  000000
__HcstackCOMRAM                      cstackCOMRAM 000000
__Hdata                              data         000000
__HdataBANK0                         dataBANK0    000000
__Heeprom_data                       eeprom_data  000000
__Hend_init                          end_init     0000AC
__Hfarbss                            farbss       000000
__Hfardata                           fardata      000000
__Hibigdata                          ibigdata     000000
__Hidata                             idata        000000
__HidataBANK0                        idataBANK0   000000
__Hidloc                             idloc        200008
__Hifardata                          ifardata     000000
__Hinit                              init         0000A8
__Hintcode                           intcode      000018
__Hintcode_body                      intcode_body 000000
__Hintcodelo                         intcodelo    0000A8
__Hintentry                          intentry     000000
__Hintret                            intret       000000
__Hintsave_regs                      intsave_regs 000000
__Hirdata                            irdata       000000
__Hmediumconst                       mediumconst  000000
__HnvFARRAM                          nvFARRAM     000000
__Hnvbit                             nvbit        000000
__Hnvrram                            nvrram       000000
__Hparam                             rparam       000000
__Hpowerup                           powerup      0000A8
__Hram                               ram          000000
__Hramtop                            ramtop       000300
__Hrbit                              rbit         000000
__Hrbss                              rbss         000000
__Hrdata                             rdata        000000
__Hreset_vec                         reset_vec    000004
__Hrparam                            rparam       000000
__Hsfr                               sfr          000000
__Hsmallconst                        smallconst   0003A4
__Hspace_0                           (abs)        30000E
__Hspace_1                           (abs)        0001CC
__Hspace_2                           (abs)        000000
__Hstack                             stack        000000
__Hstruct                            struct       000000
__Htemp                              temp         000000
__Htext                              text         000000
__Htext0                             text0        000000
__Htext1                             text1        000000
__Htext10                            text10       000000
__Htext11                            text11       000000
__Htext12                            text12       000000
__Htext13                            text13       000000
__Htext14                            text14       000000
__Htext15                            text15       000000
__Htext16                            text16       000000
__Htext17                            text17       000000
__Htext18                            text18       000000
__Htext19                            text19       000000
__Htext2                             text2        000000
__Htext20                            text20       000000
__Htext21                            text21       000000
__Htext22                            text22       000000
__Htext23                            text23       000000
__Htext24                            text24       000000
__Htext25                            text25       000000
__Htext26                            text26       000000
__Htext27                            text27       000000
__Htext28                            text28       000000
__Htext29                            text29       000000
__Htext3                             text3        000000
__Htext30                            text30       000000
__Htext31                            text31       000000
__Htext32                            text32       000000
__Htext33                            text33       000000
__Htext34                            text34       000000
__Htext35                            text35       000000
__Htext36                            text36       000000
__Htext37                            text37       000000
__Htext38                            text38       000000
__Htext39                            text39       000000
__Htext4                             text4        000000
__Htext40                            text40       000000
__Htext41                            text41       000000
__Htext42                            text42       000000
__Htext44                            text44       000000
__Htext45                            text45       000000
__Htext46                            text46       000000
__Htext47                            text47       000000
__Htext48                            text48       000000
__Htext49                            text49       000000
__Htext5                             text5        000000
__Htext50                            text50       000000
__Htext51                            text51       000000
__Htext52                            text52       000000
__Htext54                            text54       000000
__Htext55                            text55       000000
__Htext56                            text56       000000
__Htext57                            text57       000000
__Htext58                            text58       000000
__Htext59                            text59       000000
__Htext6                             text6        000000
__Htext60                            text60       000000
__Htext61                            text61       000000
__Htext62                            text62       000000
__Htext7                             text7        000000
__Htext8                             text8        000000
__Htext9                             text9        000000
__LRAM                               (abs)        000001
__Labs1                              abs1         000000
__Lbank0                             bank0        000000
__Lbank1                             bank1        000000
__Lbank2                             bank2        000000
__Lbigbss                            bigbss       000000
__Lbigdata                           bigdata      000000
__Lbigram                            bigram       000000
__Lbss                               bss          000000
__LbssBANK0                          bssBANK0     000000
__LbssBANK1                          bssBANK1     000000
__LbssCOMRAM                         bssCOMRAM    000000
__Lcinit                             cinit        000000
__Lclrtext                           clrtext      000000
__Lcomram                            comram       000000
__Lconfig                            config       300000
__Lconst                             const        000000
__LcstackBANK0                       cstackBANK0  000000
__LcstackBANK1                       cstackBANK1  000000
__LcstackCOMRAM                      cstackCOMRAM 000000
__Ldata                              data         000000
__LdataBANK0                         dataBANK0    000000
__Leeprom_data                       eeprom_data  000000
__Lend_init                          end_init     0000A8
__Lfarbss                            farbss       000000
__Lfardata                           fardata      000000
__Libigdata                          ibigdata     000000
__Lidata                             idata        000000
__LidataBANK0                        idataBANK0   000000
__Lidloc                             idloc        200000
__Lifardata                          ifardata     000000
__Linit                              init         0000A8
__Lintcode                           intcode      000008
__Lintcode_body                      intcode_body 000000
__Lintcodelo                         intcodelo    000018
__Lintentry                          intentry     000000
__Lintret                            intret       000000
__Lintsave_regs                      intsave_regs 000000
__Lirdata                            irdata       000000
__Lmediumconst                       mediumconst  000000
__LnvFARRAM                          nvFARRAM     000000
__Lnvbit                             nvbit        000000
__Lnvrram                            nvrram       000000
__Lparam                             rparam       000000
__Lpowerup                           powerup      0000A8
__Lram                               ram          000000
__Lramtop                            ramtop       000300
__Lrbit                              rbit         000000
__Lrbss                              rbss         000000
__Lrdata                             rdata        000000
__Lreset_vec                         reset_vec    000000
__Lrparam                            rparam       000000
__Lsfr                               sfr          000000
__Lsmallconst                        smallconst   000300
__Lspace_0                           (abs)        000000
__Lspace_1                           (abs)        000000
__Lspace_2                           (abs)        000000
__Lstack                             stack        000000
__Lstruct                            struct       000000
__Ltemp                              temp         000000
__Ltext                              text         000000
__Ltext0                             text0        000000
__Ltext1                             text1        000000
__Ltext10                            text10       000000
__Ltext11                            text11       000000
__Ltext12                            text12       000000
__Ltext13                            text13       000000
__Ltext14                            text14       000000
__Ltext15                            text15       000000
__Ltext16                            text16       000000
__Ltext17                            text17       000000
__Ltext18                            text18       000000
__Ltext19                            text19       000000
__Ltext2                             text2        000000
__Ltext20                            text20       000000
__Ltext21                            text21       000000
__Ltext22                            text22       000000
__Ltext23                            text23       000000
__Ltext24                            text24       000000
__Ltext25                            text25       000000
__Ltext26                            text26       000000
__Ltext27                            text27       000000
__Ltext28                            text28       000000
__Ltext29                            text29       000000
__Ltext3                             text3        000000
__Ltext30                            text30       000000
__Ltext31                            text31       000000
__Ltext32                            text32       000000
__Ltext33                            text33       000000
__Ltext34                            text34       000000
__Ltext35                            text35       000000
__Ltext36                            text36       000000
__Ltext37                            text37       000000
__Ltext38                            text38       000000
__Ltext39                            text39       000000
__Ltext4                             text4        000000
__Ltext40                            text40       000000
__Ltext41                            text41       000000
__Ltext42                            text42       000000
__Ltext44                            text44       000000
__Ltext45                            text45       000000
__Ltext46                            text46       000000
__Ltext47                            text47       000000
__Ltext48                            text48       000000
__Ltext49                            text49       000000
__Ltext5                             text5        000000
__Ltext50                            text50       000000
__Ltext51                            text51       000000
__Ltext52                            text52       000000
__Ltext54                            text54       000000
__Ltext55                            text55       000000
__Ltext56                            text56       000000
__Ltext57                            text57       000000
__Ltext58                            text58       000000
__Ltext59                            text59       000000
__Ltext6                             text6        000000
__Ltext60                            text60       000000
__Ltext61                            text61       000000
__Ltext62                            text62       000000
__Ltext7                             text7        000000
__Ltext8                             text8        000000
__Ltext9                             text9        000000
__S0                                 (abs)        30000E
__S1                                 (abs)        0001CC
__S2                                 (abs)        000000
___altoft                            text9        002B1E
___altoft@c                          cstackBANK0  0000B0
___altoft@exp                        cstackBANK0  0000B8
___altoft@sign                       cstackBANK0  0000B9
___awdiv                             text42       0028C8
___awdiv@counter                     cstackBANK0  00006A
___awdiv@dividend                    cstackBANK0  000066
___awdiv@divisor                     cstackBANK0  000068
___awdiv@quotient                    cstackBANK0  00006C
___awdiv@sign                        cstackBANK0  00006B
___ftadd                             text28       001BCE
___ftadd@exp1                        cstackBANK0  000085
___ftadd@exp2                        cstackBANK0  000084
___ftadd@f1                          cstackBANK0  00007A
___ftadd@f2                          cstackBANK0  00007D
___ftadd@sign                        cstackBANK0  000083
___ftdiv                             text35       00216C
___ftdiv@cntr                        cstackBANK0  00009B
___ftdiv@exp                         cstackBANK0  00009F
___ftdiv@f1                          cstackBANK0  000092
___ftdiv@f2                          cstackBANK0  000095
___ftdiv@f3                          cstackBANK0  00009C
___ftdiv@sign                        cstackBANK0  0000A0
___ftge                              text32       002998
___ftge@ff1                          cstackBANK0  00007A
___ftge@ff2                          cstackBANK0  00007D
___ftmul                             text31       002010
___ftmul@cntr                        cstackBANK0  000075
___ftmul@exp                         cstackBANK0  000071
___ftmul@f1                          cstackBANK0  000068
___ftmul@f2                          cstackBANK0  00006B
___ftmul@f3_as_product               cstackBANK0  000072
___ftmul@sign                        cstackBANK0  000076
___ftneg                             text30       0034C6
___ftneg@f1                          cstackBANK0  000077
___ftpack                            text36       0023E0
___ftpack@arg                        cstackBANK0  000060
___ftpack@exp                        cstackBANK0  000063
___ftpack@sign                       cstackBANK0  000064
___ftsub                             text27       0031E0
___ftsub@f1                          cstackBANK0  0000C2
___ftsub@f2                          cstackBANK0  0000C5
___fttol                             text34       0022AE
___fttol@exp1                        cstackBANK0  0000AF
___fttol@f1                          cstackBANK0  0000A1
___fttol@lval                        cstackBANK0  0000AB
___fttol@sign1                       cstackBANK0  0000AA
___inthi_sp                          stack        000000
___intlo_sp                          stack        000000
___lwtoft                            text13       0034F6
___lwtoft@c                          cstackBANK0  000068
___param_bank                        (abs)        000010
___rparam_used                       (abs)        000001
___sp                                stack        000000
___wmul                              text41       00348E
___wmul@multiplicand                 cstackBANK0  000062
___wmul@multiplier                   cstackBANK0  000060
___wmul@product                      cstackBANK0  000064
__accesstop                          (abs)        000060
__activetblptr                       (abs)        000002
__end_of_ConfigInterrupt             text24       002DF6
__end_of_ConfigPorts                 text23       002D6E
__end_of_IntToC                      text40       00166E
__end_of_PutIntUART                  text37       0035B2
__end_of_PutcUART                    text39       001326
__end_of_PutsUART                    text38       003052
__end_of___altoft                    text9        002BC0
__end_of___awdiv                     text42       002998
__end_of___ftadd                     text28       001E4C
__end_of___ftdiv                     text35       0022AE
__end_of___ftge                      text32       002A66
__end_of___ftmul                     text31       00216C
__end_of___ftneg                     text30       0034F6
__end_of___ftpack                    text36       002500
__end_of___ftsub                     text27       003230
__end_of___fttol                     text34       0023E0
__end_of___lwtoft                    text13       003522
__end_of___wmul                      text41       0034C6
__end_of__initialization             cinit        003348
__end_of_affichage_position          text33       001932
__end_of_config_QEI                  text22       00348E
__end_of_config_pwm                  text21       00330C
__end_of_config_uart                 text20       0035CE
__end_of_conversion_degre_radian     text11       0031E0
__end_of_cos                         text5        002B1E
__end_of_cotangeante                 text3        003128
__end_of_envoit_pwm                  text29       0028C8
__end_of_eval_poly                   text10       0027E6
__end_of_floor                       text7        0025FC
__end_of_frexp                       text8        002CE0
__end_of_get_distance                text25       0026F8
__end_of_high_isr                    intcode_body 0030BE
__end_of_init_capteur                text19       002FE4
__end_of_init_system                 text14       003548
__end_of_init_timer_0                text18       0035E8
__end_of_init_timer_1                text17       003600
__end_of_init_uart_logiciel          text16       003622
__end_of_init_uart_reception         text15       003614
__end_of_interrupt_RX                text52       00341A
__end_of_interrupt_TX                text51       003646
__end_of_interruption_INT0           text50       00327A
__end_of_interruption_QEI            text49       00356C
__end_of_interruption_timer0         text48       00362E
__end_of_interruption_timer1         text47       003398
__end_of_interruption_timer2         text46       003642
__end_of_interuption_QEI_sens        text45       00363E
__end_of_low_isr                     intcodelo    0000A8
__end_of_main                        text0        000FA8
__end_of_obtention_angle             text12       002F76
__end_of_saturation                  text2        002C50
__end_of_sin                         text6        001BCE
__end_of_sqrt                        text26       002010
__end_of_subroutine_interruptions    text44       002E7A
__end_of_tan                         text4        00318C
__end_of_triangulation               text1        000A72
__end_ofi2_interrupt_RX              text62       003456
__end_ofi2_interrupt_TX              text61       003652
__end_ofi2_interruption_INT0         text60       0032C4
__end_ofi2_interruption_QEI          text59       003590
__end_ofi2_interruption_timer0       text58       00363A
__end_ofi2_interruption_timer1       text57       0033DE
__end_ofi2_interruption_timer2       text56       00364E
__end_ofi2_interuption_QEI_sens      text55       00364A
__end_ofi2_subroutine_interruptions  text54       002EFE
__end_ofsin@coeff_a                  smallconst   000310
__end_ofsin@coeff_b                  smallconst   00031C
__initialization                     cinit        00330C
__mediumconst                        mediumconst  000000
__pbssBANK0                          bssBANK0     0000F0
__pbssBANK1                          bssBANK1     000100
__pbssCOMRAM                         bssCOMRAM    000026
__pcinit                             cinit        00330C
__pcstackBANK0                       cstackBANK0  000060
__pcstackBANK1                       cstackBANK1  000192
__pcstackCOMRAM                      cstackCOMRAM 000001
__pdataBANK0                         dataBANK0    0000FD
__pidataBANK0                        idataBANK0   003652
__pintcode                           intcode      000008
__pintcode_body                      intcode_body 003052
__pintcodelo                         intcodelo    000018
__psmallconst                        smallconst   000300
__ptext0                             text0        000A72
__ptext1                             text1        0003A4
__ptext10                            text10       0026F8
__ptext11                            text11       00318C
__ptext12                            text12       002EFE
__ptext13                            text13       0034F6
__ptext14                            text14       003522
__ptext15                            text15       003600
__ptext16                            text16       003614
__ptext17                            text17       0035E8
__ptext18                            text18       0035CE
__ptext19                            text19       002F76
__ptext2                             text2        002BC0
__ptext20                            text20       0035B2
__ptext21                            text21       0032C4
__ptext22                            text22       003456
__ptext23                            text23       002CE0
__ptext24                            text24       002D6E
__ptext25                            text25       0025FC
__ptext26                            text26       001E4C
__ptext27                            text27       0031E0
__ptext28                            text28       001BCE
__ptext29                            text29       0027E6
__ptext3                             text3        0030BE
__ptext30                            text30       0034C6
__ptext31                            text31       002010
__ptext32                            text32       002998
__ptext33                            text33       00166E
__ptext34                            text34       0022AE
__ptext35                            text35       00216C
__ptext36                            text36       0023E0
__ptext37                            text37       003590
__ptext38                            text38       002FE4
__ptext39                            text39       000FA8
__ptext4                             text4        003128
__ptext40                            text40       001326
__ptext41                            text41       00348E
__ptext42                            text42       0028C8
__ptext44                            text44       002DF6
__ptext45                            text45       00363A
__ptext46                            text46       00363E
__ptext47                            text47       003352
__ptext48                            text48       003622
__ptext49                            text49       003548
__ptext5                             text5        002A66
__ptext50                            text50       003230
__ptext51                            text51       003642
__ptext52                            text52       0033DE
__ptext54                            text54       002E7A
__ptext55                            text55       003646
__ptext56                            text56       00364A
__ptext57                            text57       003398
__ptext58                            text58       00362E
__ptext59                            text59       00356C
__ptext6                             text6        001932
__ptext60                            text60       00327A
__ptext61                            text61       00364E
__ptext62                            text62       00341A
__ptext7                             text7        002500
__ptext8                             text8        002C50
__ptext9                             text9        002B1E
__ramtop                             ramtop       000300
__size_of_ConfigInterrupt            (abs)        000000
__size_of_ConfigPorts                (abs)        000000
__size_of_IntToC                     (abs)        000000
__size_of_PutIntUART                 (abs)        000000
__size_of_PutcUART                   (abs)        000000
__size_of_PutsUART                   (abs)        000000
__size_of___altoft                   (abs)        000000
__size_of___awdiv                    (abs)        000000
__size_of___ftadd                    (abs)        000000
__size_of___ftdiv                    (abs)        000000
__size_of___ftge                     (abs)        000000
__size_of___ftmul                    (abs)        000000
__size_of___ftneg                    (abs)        000000
__size_of___ftpack                   (abs)        000000
__size_of___ftsub                    (abs)        000000
__size_of___fttol                    (abs)        000000
__size_of___lwtoft                   (abs)        000000
__size_of___wmul                     (abs)        000000
__size_of_affichage_position         (abs)        000000
__size_of_config_QEI                 (abs)        000000
__size_of_config_pwm                 (abs)        000000
__size_of_config_uart                (abs)        000000
__size_of_conversion_degre_radian    (abs)        000000
__size_of_cos                        (abs)        000000
__size_of_cotangeante                (abs)        000000
__size_of_envoit_pwm                 (abs)        000000
__size_of_eval_poly                  (abs)        000000
__size_of_floor                      (abs)        000000
__size_of_frexp                      (abs)        000000
__size_of_get_distance               (abs)        000000
__size_of_high_isr                   (abs)        000000
__size_of_init_capteur               (abs)        000000
__size_of_init_system                (abs)        000000
__size_of_init_timer_0               (abs)        000000
__size_of_init_timer_1               (abs)        000000
__size_of_init_uart_logiciel         (abs)        000000
__size_of_init_uart_reception        (abs)        000000
__size_of_interrupt_RX               (abs)        000000
__size_of_interrupt_TX               (abs)        000000
__size_of_interruption_INT0          (abs)        000000
__size_of_interruption_QEI           (abs)        000000
__size_of_interruption_timer0        (abs)        000000
__size_of_interruption_timer1        (abs)        000000
__size_of_interruption_timer2        (abs)        000000
__size_of_interuption_QEI_sens       (abs)        000000
__size_of_low_isr                    (abs)        000000
__size_of_main                       (abs)        000000
__size_of_obtention_angle            (abs)        000000
__size_of_saturation                 (abs)        000000
__size_of_sin                        (abs)        000000
__size_of_sqrt                       (abs)        000000
__size_of_subroutine_interruptions   (abs)        000000
__size_of_tan                        (abs)        000000
__size_of_triangulation              (abs)        000000
__size_ofi2_interrupt_RX             (abs)        000000
__size_ofi2_interrupt_TX             (abs)        000000
__size_ofi2_interruption_INT0        (abs)        000000
__size_ofi2_interruption_QEI         (abs)        000000
__size_ofi2_interruption_timer0      (abs)        000000
__size_ofi2_interruption_timer1      (abs)        000000
__size_ofi2_interruption_timer2      (abs)        000000
__size_ofi2_interuption_QEI_sens     (abs)        000000
__size_ofi2_subroutine_interruptions (abs)        000000
__smallconst                         smallconst   000300
_affichage_position                  text33       00166E
_capteur                             bssBANK1     000167
_config_QEI                          text22       003456
_config_pwm                          text21       0032C4
_config_uart                         text20       0035B2
_conversion_degre_radian             text11       00318C
_cos                                 text5        002A66
_cos$3144                            cstackBANK0  0000D8
_cotangeante                         text3        0030BE
_cotangeante$3140                    cstackBANK0  0000E7
_envoit_pwm                          text29       0027E6
_errno                               bssBANK0     0000F9
_eval_poly                           text10       0026F8
_flag_cpateur                        bssCOMRAM    000027
_floor                               text7        002500
_frexp                               text8        002C50
_get_distance                        text25       0025FC
_get_distance$3141                   cstackBANK1  000195
_high_isr                            intcode      000008
_init_capteur                        text19       002F76
_init_system                         text14       003522
_init_timer_0                        text18       0035CE
_init_timer_1                        text17       0035E8
_init_uart_logiciel                  text16       003614
_init_uart_reception                 text15       003600
_interrupt_RX                        text52       0033DE
_interrupt_TX                        text51       003642
_interruption_INT0                   text50       003230
_interruption_QEI                    text49       003548
_interruption_timer0                 text48       003622
_interruption_timer1                 text47       003352
_interruption_timer2                 text46       00363E
_interuption_QEI_sens                text45       00363A
_low_isr                             intcodelo    000018
_main                                text0        000A72
_obtention_angle                     text12       002EFE
_saturation                          text2        002BC0
_sin                                 text6        001932
_sin$3145                            cstackBANK0  0000CE
_sqrt                                text26       001E4C
_subroutine_interruptions            text44       002DF6
_tan                                 text4        003128
_tan$3142                            cstackBANK0  0000DE
_tan$3143                            cstackBANK0  0000E1
_triangulation                       text1        0003A4
_triangulation$3136                  cstackBANK1  0001A3
_triangulation$3137                  cstackBANK1  0001A6
_triangulation$3138                  cstackBANK1  00019D
_triangulation$3139                  cstackBANK1  0001A0
_uart_logiciel                       bssCOMRAM    000028
_uart_reception                      bssBANK1     000100
affichage_position@_x                cstackBANK0  0000B3
affichage_position@_y                cstackBANK0  0000B5
affichage_position@compteur          bssBANK0     0000FB
affichage_position@i                 cstackBANK0  0000B9
affichage_position@j                 cstackBANK0  0000B7
conversion_degre_radian@angle        cstackBANK0  0000A1
cos@f                                cstackBANK0  0000D5
cotangeante@angle                    cstackBANK0  0000E4
end_of_initialization                cinit        003348
envoit_pwm@abs_valeur                cstackBANK0  0000B3
envoit_pwm@valeur                    cstackBANK0  0000B0
eval_poly@d                          cstackBANK0  000089
eval_poly@n                          cstackBANK0  00008B
eval_poly@res                        cstackBANK0  00008F
eval_poly@x                          cstackBANK0  000086
floor@expon                          cstackBANK0  0000C0
floor@i                              cstackBANK0  0000BD
floor@x                              cstackBANK0  0000BA
frexp@eptr                           cstackBANK0  000063
frexp@value                          cstackBANK0  000060
get_distance@actu                    cstackBANK0  0000E1
get_distance@ancien                  cstackBANK0  0000DB
get_distance@delta_x                 cstackBANK1  000198
get_distance@delta_y                 cstackBANK1  00019B
get_distance@distance                cstackBANK1  000192
i2_interrupt_RX                      text62       00341A
i2_interrupt_TX                      text61       00364E
i2_interruption_INT0                 text60       00327A
i2_interruption_QEI                  text59       00356C
i2_interruption_timer0               text58       00362E
i2_interruption_timer1               text57       003398
i2_interruption_timer2               text56       00364A
i2_interuption_QEI_sens              text55       003646
i2_subroutine_interruptions          text54       002E7A
i2interrupt_RX@temp                  cstackCOMRAM 000015
i2subroutine_interruptions@priorite  cstackCOMRAM 000017
int_func                             intcode_body 003052
interrupt_RX@temp                    cstackCOMRAM 000001
intlevel0                            text         000000
intlevel1                            text         000000
intlevel2                            text         000000
intlevel3                            text         000000
main@c                               bssBANK1     000180
main@distance                        bssBANK0     0000F0
main@i                               cstackBANK1  0001CA
main@led                             dataBANK0    0000FD
main@premiere_fois                   dataBANK0    0000FE
obtention_angle@angle                cstackBANK0  0000A4
obtention_angle@position             cstackBANK0  0000A1
saturation@maximum                   cstackBANK0  000086
saturation@valeur                    cstackBANK0  000083
sin@coeff_a                          smallconst   000301
sin@coeff_b                          smallconst   000310
sin@f                                cstackBANK0  0000C8
sin@sgn                              cstackBANK0  0000D4
sin@x2                               cstackBANK0  0000D1
sin@y                                cstackBANK0  0000CB
sqrt@i                               cstackBANK0  0000D4
sqrt@og                              cstackBANK0  0000CE
sqrt@q                               cstackBANK0  0000D5
sqrt@x                               cstackBANK0  0000D8
sqrt@y                               cstackBANK0  0000C8
sqrt@z                               cstackBANK0  0000D1
stackhi                              (abs)        0002FF
stacklo                              (abs)        0001CC
start                                init         0000A8
start_initialization                 cinit        00330C
subroutine_interruptions@priorite    cstackCOMRAM 000003
tan@x                                cstackBANK0  0000DB
triangulation@angle1                 cstackBANK1  000194
triangulation@angle2                 cstackBANK1  000197
triangulation@angle3                 cstackBANK1  00019A
triangulation@c                      cstackBANK1  000192
triangulation@t                      cstackBANK1  0001A9


FUNCTION INFORMATION:

 *************** function _main *****************
 Defined at:
		line 83 in file "main.c"
 Parameters:    Size  Location     Type
  argc            2  138[BANK0 ] int 
  argv            3  140[BANK0 ] PTR PTR unsigned char 
 Auto vars:     Size  Location     Type
  i               2   56[BANK1 ] int 
 Return value:  Size  Location     Type
                  2  138[BANK0 ] int 
 Registers used:
		wreg, fsr0l, fsr0h, fsr1l, fsr1h, fsr2l, fsr2h, status,2, status,0, tblptrl, tblptrh, tblptru, prodl, prodh, cstack
 Tracked objects:
		On entry : 
		On exit  : 
		Unchanged: 
 Data sizes:     COMRAM   BANK0   BANK1   BANK2
      Params:         0       5       0       0
      Locals:         0       0       2       0
      Temps:          0       1       0       0
      Totals:         0       6       2       0
Total ram usage:        8 bytes
 Hardware stack levels required when called:   14
 This function calls:
		_PutIntUART
		_PutsUART
		___ftge
		___wmul
		_affichage_position
		_envoit_pwm
		_get_distance
		_init_system
		_obtention_angle
		_triangulation
 This function is called by:
		Startup code after reset
 This function uses a non-reentrant model


 *************** function _triangulation *****************
 Defined at:
		line 24 in file "triangulation.c"
 Parameters:    Size  Location     Type
  c               2    0[BANK1 ] PTR struct .
		 -> main@c(18), 
  angle1          3    2[BANK1 ] PTR struct .
  angle2          3    5[BANK1 ] PTR struct .
  angle3          3    8[BANK1 ] PTR struct .
 Auto vars:     Size  Location     Type
  t              33   23[BANK1 ] struct .
 Return value:  Size  Location     Type
		None               void
 Registers used:
		wreg, fsr2l, fsr2h, status,2, status,0, tblptrl, tblptrh, tblptru, prodl, prodh, cstack
 Tracked objects:
		On entry : 
		On exit  : 
		Unchanged: 
 Data sizes:     COMRAM   BANK0   BANK1   BANK2
      Params:         0       0      11       0
      Locals:         0       0      45       0
      Temps:          0       0       0       0
      Totals:         0       0      56       0
Total ram usage:       56 bytes
 Hardware stack levels used:    1
 Hardware stack levels required when called:   13
 This function calls:
		___ftadd
		___ftdiv
		___ftmul
		___ftneg
		_cotangeante
		_saturation
 This function is called by:
		_main
 This function uses a non-reentrant model


 *************** function _saturation *****************
 Defined at:
		line 67 in file "triangulation.c"
 Parameters:    Size  Location     Type
  valeur          3   35[BANK0 ] struct .
  maximum         3   38[BANK0 ] struct .
 Auto vars:     Size  Location     Type
		None
 Return value:  Size  Location     Type
                  3   35[BANK0 ] struct .
 Registers used:
		wreg, status,2, status,0, cstack
 Tracked objects:
		On entry : 
		On exit  : 
		Unchanged: 
 Data sizes:     COMRAM   BANK0   BANK1   BANK2
      Params:         0       6       0       0
      Locals:         0       0       0       0
      Temps:          0       0       0       0
      Totals:         0       6       0       0
Total ram usage:        6 bytes
 Hardware stack levels used:    1
 Hardware stack levels required when called:    7
 This function calls:
		___ftge
		___ftneg
 This function is called by:
		_triangulation
 This function uses a non-reentrant model


 *************** function _cotangeante *****************
 Defined at:
		line 60 in file "triangulation.c"
 Parameters:    Size  Location     Type
  angle           3  132[BANK0 ] struct .
 Auto vars:     Size  Location     Type
		None
 Return value:  Size  Location     Type
                  3  132[BANK0 ] struct .
 Registers used:
		wreg, fsr2l, fsr2h, status,2, status,0, tblptrl, tblptrh, tblptru, prodl, prodh, cstack
 Tracked objects:
		On entry : 
		On exit  : 
		Unchanged: 
 Data sizes:     COMRAM   BANK0   BANK1   BANK2
      Params:         0       3       0       0
      Locals:         0       3       0       0
      Temps:          0       0       0       0
      Totals:         0       6       0       0
Total ram usage:        6 bytes
 Hardware stack levels used:    1
 Hardware stack levels required when called:   12
 This function calls:
		___ftdiv
		_conversion_degre_radian
		_tan
 This function is called by:
		_triangulation
 This function uses a non-reentrant model


 *************** function _tan *****************
 Defined at:
		line 9 in file "C:\Program Files (x86)\Microchip\xc8\v1.34\sources\common\tan.c"
 Parameters:    Size  Location     Type
  x               3  123[BANK0 ] struct .
 Auto vars:     Size  Location     Type
		None
 Return value:  Size  Location     Type
                  3  123[BANK0 ] struct .
 Registers used:
		wreg, fsr2l, fsr2h, status,2, status,0, tblptrl, tblptrh, tblptru, prodl, prodh, cstack
 Tracked objects:
		On entry : 
		On exit  : 
		Unchanged: 
 Data sizes:     COMRAM   BANK0   BANK1   BANK2
      Params:         0       3       0       0
      Locals:         0       6       0       0
      Temps:          0       0       0       0
      Totals:         0       9       0       0
Total ram usage:        9 bytes
 Hardware stack levels used:    1
 Hardware stack levels required when called:   11
 This function calls:
		___ftdiv
		_cos
		_sin
 This function is called by:
		_cotangeante
 This function uses a non-reentrant model


 *************** function _cos *****************
 Defined at:
		line 13 in file "C:\Program Files (x86)\Microchip\xc8\v1.34\sources\common\cos.c"
 Parameters:    Size  Location     Type
  f               3  117[BANK0 ] struct .
 Auto vars:     Size  Location     Type
		None
 Return value:  Size  Location     Type
                  3  117[BANK0 ] struct .
 Registers used:
		wreg, fsr2l, fsr2h, status,2, status,0, tblptrl, tblptrh, tblptru, prodl, prodh, cstack
 Tracked objects:
		On entry : 
		On exit  : 
		Unchanged: 
 Data sizes:     COMRAM   BANK0   BANK1   BANK2
      Params:         0       3       0       0
      Locals:         0       3       0       0
      Temps:          0       0       0       0
      Totals:         0       6       0       0
Total ram usage:        6 bytes
 Hardware stack levels used:    1
 Hardware stack levels required when called:   10
 This function calls:
		___ftadd
		___ftge
		_sin
 This function is called by:
		_tan
 This function uses a non-reentrant model


 *************** function _sin *****************
 Defined at:
		line 13 in file "C:\Program Files (x86)\Microchip\xc8\v1.34\sources\common\sin.c"
 Parameters:    Size  Location     Type
  f               3  104[BANK0 ] struct .
 Auto vars:     Size  Location     Type
  x2              3  113[BANK0 ] struct .
  y               3  107[BANK0 ] struct .
  sgn             1  116[BANK0 ] unsigned char 
 Return value:  Size  Location     Type
                  3  104[BANK0 ] unsigned char 
 Registers used:
		wreg, fsr2l, fsr2h, status,2, status,0, tblptrl, tblptrh, tblptru, prodl, prodh, cstack
 Tracked objects:
		On entry : 
		On exit  : 
		Unchanged: 
 Data sizes:     COMRAM   BANK0   BANK1   BANK2
      Params:         0       3       0       0
      Locals:         0      10       0       0
      Temps:          0       0       0       0
      Totals:         0      13       0       0
Total ram usage:       13 bytes
 Hardware stack levels used:    1
 Hardware stack levels required when called:    9
 This function calls:
		___ftadd
		___ftdiv
		___ftge
		___ftmul
		___ftneg
		___ftsub
		_eval_poly
		_floor
 This function is called by:
		_tan
		_cos
 This function uses a non-reentrant model


 *************** function _floor *****************
 Defined at:
		line 13 in file "C:\Program Files (x86)\Microchip\xc8\v1.34\sources\common\floor.c"
 Parameters:    Size  Location     Type
  x               3   90[BANK0 ] unsigned char 
 Auto vars:     Size  Location     Type
  i               3   93[BANK0 ] unsigned char 
  expon           2   96[BANK0 ] int 
 Return value:  Size  Location     Type
                  3   90[BANK0 ] int 
 Registers used:
		wreg, fsr2l, fsr2h, status,2, status,0, cstack
 Tracked objects:
		On entry : 
		On exit  : 
		Unchanged: 
 Data sizes:     COMRAM   BANK0   BANK1   BANK2
      Params:         0       3       0       0
      Locals:         0       5       0       0
      Temps:          0       0       0       0
      Totals:         0       8       0       0
Total ram usage:        8 bytes
 Hardware stack levels used:    1
 Hardware stack levels required when called:    8
 This function calls:
		___altoft
		___ftadd
		___ftge
		___fttol
		_frexp
 This function is called by:
		_sin
 This function uses a non-reentrant model


 *************** function _frexp *****************
 Defined at:
		line 254 in file "C:\Program Files (x86)\Microchip\xc8\v1.34\sources\common\frexp.c"
 Parameters:    Size  Location     Type
  value           3    0[BANK0 ] int 
  eptr            2    3[BANK0 ] PTR int 
		 -> floor@expon(2), 
 Auto vars:     Size  Location     Type
		None
 Return value:  Size  Location     Type
                  3    0[BANK0 ] PTR int 
 Registers used:
		wreg, fsr2l, fsr2h, status,2, status,0
 Tracked objects:
		On entry : 
		On exit  : 
		Unchanged: 
 Data sizes:     COMRAM   BANK0   BANK1   BANK2
      Params:         0       5       0       0
      Locals:         0       0       0       0
      Temps:          0       2       0       0
      Totals:         0       7       0       0
Total ram usage:        7 bytes
 Hardware stack levels used:    1
 Hardware stack levels required when called:    6
 This function calls:
		Nothing
 This function is called by:
		_floor
 This function uses a non-reentrant model


 *************** function ___altoft *****************
 Defined at:
		line 42 in file "C:\Program Files (x86)\Microchip\xc8\v1.34\sources\common\altoft.c"
 Parameters:    Size  Location     Type
  c               4   80[BANK0 ] long 
 Auto vars:     Size  Location     Type
  sign            1   89[BANK0 ] unsigned char 
  exp             1   88[BANK0 ] unsigned char 
 Return value:  Size  Location     Type
                  3   80[BANK0 ] float 
 Registers used:
		wreg, status,2, status,0, cstack
 Tracked objects:
		On entry : 
		On exit  : 
		Unchanged: 
 Data sizes:     COMRAM   BANK0   BANK1   BANK2
      Params:         0       4       0       0
      Locals:         0       2       0       0
      Temps:          0       4       0       0
      Totals:         0      10       0       0
Total ram usage:       10 bytes
 Hardware stack levels used:    1
 Hardware stack levels required when called:    7
 This function calls:
		___ftpack
 This function is called by:
		_floor
 This function uses a non-reentrant model


 *************** function _eval_poly *****************
 Defined at:
		line 4 in file "C:\Program Files (x86)\Microchip\xc8\v1.34\sources\common\evalpoly.c"
 Parameters:    Size  Location     Type
  x               3   38[BANK0 ] float 
  d               2   41[BANK0 ] PTR const 
		 -> sin@coeff_a(15), sin@coeff_b(12), 
  n               2   43[BANK0 ] int 
 Auto vars:     Size  Location     Type
  res             3   47[BANK0 ] int 
 Return value:  Size  Location     Type
                  3   38[BANK0 ] int 
 Registers used:
		wreg, status,2, status,0, tblptrl, tblptrh, tblptru, prodl, prodh, cstack
 Tracked objects:
		On entry : 
		On exit  : 
		Unchanged: 
 Data sizes:     COMRAM   BANK0   BANK1   BANK2
      Params:         0       7       0       0
      Locals:         0       3       0       0
      Temps:          0       2       0       0
      Totals:         0      12       0       0
Total ram usage:       12 bytes
 Hardware stack levels used:    1
 Hardware stack levels required when called:    8
 This function calls:
		___ftadd
		___ftmul
		___wmul
 This function is called by:
		_sin
 This function uses a non-reentrant model


 *************** function _conversion_degre_radian *****************
 Defined at:
		line 76 in file "triangulation.c"
 Parameters:    Size  Location     Type
  angle           3   65[BANK0 ] int 
 Auto vars:     Size  Location     Type
		None
 Return value:  Size  Location     Type
                  3   65[BANK0 ] int 
 Registers used:
		wreg, status,2, status,0, cstack
 Tracked objects:
		On entry : 
		On exit  : 
		Unchanged: 
 Data sizes:     COMRAM   BANK0   BANK1   BANK2
      Params:         0       3       0       0
      Locals:         0       0       0       0
      Temps:          0       0       0       0
      Totals:         0       3       0       0
Total ram usage:        3 bytes
 Hardware stack levels used:    1
 Hardware stack levels required when called:    8
 This function calls:
		___ftdiv
		___ftmul
 This function is called by:
		_cotangeante
 This function uses a non-reentrant model


 *************** function _obtention_angle *****************
 Defined at:
		line 141 in file "moteur.c"
 Parameters:    Size  Location     Type
  position        2   65[BANK0 ] unsigned int 
 Auto vars:     Size  Location     Type
  angle           3   68[BANK0 ] unsigned int 
 Return value:  Size  Location     Type
                  3   65[BANK0 ] unsigned int 
 Registers used:
		wreg, status,2, status,0, cstack
 Tracked objects:
		On entry : 
		On exit  : 
		Unchanged: 
 Data sizes:     COMRAM   BANK0   BANK1   BANK2
      Params:         0       3       0       0
      Locals:         0       3       0       0
      Temps:          0       0       0       0
      Totals:         0       6       0       0
Total ram usage:        6 bytes
 Hardware stack levels used:    1
 Hardware stack levels required when called:    8
 This function calls:
		___ftdiv
		___ftmul
		___lwtoft
 This function is called by:
		_main
 This function uses a non-reentrant model


 *************** function ___lwtoft *****************
 Defined at:
		line 28 in file "C:\Program Files (x86)\Microchip\xc8\v1.34\sources\common\lwtoft.c"
 Parameters:    Size  Location     Type
  c               2    8[BANK0 ] unsigned int 
 Auto vars:     Size  Location     Type
		None
 Return value:  Size  Location     Type
                  3    8[BANK0 ] float 
 Registers used:
		wreg, status,2, status,0, cstack
 Tracked objects:
		On entry : 
		On exit  : 
		Unchanged: 
 Data sizes:     COMRAM   BANK0   BANK1   BANK2
      Params:         0       3       0       0
      Locals:         0       0       0       0
      Temps:          0       0       0       0
      Totals:         0       3       0       0
Total ram usage:        3 bytes
 Hardware stack levels used:    1
 Hardware stack levels required when called:    7
 This function calls:
		___ftpack
 This function is called by:
		_obtention_angle
 This function uses a non-reentrant model


 *************** function _init_system *****************
 Defined at:
		line 22 in file "system.c"
 Parameters:    Size  Location     Type
		None
 Auto vars:     Size  Location     Type
		None
 Return value:  Size  Location     Type
		None               void
 Registers used:
		wreg, status,2, cstack
 Tracked objects:
		On entry : 
		On exit  : 
		Unchanged: 
 Data sizes:     COMRAM   BANK0   BANK1   BANK2
      Params:         0       0       0       0
      Locals:         0       0       0       0
      Temps:          0       0       0       0
      Totals:         0       0       0       0
Total ram usage:        0 bytes
 Hardware stack levels used:    1
 Hardware stack levels required when called:    8
 This function calls:
		_ConfigInterrupt
		_ConfigPorts
		_config_QEI
		_config_pwm
		_config_uart
		_init_capteur
		_init_timer_0
		_init_uart_logiciel
		_init_uart_reception
 This function is called by:
		_main
 This function uses a non-reentrant model


 *************** function _init_uart_reception *****************
[...]
      Params:         0       0       0       0
      Locals:         0       0       0       0
      Temps:          1       0       0       0
      Totals:         1       0       0       0
Total ram usage:        1 bytes
 Hardware stack levels used:    1
 Hardware stack levels required when called:    3
 This function calls:
		Nothing
 This function is called by:
		_subroutine_interruptions
 This function uses a non-reentrant model


 *************** function _interruption_timer0 *****************
 Defined at:
		line 104 in file "interruptions.c"
 Parameters:    Size  Location     Type
		None
 Auto vars:     Size  Location     Type
		None
 Return value:  Size  Location     Type
		None               void
 Registers used:
		wreg, status,2
 Tracked objects:
		On entry : 
		On exit  : 
		Unchanged: 
 Data sizes:     COMRAM   BANK0   BANK1   BANK2
      Params:         0       0       0       0
      Locals:         0       0       0       0
      Temps:          0       0       0       0
      Totals:         0       0       0       0
Total ram usage:        0 bytes
 Hardware stack levels used:    1
 Hardware stack levels required when called:    3
 This function calls:
		Nothing
 This function is called by:
		_subroutine_interruptions
 This function uses a non-reentrant model


 *************** function _interruption_QEI *****************
 Defined at:
		line 171 in file "interruptions.c"
 Parameters:    Size  Location     Type
		None
 Auto vars:     Size  Location     Type
		None
 Return value:  Size  Location     Type
		None               void
 Registers used:
		wreg, status,2, status,0
 Tracked objects:
		On entry : 
		On exit  : 
		Unchanged: 
 Data sizes:     COMRAM   BANK0   BANK1   BANK2
      Params:         0       0       0       0
      Locals:         0       0       0       0
      Temps:          0       0       0       0
      Totals:         0       0       0       0
Total ram usage:        0 bytes
 Hardware stack levels used:    1
 Hardware stack levels required when called:    3
 This function calls:
		Nothing
 This function is called by:
		_subroutine_interruptions
 This function uses a non-reentrant model


 *************** function _interruption_INT0 *****************
 Defined at:
		line 144 in file "interruptions.c"
 Parameters:    Size  Location     Type
		None
 Auto vars:     Size  Location     Type
		None
 Return value:  Size  Location     Type
		None               void
 Registers used:
		wreg, fsr2l, fsr2h, status,2, status,0, prodl, prodh
 Tracked objects:
		On entry : 
		On exit  : 
		Unchanged: 
 Data sizes:     COMRAM   BANK0   BANK1   BANK2
      Params:         0       0       0       0
      Locals:         0       0       0       0
      Temps:          2       0       0       0
      Totals:         2       0       0       0
Total ram usage:        2 bytes
 Hardware stack levels used:    1
 Hardware stack levels required when called:    3
 This function calls:
		Nothing
 This function is called by:
		_subroutine_interruptions
 This function uses a non-reentrant model


 *************** function _interrupt_TX *****************
 Defined at:
		line 229 in file "interruptions.c"
 Parameters:    Size  Location     Type
		None
 Auto vars:     Size  Location     Type
		None
 Return value:  Size  Location     Type
		None               void
 Registers used:
		None
 Tracked objects:
		On entry : 
		On exit  : 
		Unchanged: 
 Data sizes:     COMRAM   BANK0   BANK1   BANK2
      Params:         0       0       0       0
      Locals:         0       0       0       0
      Temps:          0       0       0       0
      Totals:         0       0       0       0
Total ram usage:        0 bytes
 Hardware stack levels used:    1
 Hardware stack levels required when called:    3
 This function calls:
		Nothing
 This function is called by:
		_subroutine_interruptions
 This function uses a non-reentrant model


 *************** function _interrupt_RX *****************
 Defined at:
		line 210 in file "interruptions.c"
 Parameters:    Size  Location     Type
		None
 Auto vars:     Size  Location     Type
  temp            1    0[COMRAM] unsigned char 
 Return value:  Size  Location     Type
		None               void
 Registers used:
		wreg, fsr2l, fsr2h, status,2, status,0, prodl, prodh
 Tracked objects:
		On entry : 
		On exit  : 
		Unchanged: 
 Data sizes:     COMRAM   BANK0   BANK1   BANK2
      Params:         0       0       0       0
      Locals:         1       0       0       0
      Temps:          0       0       0       0
      Totals:         1       0       0       0
Total ram usage:        1 bytes
 Hardware stack levels used:    1
 Hardware stack levels required when called:    3
 This function calls:
		Nothing
 This function is called by:
		_subroutine_interruptions
 This function uses a non-reentrant model


 *************** function _high_isr *****************
 Defined at:
		line 27 in file "interruptions.c"
 Parameters:    Size  Location     Type
		None
 Auto vars:     Size  Location     Type
		None
 Return value:  Size  Location     Type
		None               void
 Registers used:
		wreg, fsr2l, fsr2h, status,2, status,0, prodl, prodh, cstack
 Tracked objects:
		On entry : 
		On exit  : 
		Unchanged: 
 Data sizes:     COMRAM   BANK0   BANK1   BANK2
      Params:         0       0       0       0
      Locals:         0       0       0       0
      Temps:         14       0       0       0
      Totals:        14       0       0       0
Total ram usage:       14 bytes
 Hardware stack levels used:    1
 Hardware stack levels required when called:    2
 This function calls:
		i2_subroutine_interruptions
 This function is called by:
		Interrupt level 2
 This function uses a non-reentrant model


 *************** function i2_subroutine_interruptions *****************
 Defined at:
		line 43 in file "interruptions.c"
 Parameters:    Size  Location     Type
  priorite        1    wreg     unsigned char 
 Auto vars:     Size  Location     Type
  priorite        1   22[COMRAM] unsigned char 
 Return value:  Size  Location     Type
		None               void
 Registers used:
		wreg, fsr2l, fsr2h, status,2, status,0, prodl, prodh, cstack
 Tracked objects:
		On entry : 
		On exit  : 
		Unchanged: 
 Data sizes:     COMRAM   BANK0   BANK1   BANK2
      Params:         0       0       0       0
      Locals:         1       0       0       0
      Temps:          0       0       0       0
      Totals:         1       0       0       0
Total ram usage:        1 bytes
 Hardware stack levels used:    1
 Hardware stack levels required when called:    1
 This function calls:
		i2_interrupt_RX
		i2_interrupt_TX
		i2_interruption_INT0
		i2_interruption_QEI
		i2_interruption_timer0
		i2_interruption_timer1
		i2_interruption_timer2
		i2_interuption_QEI_sens
 This function is called by:
		_high_isr
 This function uses a non-reentrant model


 *************** function i2_interuption_QEI_sens *****************
 Defined at:
		line 196 in file "interruptions.c"
 Parameters:    Size  Location     Type
		None
 Auto vars:     Size  Location     Type
		None
 Return value:  Size  Location     Type
		None               void
 Registers used:
		None
 Tracked objects:
		On entry : 
		On exit  : 
		Unchanged: 
 Data sizes:     COMRAM   BANK0   BANK1   BANK2
      Params:         0       0       0       0
      Locals:         0       0       0       0
      Temps:          0       0       0       0
      Totals:         0       0       0       0
Total ram usage:        0 bytes
 Hardware stack levels used:    1
 This function calls:
		Nothing
 This function is called by:
		i2_subroutine_interruptions
 This function uses a non-reentrant model


 *************** function i2_interruption_timer2 *****************
 Defined at:
		line 132 in file "interruptions.c"
 Parameters:    Size  Location     Type
		None
 Auto vars:     Size  Location     Type
		None
 Return value:  Size  Location     Type
		None               void
 Registers used:
		None
 Tracked objects:
		On entry : 
		On exit  : 
		Unchanged: 
 Data sizes:     COMRAM   BANK0   BANK1   BANK2
      Params:         0       0       0       0
      Locals:         0       0       0       0
      Temps:          0       0       0       0
      Totals:         0       0       0       0
Total ram usage:        0 bytes
 Hardware stack levels used:    1
 This function calls:
		Nothing
 This function is called by:
		i2_subroutine_interruptions
 This function uses a non-reentrant model


 *************** function i2_interruption_timer1 *****************
 Defined at:
		line 115 in file "interruptions.c"
 Parameters:    Size  Location     Type
		None
 Auto vars:     Size  Location     Type
		None
 Return value:  Size  Location     Type
		None               void
 Registers used:
		wreg, fsr2l, fsr2h, status,2, status,0, prodl, prodh
 Tracked objects:
		On entry : 
		On exit  : 
		Unchanged: 
 Data sizes:     COMRAM   BANK0   BANK1   BANK2
      Params:         0       0       0       0
      Locals:         0       0       0       0
      Temps:          1       0       0       0
      Totals:         1       0       0       0
Total ram usage:        1 bytes
 Hardware stack levels used:    1
 This function calls:
		Nothing
 This function is called by:
		i2_subroutine_interruptions
 This function uses a non-reentrant model


 *************** function i2_interruption_timer0 *****************
 Defined at:
		line 104 in file "interruptions.c"
 Parameters:    Size  Location     Type
		None
 Auto vars:     Size  Location     Type
		None
 Return value:  Size  Location     Type
		None               void
 Registers used:
		wreg, status,2
 Tracked objects:
		On entry : 
		On exit  : 
		Unchanged: 
 Data sizes:     COMRAM   BANK0   BANK1   BANK2
      Params:         0       0       0       0
      Locals:         0       0       0       0
      Temps:          0       0       0       0
      Totals:         0       0       0       0
Total ram usage:        0 bytes
 Hardware stack levels used:    1
 This function calls:
		Nothing
 This function is called by:
		i2_subroutine_interruptions
 This function uses a non-reentrant model


 *************** function i2_interruption_QEI *****************
 Defined at:
		line 171 in file "interruptions.c"
 Parameters:    Size  Location     Type
		None
 Auto vars:     Size  Location     Type
		None
 Return value:  Size  Location     Type
		None               void
 Registers used:
		wreg, status,2, status,0
 Tracked objects:
		On entry : 
		On exit  : 
		Unchanged: 
 Data sizes:     COMRAM   BANK0   BANK1   BANK2
      Params:         0       0       0       0
      Locals:         0       0       0       0
      Temps:          0       0       0       0
      Totals:         0       0       0       0
Total ram usage:        0 bytes
 Hardware stack levels used:    1
 This function calls:
		Nothing
 This function is called by:
		i2_subroutine_interruptions
 This function uses a non-reentrant model


 *************** function i2_interruption_INT0 *****************
 Defined at:
		line 144 in file "interruptions.c"
 Parameters:    Size  Location     Type
		None
 Auto vars:     Size  Location     Type
		None
 Return value:  Size  Location     Type
		None               void
 Registers used:
		wreg, fsr2l, fsr2h, status,2, status,0, prodl, prodh
 Tracked objects:
		On entry : 
		On exit  : 
		Unchanged: 
 Data sizes:     COMRAM   BANK0   BANK1   BANK2
      Params:         0       0       0       0
      Locals:         0       0       0       0
      Temps:          2       0       0       0
      Totals:         2       0       0       0
Total ram usage:        2 bytes
 Hardware stack levels used:    1
 This function calls:
		Nothing
 This function is called by:
		i2_subroutine_interruptions
 This function uses a non-reentrant model


 *************** function i2_interrupt_TX *****************
 Defined at:
		line 229 in file "interruptions.c"
 Parameters:    Size  Location     Type
		None
 Auto vars:     Size  Location     Type
		None
 Return value:  Size  Location     Type
		None               void
 Registers used:
		None
 Tracked objects:
		On entry : 
		On exit  : 
		Unchanged: 
 Data sizes:     COMRAM   BANK0   BANK1   BANK2
      Params:         0       0       0       0
      Locals:         0       0       0       0
      Temps:          0       0       0       0
      Totals:         0       0       0       0
Total ram usage:        0 bytes
 Hardware stack levels used:    1
 This function calls:
		Nothing
 This function is called by:
		i2_subroutine_interruptions
 This function uses a non-reentrant model


 *************** function i2_interrupt_RX *****************
 Defined at:
		line 210 in file "interruptions.c"
 Parameters:    Size  Location     Type
		None
 Auto vars:     Size  Location     Type
  interrupt_RX    1   20[COMRAM] unsigned char 
 Return value:  Size  Location     Type
		None               void
 Registers used:
		wreg, fsr2l, fsr2h, status,2, status,0, prodl, prodh
 Tracked objects:
		On entry : 
		On exit  : 
		Unchanged: 
 Data sizes:     COMRAM   BANK0   BANK1   BANK2
      Params:         0       0       0       0
      Locals:         1       0       0       0
      Temps:          0       0       0       0
      Totals:         1       0       0       0
Total ram usage:        1 bytes
 Hardware stack levels used:    1
 This function calls:
		Nothing
 This function is called by:
		i2_subroutine_interruptions
 This function uses a non-reentrant model



MODULE INFORMATION

Module		Function		Class		Link	Load	Size
C:\Program Files (x86)\Microchip\xc8\v1.34\sources\common\ftge.c
		___ftge        		CODE           	2998	0000	207

C:\Program Files (x86)\Microchip\xc8\v1.34\sources\common\ftge.c estimated size: 207

uart.c
		_PutIntUART    		CODE           	3590	0000	35
		_PutcUART      		CODE           	0FA8	0000	895
		_IntToC        		CODE           	1326	0000	841
		_PutsUART      		CODE           	2FE4	0000	111
		_init_uart_rece		CODE           	3600	0000	21
		_init_uart_logi		CODE           	3614	0000	15
		_config_uart   		CODE           	35B2	0000	29

uart.c estimated size: 1947

C:\Program Files (x86)\Microchip\xc8\v1.34\sources\common\ftneg.c
		___ftneg       		CODE           	34C6	0000	49

C:\Program Files (x86)\Microchip\xc8\v1.34\sources\common\ftneg.c estimated size: 49

C:\Program Files (x86)\Microchip\xc8\v1.34\sources\common\sin.c
		_sin           		CODE           	1932	0000	669

C:\Program Files (x86)\Microchip\xc8\v1.34\sources\common\sin.c estimated size: 669

C:\Program Files (x86)\Microchip\xc8\v1.34\sources\common\ftsub.c
		___ftsub       		CODE           	31E0	0000	81

C:\Program Files (x86)\Microchip\xc8\v1.34\sources\common\ftsub.c estimated size: 81

C:\Program Files (x86)\Microchip\xc8\v1.34\sources\common\float.c
		___ftpack      		CODE           	23E0	0000	289

C:\Program Files (x86)\Microchip\xc8\v1.34\sources\common\float.c estimated size: 289

C:\Program Files (x86)\Microchip\xc8\v1.34\sources\common\evalpoly.c
		_eval_poly     		CODE           	26F8	0000	239

C:\Program Files (x86)\Microchip\xc8\v1.34\sources\common\evalpoly.c estimated size: 239

moteur.c
		_init_capteur  		CODE           	2F76	0000	111
		_envoit_pwm    		CODE           	27E6	0000	227
		_obtention_angl		CODE           	2EFE	0000	121
		_config_QEI    		CODE           	3456	0000	57
		_config_pwm    		CODE           	32C4	0000	73

moteur.c estimated size: 589

C:\Program Files (x86)\Microchip\xc8\v1.34\sources\common\frexp.c
		_frexp         		CODE           	2C50	0000	145

C:\Program Files (x86)\Microchip\xc8\v1.34\sources\common\frexp.c estimated size: 145

C:\Program Files (x86)\Microchip\xc8\v1.34\sources\common\floor.c
		_floor         		CODE           	2500	0000	253

C:\Program Files (x86)\Microchip\xc8\v1.34\sources\common\floor.c estimated size: 253

C:\Program Files (x86)\Microchip\xc8\v1.34\sources\common\ftmul.c
		___ftmul       		CODE           	2010	0000	349

C:\Program Files (x86)\Microchip\xc8\v1.34\sources\common\ftmul.c estimated size: 349

triangulation.c
		_get_distance  		CODE           	25FC	0000	253
		_saturation    		CODE           	2BC0	0000	145
		_conversion_deg		CODE           	318C	0000	85
		_triangulation 		CODE           	03A4	0000	1743
		_cotangeante   		CODE           	30BE	0000	107
		_affichage_posi		CODE           	166E	0000	709

triangulation.c estimated size: 3042

C:\Program Files (x86)\Microchip\xc8\v1.34\sources\common\lwtoft.c
		___lwtoft      		CODE           	34F6	0000	45

C:\Program Files (x86)\Microchip\xc8\v1.34\sources\common\lwtoft.c estimated size: 45

C:\Program Files (x86)\Microchip\xc8\v1.34\sources\common\ftdiv.c
		___ftdiv       		CODE           	216C	0000	323

C:\Program Files (x86)\Microchip\xc8\v1.34\sources\common\ftdiv.c estimated size: 323

shared
		i2_interruption		CODE           	3398	0000	71
		i2_interrupt_RX		CODE           	341A	0000	61
		i2_interrupt_TX		CODE           	364E	0000	5
		i2_interruption		CODE           	356C	0000	37
		i2_interruption		CODE           	364A	0000	5
		i2_subroutine_i		CODE           	2E7A	0000	133
		i2_interruption		CODE           	327A	0000	75
		__initializatio		CODE           	330C	0000	61
		i2_interuption_		CODE           	3646	0000	5
		i2_interruption		CODE           	362E	0000	13
		sin@coeff_a    		SMALLCONST     	0301	0000	16
		sin@coeff_b    		SMALLCONST     	0310	0000	13

shared estimated size: 495

C:\Program Files (x86)\Microchip\xc8\v1.34\sources\common\altoft.c
		___altoft      		CODE           	2B1E	0000	163

C:\Program Files (x86)\Microchip\xc8\v1.34\sources\common\altoft.c estimated size: 163

C:\Program Files (x86)\Microchip\xc8\v1.34\sources\common\cos.c
		_cos           		CODE           	2A66	0000	185

C:\Program Files (x86)\Microchip\xc8\v1.34\sources\common\cos.c estimated size: 185

C:\Program Files (x86)\Microchip\xc8\v1.34\sources\common\awdiv.c
		___awdiv       		CODE           	28C8	0000	209

C:\Program Files (x86)\Microchip\xc8\v1.34\sources\common\awdiv.c estimated size: 209

interruptions.c
		_interuption_QE		CODE           	363A	0000	5
		_interruption_t		CODE           	3622	0000	13
		_interruption_t		CODE           	3352	0000	71
		_interruption_Q		CODE           	3548	0000	37
		_high_isr      		CODE           	0008	0000	125
		_interruption_t		CODE           	363E	0000	5
		_interrupt_RX  		CODE           	33DE	0000	61
		_interrupt_TX  		CODE           	3642	0000	5
		_subroutine_int		CODE           	2DF6	0000	133
		_low_isr       		CODE           	0018	0000	145
		_interruption_I		CODE           	3230	0000	75

interruptions.c estimated size: 675

C:\Program Files (x86)\Microchip\xc8\v1.34\sources\common\sqrt.c
		_sqrt          		CODE           	1E4C	0000	453

C:\Program Files (x86)\Microchip\xc8\v1.34\sources\common\sqrt.c estimated size: 453

C:\Program Files (x86)\Microchip\xc8\v1.34\sources\common\fttol.c
		___fttol       		CODE           	22AE	0000	307

C:\Program Files (x86)\Microchip\xc8\v1.34\sources\common\fttol.c estimated size: 307

main.c
		_main          		CODE           	0A72	0000	1335

main.c estimated size: 1335

C:\Program Files (x86)\Microchip\xc8\v1.34\sources\common\Umul16.c
		___wmul        		CODE           	348E	0000	57

C:\Program Files (x86)\Microchip\xc8\v1.34\sources\common\Umul16.c estimated size: 57

C:\Program Files (x86)\Microchip\xc8\v1.34\sources\common\tan.c
		_tan           		CODE           	3128	0000	101

C:\Program Files (x86)\Microchip\xc8\v1.34\sources\common\tan.c estimated size: 101

system.c
		_ConfigInterrup		CODE           	2D6E	0000	137
		_init_system   		CODE           	3522	0000	39
		_ConfigPorts   		CODE           	2CE0	0000	143
		_init_timer_0  		CODE           	35CE	0000	27
		_init_timer_1  		CODE           	35E8	0000	25

system.c estimated size: 371

C:\Program Files (x86)\Microchip\xc8\v1.34\sources\common\ftadd.c
		___ftadd       		CODE           	1BCE	0000	639

C:\Program Files (x86)\Microchip\xc8\v1.34\sources\common\ftadd.c estimated size: 639

