Microchip MPLAB XC8 Compiler V1.34 ()

Linker command line:

--edf=C:\Program Files (x86)\Microchip\xc8\v1.34\dat\en_msgs.txt -cs \
  -h+dist/default/production\Code.production.sym \
  --cmf=dist/default/production\Code.production.cmf -z -Q18F4431 \
  -oC:\Users\Quentin\AppData\Local\Temp\s9jk.6 \
  -Mdist/default/production/Code.production.map -E1 -ver=XC8 \
  -ASTACK=01F6h-02ffh -pstack=STACK -ACODE=00h-03FFFh -ACONST=00h-03FFFh \
  -ASMALLCONST=0300h-03FFhx61 -AMEDIUMCONST=0300h-03FFFh -ACOMRAM=01h-05Fh \
  -AABS1=00h-02FFh -ABIGRAM=01h-02FFh -ARAM=060h-0FFh,0100h-01FFhx2 \
  -ABANK0=060h-0FFh -ABANK1=0100h-01FFh -ABANK2=0200h-02FFh \
  -ASFR=0F60h-0FFFh \
  -preset_vec=00h,intcode=08h,intcodelo=018h,powerup,init,end_init \
  -pramtop=0300h -psmallconst=SMALLCONST -pmediumconst=MEDIUMCONST \
  -pconst=CONST -AFARRAM=00h-00h -ACONFIG=0300000h-030000Dh -pconfig=CONFIG \
  -AIDLOC=0200000h-0200007h -pidloc=IDLOC -AEEDATA=0F00000h-0F000FFh \
  -peeprom_data=EEDATA \
  -prdata=COMRAM,nvrram=COMRAM,nvbit=COMRAM,rbss=COMRAM,rbit=COMRAM \
  -pfarbss=FARRAM,fardata=FARRAM,nvFARRAM=FARRAM \
  -pintsave_regs=BIGRAM,bigbss=BIGRAM,bigdata=BIGRAM -pbss=RAM \
  -pidata=CODE,irdata=CODE,ibigdata=CODE,ifardata=CODE -prparam=COMRAM \
  C:\Users\Quentin\AppData\Local\Temp\s9jk.obj \
  dist/default/production\Code.production.obj 

Object code version is 3.11

Machine type is 18F4431

Call graph: (short form)




                Name                               Link     Load   Length Selector   Space Scale
C:\Users\Quentin\AppData\Local\Temp\s9jk.obj
                end_init                             A8       A8        4        C       0
                reset_vec                             0        0        4        0       0
                idloc                            200000   200000        8   200000       0
                config                           300000   300000        E   300000       0
dist/default/production\Code.production.obj
                intcodelo                            18       18       90        C       0
                intcode                               8        8       10        4       0
                smallconst                          300      300       DA      180       0
                text63                             35F0     35F0       3C      1ED       0
                text62                             381C     381C        4      1ED       0
                text61                             3456     3456       4A      1ED       0
                text60                             3746     3746       24      1ED       0
                text59                             3800     3800        8      1ED       0
                text58                             352E     352E       46      1ED       0
                text57                             3818     3818        4      1ED       0
                text56                             3814     3814        4      1ED       0
                text55                             2FF8     2FF8       84      1ED       0
                intcode_body                       31D6     31D6       6C      1ED       0
                text53                             35B4     35B4       3C      1ED       0
                text52                             3810     3810        4      1ED       0
                text51                             340C     340C       4A      1ED       0
                text50                             3722     3722       24      1ED       0
                text49                             37F8     37F8        8      1ED       0
                text48                             34E8     34E8       46      1ED       0
                text47                             380C     380C        4      1ED       0
                text46                             3808     3808        4      1ED       0
                text45                             2F74     2F74       84      1ED       0
                text43                             299C     299C       D0      1ED       0
                text42                             3664     3664       38      1ED       0
                text41                             16C0     16C0      348      1ED       0
                text40                             1342     1342      37E      1ED       0
                text39                             3168     3168       6E      1ED       0
                text38                             376A     376A       22      1ED       0
                text37                             2382     2382      132      1ED       0
                text36                             30F4     30F4       74      1ED       0
                text35                             2A6C     2A6C       CE      1ED       0
                text34                             24B4     24B4      120      1ED       0
                text33                             20E4     20E4      15C      1ED       0
                text32                             369C     369C       30      1ED       0
                text31                             28BA     28BA       E2      1ED       0
                text30                             1CA4     1CA4      27E      1ED       0
                text29                             33BC     33BC       50      1ED       0
                text28                             1F22     1F22      1C2      1ED       0
                text27                             26D0     26D0       FC      1ED       0
                text26                             2EEC     2EEC       88      1ED       0
                text25                             2E5E     2E5E       8E      1ED       0
                text24                             3310     3310       58      1ED       0
                text23                             34A0     34A0       48      1ED       0
                text22                             378C     378C       1C      1ED       0
                text21                             2BF2     2BF2       AA      1ED       0
                text20                             37C0     37C0       16      1ED       0
                text19                             37A8     37A8       18      1ED       0
                text18                             37EA     37EA        E      1ED       0
                text17                             37D6     37D6       14      1ED       0
                text16                             362C     362C       38      1ED       0
                text15                             36F8     36F8       2A      1ED       0
                text14                             2240     2240      142      1ED       0
                text13                             36CC     36CC       2C      1ED       0
                text12                             307C     307C       78      1ED       0
                text11                             3368     3368       54      1ED       0
                text10                             27CC     27CC       EE      1ED       0
                text9                              2C9C     2C9C       A2      1ED       0
                text8                              2DCE     2DCE       90      1ED       0
                text7                              25D4     25D4       FC      1ED       0
                text6                              1A08     1A08      29C      1ED       0
                text5                              2B3A     2B3A       B8      1ED       0
                text4                              32AC     32AC       64      1ED       0
                text3                              3242     3242       6A      1ED       0
                text2                              2D3E     2D3E       90      1ED       0
                text1                               3DA      3DA      944      1ED       0
                text0                               D1E      D1E      624      1ED       0
                cstackCOMRAM                          1        1       25        1       1
                cstackBANK0                          60       60       64       60       1
                cstackBANK1                         18E      18E       68      100       1
                bssBANK1                            100      100       8E      100       1
                dataBANK0                            FF       FF        1       60       1
                bssBANK0                             C4       C4       3B       60       1
                bssCOMRAM                            26       26       22        1       1
                cinit                              3574     3574       40      1ED       0
                idataBANK0                         3820     3820        1      1ED       0

TOTAL           Name                               Link     Load   Length     Space
        CLASS   STACK          

        CLASS   CODE           
                end_init                             A8       A8        4         0
                intcodelo                            18       18       90         0
                intcode                               8        8       10         0
                reset_vec                             0        0        4         0
                text63                             35F0     35F0       3C         0
                text62                             381C     381C        4         0
                text61                             3456     3456       4A         0
                text60                             3746     3746       24         0
                text59                             3800     3800        8         0
                text58                             352E     352E       46         0
                text57                             3818     3818        4         0
                text56                             3814     3814        4         0
                text55                             2FF8     2FF8       84         0
                intcode_body                       31D6     31D6       6C         0
                text53                             35B4     35B4       3C         0
                text52                             3810     3810        4         0
                text51                             340C     340C       4A         0
                text50                             3722     3722       24         0
                text49                             37F8     37F8        8         0
                text48                             34E8     34E8       46         0
                text47                             380C     380C        4         0
                text46                             3808     3808        4         0
                text45                             2F74     2F74       84         0
                text43                             299C     299C       D0         0
                text42                             3664     3664       38         0
                text41                             16C0     16C0      348         0
                text40                             1342     1342      37E         0
                text39                             3168     3168       6E         0
                text38                             376A     376A       22         0
                text37                             2382     2382      132         0
                text36                             30F4     30F4       74         0
                text35                             2A6C     2A6C       CE         0
                text34                             24B4     24B4      120         0
                text33                             20E4     20E4      15C         0
                text32                             369C     369C       30         0
                text31                             28BA     28BA       E2         0
                text30                             1CA4     1CA4      27E         0
                text29                             33BC     33BC       50         0
                text28                             1F22     1F22      1C2         0
                text27                             26D0     26D0       FC         0
                text26                             2EEC     2EEC       88         0
                text25                             2E5E     2E5E       8E         0
                text24                             3310     3310       58         0
                text23                             34A0     34A0       48         0
                text22                             378C     378C       1C         0
                text21                             2BF2     2BF2       AA         0
                text20                             37C0     37C0       16         0
                text19                             37A8     37A8       18         0
                text18                             37EA     37EA        E         0
                text17                             37D6     37D6       14         0
                text16                             362C     362C       38         0
                text15                             36F8     36F8       2A         0
                text14                             2240     2240      142         0
                text13                             36CC     36CC       2C         0
                text12                             307C     307C       78         0
                text11                             3368     3368       54         0
                text10                             27CC     27CC       EE         0
                text9                              2C9C     2C9C       A2         0
                text8                              2DCE     2DCE       90         0
                text7                              25D4     25D4       FC         0
                text6                              1A08     1A08      29C         0
                text5                              2B3A     2B3A       B8         0
                text4                              32AC     32AC       64         0
                text3                              3242     3242       6A         0
                text2                              2D3E     2D3E       90         0
                text1                               3DA      3DA      944         0
                text0                               D1E      D1E      624         0
                cinit                              3574     3574       40         0
                idataBANK0                         3820     3820        1         0

        CLASS   CONST          

        CLASS   SMALLCONST     
                smallconst                          300      300       DA         0

        CLASS   MEDIUMCONST    

        CLASS   COMRAM         
                cstackCOMRAM                          1        1       25         1
                bssCOMRAM                            26       26       22         1

        CLASS   ABS1           

        CLASS   BIGRAM         

        CLASS   RAM            

        CLASS   BANK0          
                cstackBANK0                          60       60       64         1
                dataBANK0                            FF       FF        1         1
                bssBANK0                             C4       C4       3B         1

        CLASS   BANK1          
                cstackBANK1                         18E      18E       68         1
                bssBANK1                            100      100       8E         1

        CLASS   BANK2          

        CLASS   SFR            

        CLASS   FARRAM         

        CLASS   CONFIG         
                config                           300000   300000        E         0

        CLASS   IDLOC          
                idloc                            200000   200000        8         0

        CLASS   EEDATA         



SEGMENTS        Name                           Load    Length   Top    Selector   Space  Class

                reset_vec                      000000  000004  000004         0       0  CODE    
                cstackCOMRAM                   000001  000047  000048         1       1  COMRAM  
                intcode                        000008  000010  000018         4       0  CODE    
                intcodelo                      000018  000094  0000AC         C       0  CODE    
                cstackBANK0                    000060  0000A0  000100        60       1  BANK0   
                bssBANK1                       000100  0000F6  0001F6       100       1  BANK1   
                smallconst                     000300  0000DA  0003DA       180       0  SMALLCON
                text1                          0003DA  003447  003821       1ED       0  CODE    
                idloc                          200000  000008  200008    200000       0  IDLOC   
                config                         300000  00000E  30000E    300000       0  CONFIG  


UNUSED ADDRESS RANGES

        Name                Unused          Largest block    Delta
        BANK1            0001F6-0001FF                A
        BANK2            000200-0002FF              100
        BIGRAM           000048-00005F               18
                         0001F6-0002FF              10A
        CODE             000004-000007                4
                         0000AC-0002FF              254
                         003821-003FFF              7DF
        COMRAM           000048-00005F               18
        CONST            000004-000007                4
                         0000AC-0002FF              254
                         003821-003FFF              7DF
        EEDATA           F00000-F000FF              100
        MEDIUMCONST      003821-003FFF              7DF
        RAM              0001F6-0002FF                A
        SFR              000F60-000FFF               A0
        SMALLCONST       003821-003FFF              100
        STACK            0001F6-0002FF              10A

                                  Symbol Table

?_Cot                                cstackBANK0  0000BD
?_IntToC                             cstackBANK0  00006E
?___altoft                           cstackBANK0  00006F
?___awdiv                            cstackBANK0  000066
?___ftadd                            cstackBANK0  00007A
?___ftdiv                            cstackBANK0  000092
?___ftmul                            cstackBANK0  000068
?___ftneg                            cstackBANK0  000077
?___ftpack                           cstackBANK0  000060
?___ftsub                            cstackBANK0  00008E
?___fttol                            cstackBANK0  000060
?___lwtoft                           cstackBANK0  000068
?___wmul                             cstackBANK0  000060
?_conversion_degre_radian            cstackBANK0  0000A1
?_cos                                cstackBANK0  0000AE
?_eval_poly                          cstackBANK0  000086
?_floor                              cstackBANK0  000086
?_get_distance                       cstackBANK0  0000A7
?_obtention_angle                    cstackBANK0  0000A1
?_saturation                         cstackBANK0  000083
?_sin                                cstackBANK0  0000A1
?_sqrt                               cstackBANK0  000094
?_tan                                cstackBANK0  0000B4
Cot@angle                            cstackBANK0  0000BD
IntToC@i                             cstackBANK0  000072
IntToC@j                             cstackBANK0  00007C
IntToC@nb                            cstackBANK0  00006E
IntToC@out                           bssBANK1     000186
PutIntUART@nb                        cstackBANK0  000083
PutIntUART@type_uart                 cstackBANK0  000085
PutcUART@octet                       cstackBANK0  00006E
PutcUART@type_uart                   cstackBANK0  000075
PutsUART@chaine                      cstackBANK0  00007E
PutsUART@type_uart                   cstackBANK0  000082
_ANSEL0                              (abs)        000FB8
_BAUDCONbits                         (abs)        000FAA
_CAP1CONbits                         (abs)        000F63
_ConfigInterrupt                     text26       002EEC
_ConfigPorts                         text25       002E5E
_Cot                                 text3        003242
_Cot$3247                            cstackBANK0  0000C0
_DFLTCONbits                         (abs)        000F60
_ERREUR_VITESSE                      bssBANK0     0000C4
_INTCON2bits                         (abs)        000FF1
_INTCON3bits                         (abs)        000FF0
_INTCONbits                          (abs)        000FF2
_IPR1bits                            (abs)        000F9F
_IPR2bits                            (abs)        000FA2
_IPR3bits                            (abs)        000FA5
_IntToC                              text41       0016C0
_LATA0                               (abs)        007C48
_LATA1                               (abs)        007C49
_LATA2                               (abs)        007C4A
_LATA3                               (abs)        007C4B
_LATA4                               (abs)        007C4C
_LATA5                               (abs)        007C4D
_LATA6                               (abs)        007C4E
_LATA7                               (abs)        007C4F
_LATB0                               (abs)        007C50
_LATB1                               (abs)        007C51
_LATB2                               (abs)        007C52
_LATB3                               (abs)        007C53
_LATB4                               (abs)        007C54
_LATB5                               (abs)        007C55
_LATB6                               (abs)        007C56
_LATB7                               (abs)        007C57
_LATC0                               (abs)        007C58
_LATC1                               (abs)        007C59
_LATC2                               (abs)        007C5A
_LATC3                               (abs)        007C5B
_LATC4                               (abs)        007C5C
_LATC5                               (abs)        007C5D
_LATC6                               (abs)        007C5E
_LATC7                               (abs)        007C5F
_LATCbits                            (abs)        000F8B
_LATD0                               (abs)        007C60
_LATD1                               (abs)        007C61
_LATD2                               (abs)        007C62
_LATD3                               (abs)        007C63
_LATD4                               (abs)        007C64
_LATD5                               (abs)        007C65
_LATD6                               (abs)        007C66
_LATD7                               (abs)        007C67
_LATE0                               (abs)        007C68
_LATE1                               (abs)        007C69
_LATE2                               (abs)        007C6A
_MAXCNTH                             (abs)        000F65
_MAXCNTL                             (abs)        000F64
_OVERFLOW_CODEUR                     bssCOMRAM    000036
_PDC0H                               (abs)        000F78
_PDC0L                               (abs)        000F79
_PDC1H                               (abs)        000F76
_PDC1L                               (abs)        000F77
_PDC2H                               (abs)        000F74
_PDC2L                               (abs)        000F75
_PDC3H                               (abs)        000F72
_PDC3L                               (abs)        000F73
_PID                                 bssBANK1     000100
_PIE1bits                            (abs)        000F9D
_PIE2bits                            (abs)        000FA0
_PIE3bits                            (abs)        000FA3
_PIR1bits                            (abs)        000F9E
_PIR2bits                            (abs)        000FA1
_PIR3bits                            (abs)        000FA4
_PORTBbits                           (abs)        000F81
_PORTCbits                           (abs)        000F82
_PORTDbits                           (abs)        000F83
_POSCNTH                             (abs)        000F67
_POSCNTL                             (abs)        000F66
_PTCON0bits                          (abs)        000F7F
_PTCON1bits                          (abs)        000F7E
_PTPERH                              (abs)        000F7A
_PTPERL                              (abs)        000F7B
_PWMCON0bits                         (abs)        000F6F
_PWMCON1bits                         (abs)        000F6E
_PutIntUART                          text38       00376A
_PutcUART                            text40       001342
_PutsUART                            text39       003168
_QEICONbits                          (abs)        000FB6
_RCONbits                            (abs)        000FD0
_RCREG                               (abs)        000FAE
_RCSTAbits                           (abs)        000FAB
_SPBRG                               (abs)        000FAF
_T0CONbits                           (abs)        000FD5
_T1CONbits                           (abs)        000FCD
_TMR0L                               (abs)        000FD6
_TMR0ON                              (abs)        007EAF
_TMR1                                (abs)        000FCE
_TMR1ON                              (abs)        007E68
_TRISAbits                           (abs)        000F92
_TRISBbits                           (abs)        000F93
_TRISCbits                           (abs)        000F94
_TRISDbits                           (abs)        000F95
_TRISEbits                           (abs)        000F96
_TXREG                               (abs)        000FAD
_TXSTAbits                           (abs)        000FAC
_VITESSE                             bssBANK0     0000CD
__CFG_BOREN$OFF                      (abs)        000000
__CFG_CP0$OFF                        (abs)        000000
__CFG_CP1$OFF                        (abs)        000000
__CFG_CP2$OFF                        (abs)        000000
__CFG_CP3$OFF                        (abs)        000000
__CFG_CPB$OFF                        (abs)        000000
__CFG_CPD$OFF                        (abs)        000000
__CFG_EBTR0$OFF                      (abs)        000000
__CFG_EBTR1$OFF                      (abs)        000000
__CFG_EBTR2$OFF                      (abs)        000000
__CFG_EBTR3$OFF                      (abs)        000000
__CFG_EBTRB$OFF                      (abs)        000000
__CFG_EXCLKMX$RC3                    (abs)        000000
__CFG_FCMEN$OFF                      (abs)        000000
__CFG_FLTAMX$RC1                     (abs)        000000
__CFG_HPOL$HIGH                      (abs)        000000
__CFG_IESO$OFF                       (abs)        000000
__CFG_LPOL$HIGH                      (abs)        000000
__CFG_LVP$OFF                        (abs)        000000
__CFG_MCLRE$ON                       (abs)        000000
__CFG_OSC$HSPLL                      (abs)        000000
__CFG_PWM4MX$RB5                     (abs)        000000
__CFG_PWMPIN$OFF                     (abs)        000000
__CFG_PWRTEN$OFF                     (abs)        000000
__CFG_SSPMX$RC7                      (abs)        000000
__CFG_STVREN$OFF                     (abs)        000000
__CFG_T1OSCMX$OFF                    (abs)        000000
__CFG_WDPS$32768                     (abs)        000000
__CFG_WDTEN$OFF                      (abs)        000000
__CFG_WINEN$OFF                      (abs)        000000
__CFG_WRT0$OFF                       (abs)        000000
__CFG_WRT1$OFF                       (abs)        000000
__CFG_WRT2$OFF                       (abs)        000000
__CFG_WRT3$OFF                       (abs)        000000
__CFG_WRTB$OFF                       (abs)        000000
__CFG_WRTC$OFF                       (abs)        000000
__CFG_WRTD$OFF                       (abs)        000000
__HRAM                               (abs)        000000
__Habs1                              abs1         000000
__Hbank0                             bank0        000000
__Hbank1                             bank1        000000
__Hbank2                             bank2        000000
__Hbigbss                            bigbss       000000
__Hbigdata                           bigdata      000000
__Hbigram                            bigram       000000
__Hbss                               bss          000000
__HbssBANK0                          bssBANK0     000000
__HbssBANK1                          bssBANK1     000000
__HbssCOMRAM                         bssCOMRAM    000000
__Hcinit                             cinit        000000
__Hclrtext                           clrtext      000000
__Hcomram                            comram       000000
__Hconfig                            config       30000E
__Hconst                             const        000000
__HcstackBANK0                       cstackBANK0  000000
__HcstackBANK1                       cstackBANK1  000000
__HcstackCOMRAM                      cstackCOMRAM 000000
__Hdata                              data         000000
__HdataBANK0                         dataBANK0    000000
__Heeprom_data                       eeprom_data  000000
__Hend_init                          end_init     0000AC
__Hfarbss                            farbss       000000
__Hfardata                           fardata      000000
__Hibigdata                          ibigdata     000000
__Hidata                             idata        000000
__HidataBANK0                        idataBANK0   000000
__Hidloc                             idloc        200008
__Hifardata                          ifardata     000000
__Hinit                              init         0000A8
__Hintcode                           intcode      000018
__Hintcode_body                      intcode_body 000000
__Hintcodelo                         intcodelo    0000A8
__Hintentry                          intentry     000000
__Hintret                            intret       000000
__Hintsave_regs                      intsave_regs 000000
__Hirdata                            irdata       000000
__Hmediumconst                       mediumconst  000000
__HnvFARRAM                          nvFARRAM     000000
__Hnvbit                             nvbit        000000
__Hnvrram                            nvrram       000000
__Hparam                             rparam       000000
__Hpowerup                           powerup      0000A8
__Hram                               ram          000000
__Hramtop                            ramtop       000300
__Hrbit                              rbit         000000
__Hrbss                              rbss         000000
__Hrdata                             rdata        000000
__Hreset_vec                         reset_vec    000004
__Hrparam                            rparam       000000
__Hsfr                               sfr          000000
__Hsmallconst                        smallconst   0003DA
__Hspace_0                           (abs)        30000E
__Hspace_1                           (abs)        0001F6
__Hspace_2                           (abs)        000000
__Hstack                             stack        000000
__Hstruct                            struct       000000
__Htemp                              temp         000000
__Htext                              text         000000
__Htext0                             text0        000000
__Htext1                             text1        000000
__Htext10                            text10       000000
__Htext11                            text11       000000
__Htext12                            text12       000000
__Htext13                            text13       000000
__Htext14                            text14       000000
__Htext15                            text15       000000
__Htext16                            text16       000000
__Htext17                            text17       000000
__Htext18                            text18       000000
__Htext19                            text19       000000
__Htext2                             text2        000000
__Htext20                            text20       000000
__Htext21                            text21       000000
__Htext22                            text22       000000
__Htext23                            text23       000000
__Htext24                            text24       000000
__Htext25                            text25       000000
__Htext26                            text26       000000
__Htext27                            text27       000000
__Htext28                            text28       000000
__Htext29                            text29       000000
__Htext3                             text3        000000
__Htext30                            text30       000000
__Htext31                            text31       000000
__Htext32                            text32       000000
__Htext33                            text33       000000
__Htext34                            text34       000000
__Htext35                            text35       000000
__Htext36                            text36       000000
__Htext37                            text37       000000
__Htext38                            text38       000000
__Htext39                            text39       000000
__Htext4                             text4        000000
__Htext40                            text40       000000
__Htext41                            text41       000000
__Htext42                            text42       000000
__Htext43                            text43       000000
__Htext45                            text45       000000
__Htext46                            text46       000000
__Htext47                            text47       000000
__Htext48                            text48       000000
__Htext49                            text49       000000
__Htext5                             text5        000000
__Htext50                            text50       000000
__Htext51                            text51       000000
__Htext52                            text52       000000
__Htext53                            text53       000000
__Htext55                            text55       000000
__Htext56                            text56       000000
__Htext57                            text57       000000
__Htext58                            text58       000000
__Htext59                            text59       000000
__Htext6                             text6        000000
__Htext60                            text60       000000
__Htext61                            text61       000000
__Htext62                            text62       000000
__Htext63                            text63       000000
__Htext7                             text7        000000
__Htext8                             text8        000000
__Htext9                             text9        000000
__LRAM                               (abs)        000001
__Labs1                              abs1         000000
__Lbank0                             bank0        000000
__Lbank1                             bank1        000000
__Lbank2                             bank2        000000
__Lbigbss                            bigbss       000000
__Lbigdata                           bigdata      000000
__Lbigram                            bigram       000000
__Lbss                               bss          000000
__LbssBANK0                          bssBANK0     000000
__LbssBANK1                          bssBANK1     000000
__LbssCOMRAM                         bssCOMRAM    000000
__Lcinit                             cinit        000000
__Lclrtext                           clrtext      000000
__Lcomram                            comram       000000
__Lconfig                            config       300000
__Lconst                             const        000000
__LcstackBANK0                       cstackBANK0  000000
__LcstackBANK1                       cstackBANK1  000000
__LcstackCOMRAM                      cstackCOMRAM 000000
__Ldata                              data         000000
__LdataBANK0                         dataBANK0    000000
__Leeprom_data                       eeprom_data  000000
__Lend_init                          end_init     0000A8
__Lfarbss                            farbss       000000
__Lfardata                           fardata      000000
__Libigdata                          ibigdata     000000
__Lidata                             idata        000000
__LidataBANK0                        idataBANK0   000000
__Lidloc                             idloc        200000
__Lifardata                          ifardata     000000
__Linit                              init         0000A8
__Lintcode                           intcode      000008
__Lintcode_body                      intcode_body 000000
__Lintcodelo                         intcodelo    000018
__Lintentry                          intentry     000000
__Lintret                            intret       000000
__Lintsave_regs                      intsave_regs 000000
__Lirdata                            irdata       000000
__Lmediumconst                       mediumconst  000000
__LnvFARRAM                          nvFARRAM     000000
__Lnvbit                             nvbit        000000
__Lnvrram                            nvrram       000000
__Lparam                             rparam       000000
__Lpowerup                           powerup      0000A8
__Lram                               ram          000000
__Lramtop                            ramtop       000300
__Lrbit                              rbit         000000
__Lrbss                              rbss         000000
__Lrdata                             rdata        000000
__Lreset_vec                         reset_vec    000000
__Lrparam                            rparam       000000
__Lsfr                               sfr          000000
__Lsmallconst                        smallconst   000300
__Lspace_0                           (abs)        000000
__Lspace_1                           (abs)        000000
__Lspace_2                           (abs)        000000
__Lstack                             stack        000000
__Lstruct                            struct       000000
__Ltemp                              temp         000000
__Ltext                              text         000000
__Ltext0                             text0        000000
__Ltext1                             text1        000000
__Ltext10                            text10       000000
__Ltext11                            text11       000000
__Ltext12                            text12       000000
__Ltext13                            text13       000000
__Ltext14                            text14       000000
__Ltext15                            text15       000000
__Ltext16                            text16       000000
__Ltext17                            text17       000000
__Ltext18                            text18       000000
__Ltext19                            text19       000000
__Ltext2                             text2        000000
__Ltext20                            text20       000000
__Ltext21                            text21       000000
__Ltext22                            text22       000000
__Ltext23                            text23       000000
__Ltext24                            text24       000000
__Ltext25                            text25       000000
__Ltext26                            text26       000000
__Ltext27                            text27       000000
__Ltext28                            text28       000000
__Ltext29                            text29       000000
__Ltext3                             text3        000000
__Ltext30                            text30       000000
__Ltext31                            text31       000000
__Ltext32                            text32       000000
__Ltext33                            text33       000000
__Ltext34                            text34       000000
__Ltext35                            text35       000000
__Ltext36                            text36       000000
__Ltext37                            text37       000000
__Ltext38                            text38       000000
__Ltext39                            text39       000000
__Ltext4                             text4        000000
__Ltext40                            text40       000000
__Ltext41                            text41       000000
__Ltext42                            text42       000000
__Ltext43                            text43       000000
__Ltext45                            text45       000000
__Ltext46                            text46       000000
__Ltext47                            text47       000000
__Ltext48                            text48       000000
__Ltext49                            text49       000000
__Ltext5                             text5        000000
__Ltext50                            text50       000000
__Ltext51                            text51       000000
__Ltext52                            text52       000000
__Ltext53                            text53       000000
__Ltext55                            text55       000000
__Ltext56                            text56       000000
__Ltext57                            text57       000000
__Ltext58                            text58       000000
__Ltext59                            text59       000000
__Ltext6                             text6        000000
__Ltext60                            text60       000000
__Ltext61                            text61       000000
__Ltext62                            text62       000000
__Ltext63                            text63       000000
__Ltext7                             text7        000000
__Ltext8                             text8        000000
__Ltext9                             text9        000000
__S0                                 (abs)        30000E
__S1                                 (abs)        0001F6
__S2                                 (abs)        000000
___altoft                            text9        002C9C
___altoft@c                          cstackBANK0  00006F
___altoft@exp                        cstackBANK0  000077
___altoft@sign                       cstackBANK0  000078
___awdiv                             text43       00299C
___awdiv@counter                     cstackBANK0  00006A
___awdiv@dividend                    cstackBANK0  000066
___awdiv@divisor                     cstackBANK0  000068
___awdiv@quotient                    cstackBANK0  00006C
___awdiv@sign                        cstackBANK0  00006B
___ftadd                             text30       001CA4
___ftadd@exp1                        cstackBANK0  000085
___ftadd@exp2                        cstackBANK0  000084
___ftadd@f1                          cstackBANK0  00007A
___ftadd@f2                          cstackBANK0  00007D
___ftadd@sign                        cstackBANK0  000083
___ftdiv                             text14       002240
___ftdiv@cntr                        cstackBANK0  00009B
___ftdiv@exp                         cstackBANK0  00009F
___ftdiv@f1                          cstackBANK0  000092
___ftdiv@f2                          cstackBANK0  000095
___ftdiv@f3                          cstackBANK0  00009C
___ftdiv@sign                        cstackBANK0  0000A0
___ftge                              text35       002A6C
___ftge@ff1                          cstackBANK0  00007A
___ftge@ff2                          cstackBANK0  00007D
___ftmul                             text33       0020E4
___ftmul@cntr                        cstackBANK0  000075
___ftmul@exp                         cstackBANK0  000071
___ftmul@f1                          cstackBANK0  000068
___ftmul@f2                          cstackBANK0  00006B
___ftmul@f3_as_product               cstackBANK0  000072
___ftmul@sign                        cstackBANK0  000076
___ftneg                             text32       00369C
___ftneg@f1                          cstackBANK0  000077
___ftpack                            text34       0024B4
___ftpack@arg                        cstackBANK0  000060
___ftpack@exp                        cstackBANK0  000063
___ftpack@sign                       cstackBANK0  000064
___ftsub                             text29       0033BC
___ftsub@f1                          cstackBANK0  00008E
___ftsub@f2                          cstackBANK0  000091
___fttol                             text37       002382
___fttol@exp1                        cstackBANK0  00006E
___fttol@f1                          cstackBANK0  000060
___fttol@lval                        cstackBANK0  00006A
___fttol@sign1                       cstackBANK0  000069
___inthi_sp                          stack        000000
___intlo_sp                          stack        000000
___lwtoft                            text13       0036CC
___lwtoft@c                          cstackBANK0  000068
___param_bank                        (abs)        000010
___rparam_used                       (abs)        000001
___sp                                stack        000000
___wmul                              text42       003664
___wmul@multiplicand                 cstackBANK0  000062
___wmul@multiplier                   cstackBANK0  000060
___wmul@product                      cstackBANK0  000064
__accesstop                          (abs)        000060
__activetblptr                       (abs)        000002
__end_of_ConfigInterrupt             text26       002F74
__end_of_ConfigPorts                 text25       002EEC
__end_of_Cot                         text3        0032AC
__end_of_IntToC                      text41       001A08
__end_of_PutIntUART                  text38       00378C
__end_of_PutcUART                    text40       0016C0
__end_of_PutsUART                    text39       0031D6
__end_of___altoft                    text9        002D3E
__end_of___awdiv                     text43       002A6C
__end_of___ftadd                     text30       001F22
__end_of___ftdiv                     text14       002382
__end_of___ftge                      text35       002B3A
__end_of___ftmul                     text33       002240
__end_of___ftneg                     text32       0036CC
__end_of___ftpack                    text34       0025D4
__end_of___ftsub                     text29       00340C
__end_of___fttol                     text37       0024B4
__end_of___lwtoft                    text13       0036F8
__end_of___wmul                      text42       00369C
__end_of__initialization             cinit        0035AA
__end_of_affichage_position          text36       003168
__end_of_config_QEI                  text24       003368
__end_of_config_pwm                  text23       0034E8
__end_of_config_uart                 text22       0037A8
__end_of_conversion_degre_radian     text11       0033BC
__end_of_cos                         text5        002BF2
__end_of_envoit_pwm                  text31       00299C
__end_of_eval_poly                   text10       0028BA
__end_of_floor                       text7        0026D0
__end_of_frexp                       text8        002E5E
__end_of_get_distance                text27       0027CC
__end_of_high_isr                    intcode_body 003242
__end_of_init_capteur                text21       002C9C
__end_of_init_system                 text15       003722
__end_of_init_timer_0                text20       0037D6
__end_of_init_timer_1                text19       0037C0
__end_of_init_uart_logiciel          text18       0037F8
__end_of_init_uart_reception         text17       0037EA
__end_of_interrupt_RX                text53       0035F0
__end_of_interrupt_TX                text52       003814
__end_of_interruption_INT0           text51       003456
__end_of_interruption_QEI            text50       003746
__end_of_interruption_timer0         text49       003800
__end_of_interruption_timer1         text48       00352E
__end_of_interruption_timer2         text47       003810
__end_of_interuption_QEI_sens        text46       00380C
__end_of_low_isr                     intcodelo    0000A8
__end_of_main                        text0        001342
__end_of_obtention_angle             text12       0030F4
__end_of_reglage_PID                 text16       003664
__end_of_saturation                  text2        002DCE
__end_of_sin                         text6        001CA4
__end_of_sqrt                        text28       0020E4
__end_of_subroutine_interruptions    text45       002FF8
__end_of_tan                         text4        003310
__end_of_triangulation               text1        000D1E
__end_ofi2_interrupt_RX              text63       00362C
__end_ofi2_interrupt_TX              text62       003820
__end_ofi2_interruption_INT0         text61       0034A0
__end_ofi2_interruption_QEI          text60       00376A
__end_ofi2_interruption_timer0       text59       003808
__end_ofi2_interruption_timer1       text58       003574
__end_ofi2_interruption_timer2       text57       00381C
__end_ofi2_interuption_QEI_sens      text56       003818
__end_ofi2_subroutine_interruptions  text55       00307C
__end_ofsin@coeff_a                  smallconst   000310
__end_ofsin@coeff_b                  smallconst   00031C
__initialization                     cinit        003574
__mediumconst                        mediumconst  000000
__pbssBANK0                          bssBANK0     0000C4
__pbssBANK1                          bssBANK1     000100
__pbssCOMRAM                         bssCOMRAM    000026
__pcinit                             cinit        003574
__pcstackBANK0                       cstackBANK0  000060
__pcstackBANK1                       cstackBANK1  00018E
__pcstackCOMRAM                      cstackCOMRAM 000001
__pdataBANK0                         dataBANK0    0000FF
__pidataBANK0                        idataBANK0   003820
__pintcode                           intcode      000008
__pintcode_body                      intcode_body 0031D6
__pintcodelo                         intcodelo    000018
__psmallconst                        smallconst   000300
__ptext0                             text0        000D1E
__ptext1                             text1        0003DA
__ptext10                            text10       0027CC
__ptext11                            text11       003368
__ptext12                            text12       00307C
__ptext13                            text13       0036CC
__ptext14                            text14       002240
__ptext15                            text15       0036F8
__ptext16                            text16       00362C
__ptext17                            text17       0037D6
__ptext18                            text18       0037EA
__ptext19                            text19       0037A8
__ptext2                             text2        002D3E
__ptext20                            text20       0037C0
__ptext21                            text21       002BF2
__ptext22                            text22       00378C
__ptext23                            text23       0034A0
__ptext24                            text24       003310
__ptext25                            text25       002E5E
__ptext26                            text26       002EEC
__ptext27                            text27       0026D0
__ptext28                            text28       001F22
__ptext29                            text29       0033BC
__ptext3                             text3        003242
__ptext30                            text30       001CA4
__ptext31                            text31       0028BA
__ptext32                            text32       00369C
__ptext33                            text33       0020E4
__ptext34                            text34       0024B4
__ptext35                            text35       002A6C
__ptext36                            text36       0030F4
__ptext37                            text37       002382
__ptext38                            text38       00376A
__ptext39                            text39       003168
__ptext4                             text4        0032AC
__ptext40                            text40       001342
__ptext41                            text41       0016C0
__ptext42                            text42       003664
__ptext43                            text43       00299C
__ptext45                            text45       002F74
__ptext46                            text46       003808
__ptext47                            text47       00380C
__ptext48                            text48       0034E8
__ptext49                            text49       0037F8
__ptext5                             text5        002B3A
__ptext50                            text50       003722
__ptext51                            text51       00340C
__ptext52                            text52       003810
__ptext53                            text53       0035B4
__ptext55                            text55       002FF8
__ptext56                            text56       003814
__ptext57                            text57       003818
__ptext58                            text58       00352E
__ptext59                            text59       003800
__ptext6                             text6        001A08
__ptext60                            text60       003746
__ptext61                            text61       003456
__ptext62                            text62       00381C
__ptext63                            text63       0035F0
__ptext7                             text7        0025D4
__ptext8                             text8        002DCE
__ptext9                             text9        002C9C
__ramtop                             ramtop       000300
__size_of_ConfigInterrupt            (abs)        000000
__size_of_ConfigPorts                (abs)        000000
__size_of_Cot                        (abs)        000000
__size_of_IntToC                     (abs)        000000
__size_of_PutIntUART                 (abs)        000000
__size_of_PutcUART                   (abs)        000000
__size_of_PutsUART                   (abs)        000000
__size_of___altoft                   (abs)        000000
__size_of___awdiv                    (abs)        000000
__size_of___ftadd                    (abs)        000000
__size_of___ftdiv                    (abs)        000000
__size_of___ftge                     (abs)        000000
__size_of___ftmul                    (abs)        000000
__size_of___ftneg                    (abs)        000000
__size_of___ftpack                   (abs)        000000
__size_of___ftsub                    (abs)        000000
__size_of___fttol                    (abs)        000000
__size_of___lwtoft                   (abs)        000000
__size_of___wmul                     (abs)        000000
__size_of_affichage_position         (abs)        000000
__size_of_config_QEI                 (abs)        000000
__size_of_config_pwm                 (abs)        000000
__size_of_config_uart                (abs)        000000
__size_of_conversion_degre_radian    (abs)        000000
__size_of_cos                        (abs)        000000
__size_of_envoit_pwm                 (abs)        000000
__size_of_eval_poly                  (abs)        000000
__size_of_floor                      (abs)        000000
__size_of_frexp                      (abs)        000000
__size_of_get_distance               (abs)        000000
__size_of_high_isr                   (abs)        000000
__size_of_init_capteur               (abs)        000000
__size_of_init_system                (abs)        000000
__size_of_init_timer_0               (abs)        000000
__size_of_init_timer_1               (abs)        000000
__size_of_init_uart_logiciel         (abs)        000000
__size_of_init_uart_reception        (abs)        000000
__size_of_interrupt_RX               (abs)        000000
__size_of_interrupt_TX               (abs)        000000
__size_of_interruption_INT0          (abs)        000000
__size_of_interruption_QEI           (abs)        000000
__size_of_interruption_timer0        (abs)        000000
__size_of_interruption_timer1        (abs)        000000
__size_of_interruption_timer2        (abs)        000000
__size_of_interuption_QEI_sens       (abs)        000000
__size_of_low_isr                    (abs)        000000
__size_of_main                       (abs)        000000
__size_of_obtention_angle            (abs)        000000
__size_of_reglage_PID                (abs)        000000
__size_of_saturation                 (abs)        000000
__size_of_sin                        (abs)        000000
__size_of_sqrt                       (abs)        000000
__size_of_subroutine_interruptions   (abs)        000000
__size_of_tan                        (abs)        000000
__size_of_triangulation              (abs)        000000
__size_ofi2_interrupt_RX             (abs)        000000
__size_ofi2_interrupt_TX             (abs)        000000
__size_ofi2_interruption_INT0        (abs)        000000
__size_ofi2_interruption_QEI         (abs)        000000
__size_ofi2_interruption_timer0      (abs)        000000
__size_ofi2_interruption_timer1      (abs)        000000
__size_ofi2_interruption_timer2      (abs)        000000
__size_ofi2_interuption_QEI_sens     (abs)        000000
__size_ofi2_subroutine_interruptions (abs)        000000
__smallconst                         smallconst   000300
_affichage_position                  text36       0030F4
_capteur                             bssBANK0     0000D9
_config_QEI                          text24       003310
_config_pwm                          text23       0034A0
_config_uart                         text22       00378C
_conversion_degre_radian             text11       003368
_cos                                 text5        002B3A
_cos$3252                            cstackBANK0  0000B1
_envoit_pwm                          text31       0028BA
_errno                               bssCOMRAM    000034
_eval_poly                           text10       0027CC
_flag_cpateur                        bssCOMRAM    000037
_floor                               text7        0025D4
_frexp                               text8        002DCE
_get_distance                        text27       0026D0
_get_distance$3249                   cstackBANK0  0000B6
_high_isr                            intcode      000008
_init_capteur                        text21       002BF2
_init_system                         text15       0036F8
_init_timer_0                        text20       0037C0
_init_timer_1                        text19       0037A8
_init_uart_logiciel                  text18       0037EA
_init_uart_reception                 text17       0037D6
_interrupt_RX                        text53       0035B4
_interrupt_TX                        text52       003810
_interruption_INT0                   text51       00340C
_interruption_QEI                    text50       003722
_interruption_timer0                 text49       0037F8
_interruption_timer1                 text48       0034E8
_interruption_timer2                 text47       00380C
_interuption_QEI_sens                text46       003808
_low_isr                             intcodelo    000018
_main                                text0        000D1E
_obtention_angle                     text12       00307C
_position                            bssCOMRAM    000026
_reglage_PID                         text16       00362C
_saturation                          text2        002D3E
_sin                                 text6        001A08
_sin$3253                            cstackBANK0  0000A7
_sqrt                                text28       001F22
_subroutine_interruptions            text45       002F74
_tan                                 text4        0032AC
_tan$3250                            cstackBANK0  0000B7
_tan$3251                            cstackBANK0  0000BA
_triangulation                       text1        0003DA
_triangulation$3242                  cstackBANK1  0001C2
_triangulation$3243                  cstackBANK1  0001D4
_triangulation$3244                  cstackBANK1  0001DA
_triangulation$3245                  cstackBANK1  0001C5
_triangulation$3246                  cstackBANK1  0001B6
_uart_logiciel                       bssCOMRAM    000038
_uart_reception                      bssBANK1     000116
affichage_position@x                 cstackBANK0  000086
affichage_position@y                 cstackBANK0  000089
asserv@commande                      bssCOMRAM    000045
conversion_degre_radian@angle        cstackBANK0  0000A1
cos@f                                cstackBANK0  0000AE
end_of_initialization                cinit        0035AA
envoit_pwm@abs_valeur                cstackBANK0  000086
envoit_pwm@valeur                    cstackBANK0  000083
eval_poly@d                          cstackBANK0  000089
eval_poly@n                          cstackBANK0  00008B
eval_poly@res                        cstackBANK0  00008F
eval_poly@x                          cstackBANK0  000086
floor@expon                          cstackBANK0  00008C
floor@i                              cstackBANK0  000089
floor@x                              cstackBANK0  000086
fonction_PID@commande                bssCOMRAM    000031
frexp@eptr                           cstackBANK0  000063
frexp@value                          cstackBANK0  000060
get_distance@ancien_x                cstackBANK0  0000A7
get_distance@ancien_y                cstackBANK0  0000AA
get_distance@delta_x                 cstackBANK0  0000B9
get_distance@delta_y                 cstackBANK0  0000BC
get_distance@distance                cstackBANK0  0000B3
get_distance@x                       cstackBANK0  0000AD
get_distance@y                       cstackBANK0  0000B0
get_valeur_codeur@res                bssBANK1     000112
i2_interrupt_RX                      text63       0035F0
i2_interrupt_TX                      text62       00381C
i2_interruption_INT0                 text61       003456
i2_interruption_QEI                  text60       003746
i2_interruption_timer0               text59       003800
i2_interruption_timer1               text58       00352E
i2_interruption_timer2               text57       003818
i2_interuption_QEI_sens              text56       003814
i2_subroutine_interruptions          text55       002FF8
i2interrupt_RX@temp                  cstackCOMRAM 000015
i2subroutine_interruptions@priorite  cstackCOMRAM 000017
int_func                             intcode_body 0031D6
interrupt_RX@temp                    cstackCOMRAM 000001
intlevel0                            text         000000
intlevel1                            text         000000
intlevel2                            text         000000
intlevel3                            text         000000
main@ancien_x                        bssBANK0     0000D3
main@ancien_y                        bssBANK0     0000D6
main@distance                        bssBANK1     000109
main@i                               cstackBANK1  0001F4
main@premiere_fois                   dataBANK0    0000FF
main@x                               bssBANK0     0000F6
main@y                               bssBANK1     00017D
obtention_angle@angle                cstackBANK0  0000A4
obtention_angle@position             cstackBANK0  0000A1
saturation@maximum                   cstackBANK0  000086
saturation@valeur                    cstackBANK0  000083
sin@coeff_a                          smallconst   000301
sin@coeff_b                          smallconst   000310
sin@f                                cstackBANK0  0000A1
sin@sgn                              cstackBANK0  0000AD
sin@x2                               cstackBANK0  0000AA
sin@y                                cstackBANK0  0000A4
sqrt@i                               cstackBANK0  0000A0
sqrt@og                              cstackBANK0  00009A
sqrt@q                               cstackBANK0  0000A1
sqrt@x                               cstackBANK0  0000A4
sqrt@y                               cstackBANK0  000094
sqrt@z                               cstackBANK0  00009D
stackhi                              (abs)        0002FF
stacklo                              (abs)        0001F6
start                                init         0000A8
start_initialization                 cinit        003574
subroutine_interruptions@priorite    cstackCOMRAM 000003
tan@x                                cstackBANK0  0000B4
triangulation@D                      cstackBANK1  0001B0
triangulation@K                      cstackBANK1  0001BF
triangulation@angle1                 cstackBANK1  000192
triangulation@angle2                 cstackBANK1  000195
triangulation@angle3                 cstackBANK1  000198
triangulation@c12x                   cstackBANK1  0001B9
triangulation@c12y                   cstackBANK1  0001BC
triangulation@c23x                   cstackBANK1  0001CE
triangulation@c23y                   cstackBANK1  0001D1
triangulation@c31x                   cstackBANK1  0001A7
triangulation@c31y                   cstackBANK1  0001AA
triangulation@cot_12                 cstackBANK1  0001DD
triangulation@cot_23                 cstackBANK1  0001E0
triangulation@cot_31                 cstackBANK1  0001D7
triangulation@invD                   cstackBANK1  0001B3
triangulation@k31                    cstackBANK1  0001AD
triangulation@x                      cstackBANK1  00018E
triangulation@x1                     cstackBANK1  00019B
triangulation@x1_                    cstackBANK1  0001E3
triangulation@x2                     cstackBANK1  0001C8
triangulation@x3                     cstackBANK1  0001A1
triangulation@x3_                    cstackBANK1  0001E9
triangulation@y                      cstackBANK1  000190
triangulation@y1                     cstackBANK1  00019E
triangulation@y1_                    cstackBANK1  0001E6
triangulation@y2                     cstackBANK1  0001CB
triangulation@y3                     cstackBANK1  0001A4
triangulation@y3_                    cstackBANK1  0001EC


FUNCTION INFORMATION:

 *************** function _main *****************
 Defined at:
		line 83 in file "main.c"
 Parameters:    Size  Location     Type
  argc            2   97[BANK1 ] int 
  argv            3   99[BANK1 ] PTR PTR unsigned char 
 Auto vars:     Size  Location     Type
  i               2  102[BANK1 ] int 
 Return value:  Size  Location     Type
                  2   97[BANK1 ] int 
 Registers used:
		wreg, fsr0l, fsr0h, fsr1l, fsr1h, fsr2l, fsr2h, status,2, status,0, tblptrl, tblptrh, tblptru, prodl, prodh, cstack
 Tracked objects:
		On entry : 
		On exit  : 
		Unchanged: 
 Data sizes:     COMRAM   BANK0   BANK1   BANK2
      Params:         0       0       5       0
      Locals:         0       0       2       0
      Temps:          0       1       0       0
      Totals:         0       1       7       0
Total ram usage:        8 bytes
 Hardware stack levels required when called:   14
 This function calls:
		_PutIntUART
		_PutsUART
		___ftge
		___wmul
		_affichage_position
		_envoit_pwm
		_get_distance
		_init_system
		_obtention_angle
		_triangulation
 This function is called by:
		Startup code after reset
 This function uses a non-reentrant model


 *************** function _triangulation *****************
 Defined at:
		line 24 in file "triangulation.c"
 Parameters:    Size  Location     Type
  x               2    0[BANK1 ] PTR 
		 -> main@x(9), 
  y               2    2[BANK1 ] PTR 
		 -> main@y(9), 
  angle1          3    4[BANK1 ] PTR 
  angle2          3    7[BANK1 ] PTR 
  angle3          3   10[BANK1 ] PTR 
 Auto vars:     Size  Location     Type
  y3_             3   94[BANK1 ] PTR 
  x3_             3   91[BANK1 ] PTR 
  y1_             3   88[BANK1 ] PTR 
  x1_             3   85[BANK1 ] PTR 
  cot_23          3   82[BANK1 ] PTR 
  cot_12          3   79[BANK1 ] PTR 
  cot_31          3   73[BANK1 ] PTR 
  c23y            3   67[BANK1 ] PTR 
  c23x            3   64[BANK1 ] PTR 
  y2              3   61[BANK1 ] const 
  x2              3   58[BANK1 ] const 
  K               3   49[BANK1 ] const 
  c12y            3   46[BANK1 ] const 
  c12x            3   43[BANK1 ] const 
  invD            3   37[BANK1 ] const 
  D               3   34[BANK1 ] const 
  k31             3   31[BANK1 ] const 
  c31y            3   28[BANK1 ] const 
  c31x            3   25[BANK1 ] const 
  y3              3   22[BANK1 ] const 
  x3              3   19[BANK1 ] const 
  y1              3   16[BANK1 ] const 
  x1              3   13[BANK1 ] const 
 Return value:  Size  Location     Type
		None               void
 Registers used:
		wreg, fsr2l, fsr2h, status,2, status,0, tblptrl, tblptrh, tblptru, prodl, prodh, cstack
 Tracked objects:
		On entry : 
		On exit  : 
		Unchanged: 
 Data sizes:     COMRAM   BANK0   BANK1   BANK2
      Params:         0       0      13       0
      Locals:         0       0      84       0
      Temps:          0       0       0       0
      Totals:         0       0      97       0
Total ram usage:       97 bytes
 Hardware stack levels used:    1
 Hardware stack levels required when called:   13
 This function calls:
		_Cot
		___ftadd
		___ftdiv
		___ftmul
		___ftneg
		_saturation
 This function is called by:
		_main
 This function uses a non-reentrant model


 *************** function _saturation *****************
 Defined at:
		line 61 in file "triangulation.c"
 Parameters:    Size  Location     Type
  valeur          3   35[BANK0 ] const 
  maximum         3   38[BANK0 ] const 
 Auto vars:     Size  Location     Type
		None
 Return value:  Size  Location     Type
                  3   35[BANK0 ] const 
 Registers used:
		wreg, status,2, status,0, cstack
 Tracked objects:
		On entry : 
		On exit  : 
		Unchanged: 
 Data sizes:     COMRAM   BANK0   BANK1   BANK2
      Params:         0       6       0       0
      Locals:         0       0       0       0
      Temps:          0       0       0       0
      Totals:         0       6       0       0
Total ram usage:        6 bytes
 Hardware stack levels used:    1
 Hardware stack levels required when called:    7
 This function calls:
		___ftge
		___ftneg
 This function is called by:
		_triangulation
 This function uses a non-reentrant model


 *************** function _Cot *****************
 Defined at:
		line 54 in file "triangulation.c"
 Parameters:    Size  Location     Type
  angle           3   93[BANK0 ] const 
 Auto vars:     Size  Location     Type
		None
 Return value:  Size  Location     Type
                  3   93[BANK0 ] const 
 Registers used:
		wreg, fsr2l, fsr2h, status,2, status,0, tblptrl, tblptrh, tblptru, prodl, prodh, cstack
 Tracked objects:
		On entry : 
		On exit  : 
		Unchanged: 
 Data sizes:     COMRAM   BANK0   BANK1   BANK2
      Params:         0       3       0       0
      Locals:         0       3       0       0
      Temps:          0       0       0       0
      Totals:         0       6       0       0
Total ram usage:        6 bytes
 Hardware stack levels used:    1
 Hardware stack levels required when called:   12
 This function calls:
		___ftdiv
		_conversion_degre_radian
		_tan
 This function is called by:
		_triangulation
 This function uses a non-reentrant model


 *************** function _tan *****************
 Defined at:
		line 9 in file "C:\Program Files (x86)\Microchip\xc8\v1.34\sources\common\tan.c"
 Parameters:    Size  Location     Type
  x               3   84[BANK0 ] const 
 Auto vars:     Size  Location     Type
		None
 Return value:  Size  Location     Type
                  3   84[BANK0 ] const 
 Registers used:
		wreg, fsr2l, fsr2h, status,2, status,0, tblptrl, tblptrh, tblptru, prodl, prodh, cstack
 Tracked objects:
		On entry : 
		On exit  : 
		Unchanged: 
 Data sizes:     COMRAM   BANK0   BANK1   BANK2
      Params:         0       3       0       0
      Locals:         0       6       0       0
      Temps:          0       0       0       0
      Totals:         0       9       0       0
Total ram usage:        9 bytes
 Hardware stack levels used:    1
 Hardware stack levels required when called:   11
 This function calls:
		___ftdiv
		_cos
		_sin
 This function is called by:
		_Cot
 This function uses a non-reentrant model


 *************** function _cos *****************
 Defined at:
		line 13 in file "C:\Program Files (x86)\Microchip\xc8\v1.34\sources\common\cos.c"
 Parameters:    Size  Location     Type
  f               3   78[BANK0 ] const 
 Auto vars:     Size  Location     Type
		None
 Return value:  Size  Location     Type
                  3   78[BANK0 ] const 
 Registers used:
		wreg, fsr2l, fsr2h, status,2, status,0, tblptrl, tblptrh, tblptru, prodl, prodh, cstack
 Tracked objects:
		On entry : 
		On exit  : 
		Unchanged: 
 Data sizes:     COMRAM   BANK0   BANK1   BANK2
      Params:         0       3       0       0
      Locals:         0       3       0       0
      Temps:          0       0       0       0
      Totals:         0       6       0       0
Total ram usage:        6 bytes
 Hardware stack levels used:    1
 Hardware stack levels required when called:   10
 This function calls:
		___ftadd
		___ftge
		_sin
 This function is called by:
		_tan
 This function uses a non-reentrant model


 *************** function _sin *****************
 Defined at:
		line 13 in file "C:\Program Files (x86)\Microchip\xc8\v1.34\sources\common\sin.c"
 Parameters:    Size  Location     Type
  f               3   65[BANK0 ] const 
 Auto vars:     Size  Location     Type
  x2              3   74[BANK0 ] const 
  y               3   68[BANK0 ] const 
  sgn             1   77[BANK0 ] unsigned char 
 Return value:  Size  Location     Type
                  3   65[BANK0 ] unsigned char 
 Registers used:
		wreg, fsr2l, fsr2h, status,2, status,0, tblptrl, tblptrh, tblptru, prodl, prodh, cstack
 Tracked objects:
		On entry : 
		On exit  : 
		Unchanged: 
 Data sizes:     COMRAM   BANK0   BANK1   BANK2
      Params:         0       3       0       0
      Locals:         0      10       0       0
      Temps:          0       0       0       0
      Totals:         0      13       0       0
Total ram usage:       13 bytes
 Hardware stack levels used:    1
 Hardware stack levels required when called:    9
 This function calls:
		___ftadd
		___ftdiv
		___ftge
		___ftmul
		___ftneg
		___ftsub
		_eval_poly
		_floor
 This function is called by:
		_tan
		_cos
 This function uses a non-reentrant model


 *************** function _floor *****************
 Defined at:
		line 13 in file "C:\Program Files (x86)\Microchip\xc8\v1.34\sources\common\floor.c"
 Parameters:    Size  Location     Type
  x               3   38[BANK0 ] unsigned char 
 Auto vars:     Size  Location     Type
  i               3   41[BANK0 ] unsigned char 
  expon           2   44[BANK0 ] int 
 Return value:  Size  Location     Type
                  3   38[BANK0 ] int 
 Registers used:
		wreg, fsr2l, fsr2h, status,2, status,0, cstack
 Tracked objects:
		On entry : 
		On exit  : 
		Unchanged: 
 Data sizes:     COMRAM   BANK0   BANK1   BANK2
      Params:         0       3       0       0
      Locals:         0       5       0       0
      Temps:          0       0       0       0
      Totals:         0       8       0       0
Total ram usage:        8 bytes
 Hardware stack levels used:    1
 Hardware stack levels required when called:    8
 This function calls:
		___altoft
		___ftadd
		___ftge
		___fttol
		_frexp
 This function is called by:
		_sin
 This function uses a non-reentrant model


 *************** function _frexp *****************
 Defined at:
		line 254 in file "C:\Program Files (x86)\Microchip\xc8\v1.34\sources\common\frexp.c"
 Parameters:    Size  Location     Type
  value           3    0[BANK0 ] int 
  eptr            2    3[BANK0 ] PTR int 
		 -> floor@expon(2), 
 Auto vars:     Size  Location     Type
		None
 Return value:  Size  Location     Type
                  3    0[BANK0 ] PTR int 
 Registers used:
		wreg, fsr2l, fsr2h, status,2, status,0
 Tracked objects:
		On entry : 
		On exit  : 
		Unchanged: 
 Data sizes:     COMRAM   BANK0   BANK1   BANK2
      Params:         0       5       0       0
      Locals:         0       0       0       0
      Temps:          0       2       0       0
      Totals:         0       7       0       0
Total ram usage:        7 bytes
 Hardware stack levels used:    1
 Hardware stack levels required when called:    6
 This function calls:
		Nothing
 This function is called by:
		_floor
 This function uses a non-reentrant model


 *************** function ___altoft *****************
 Defined at:
		line 42 in file "C:\Program Files (x86)\Microchip\xc8\v1.34\sources\common\altoft.c"
 Parameters:    Size  Location     Type
  c               4   15[BANK0 ] long 
 Auto vars:     Size  Location     Type
  sign            1   24[BANK0 ] unsigned char 
  exp             1   23[BANK0 ] unsigned char 
 Return value:  Size  Location     Type
                  3   15[BANK0 ] float 
 Registers used:
		wreg, status,2, status,0, cstack
 Tracked objects:
		On entry : 
		On exit  : 
		Unchanged: 
 Data sizes:     COMRAM   BANK0   BANK1   BANK2
      Params:         0       4       0       0
      Locals:         0       2       0       0
      Temps:          0       4       0       0
      Totals:         0      10       0       0
Total ram usage:       10 bytes
 Hardware stack levels used:    1
 Hardware stack levels required when called:    7
 This function calls:
		___ftpack
 This function is called by:
		_floor
		_mesure_vitesse
 This function uses a non-reentrant model


 *************** function _eval_poly *****************
 Defined at:
		line 4 in file "C:\Program Files (x86)\Microchip\xc8\v1.34\sources\common\evalpoly.c"
 Parameters:    Size  Location     Type
  x               3   38[BANK0 ] float 
  d               2   41[BANK0 ] PTR const 
		 -> sin@coeff_a(15), sin@coeff_b(12), 
  n               2   43[BANK0 ] int 
 Auto vars:     Size  Location     Type
  res             3   47[BANK0 ] int 
 Return value:  Size  Location     Type
                  3   38[BANK0 ] int 
 Registers used:
		wreg, status,2, status,0, tblptrl, tblptrh, tblptru, prodl, prodh, cstack
 Tracked objects:
		On entry : 
		On exit  : 
		Unchanged: 
 Data sizes:     COMRAM   BANK0   BANK1   BANK2
      Params:         0       7       0       0
      Locals:         0       3       0       0
      Temps:          0       2       0       0
      Totals:         0      12       0       0
Total ram usage:       12 bytes
 Hardware stack levels used:    1
 Hardware stack levels required when called:    8
 This function calls:
		___ftadd
		___ftmul
		___wmul
 This function is called by:
		_sin
 This function uses a non-reentrant model


 *************** function _conversion_degre_radian *****************
 Defined at:
		line 70 in file "triangulation.c"
 Parameters:    Size  Location     Type
  angle           3   65[BANK0 ] int 
 Auto vars:     Size  Location     Type
		None
 Return value:  Size  Location     Type
                  3   65[BANK0 ] int 
 Registers used:
		wreg, status,2, status,0, cstack
 Tracked objects:
		On entry : 
		On exit  : 
		Unchanged: 
 Data sizes:     COMRAM   BANK0   BANK1   BANK2
      Params:         0       3       0       0
      Locals:         0       0       0       0
      Temps:          0       0       0       0
      Totals:         0       3       0       0
Total ram usage:        3 bytes
 Hardware stack levels used:    1
 Hardware stack levels required when called:    8
 This function calls:
		___ftdiv
		___ftmul
 This function is called by:
		_Cot
[...]
      Temps:          1       0       0       0
      Totals:         1       0       0       0
Total ram usage:        1 bytes
 Hardware stack levels used:    1
 Hardware stack levels required when called:    3
 This function calls:
		Nothing
 This function is called by:
		_subroutine_interruptions
 This function uses a non-reentrant model


 *************** function _interruption_timer0 *****************
 Defined at:
		line 104 in file "interruptions.c"
 Parameters:    Size  Location     Type
		None
 Auto vars:     Size  Location     Type
		None
 Return value:  Size  Location     Type
		None               void
 Registers used:
		wreg, status,2
 Tracked objects:
		On entry : 
		On exit  : 
		Unchanged: 
 Data sizes:     COMRAM   BANK0   BANK1   BANK2
      Params:         0       0       0       0
      Locals:         0       0       0       0
      Temps:          0       0       0       0
      Totals:         0       0       0       0
Total ram usage:        0 bytes
 Hardware stack levels used:    1
 Hardware stack levels required when called:    3
 This function calls:
		Nothing
 This function is called by:
		_subroutine_interruptions
 This function uses a non-reentrant model


 *************** function _interruption_QEI *****************
 Defined at:
		line 168 in file "interruptions.c"
 Parameters:    Size  Location     Type
		None
 Auto vars:     Size  Location     Type
		None
 Return value:  Size  Location     Type
		None               void
 Registers used:
		wreg, status,2, status,0
 Tracked objects:
		On entry : 
		On exit  : 
		Unchanged: 
 Data sizes:     COMRAM   BANK0   BANK1   BANK2
      Params:         0       0       0       0
      Locals:         0       0       0       0
      Temps:          0       0       0       0
      Totals:         0       0       0       0
Total ram usage:        0 bytes
 Hardware stack levels used:    1
 Hardware stack levels required when called:    3
 This function calls:
		Nothing
 This function is called by:
		_subroutine_interruptions
 This function uses a non-reentrant model


 *************** function _interruption_INT0 *****************
 Defined at:
		line 141 in file "interruptions.c"
 Parameters:    Size  Location     Type
		None
 Auto vars:     Size  Location     Type
		None
 Return value:  Size  Location     Type
		None               void
 Registers used:
		wreg, fsr2l, fsr2h, status,2, status,0, prodl, prodh
 Tracked objects:
		On entry : 
		On exit  : 
		Unchanged: 
 Data sizes:     COMRAM   BANK0   BANK1   BANK2
      Params:         0       0       0       0
      Locals:         0       0       0       0
      Temps:          2       0       0       0
      Totals:         2       0       0       0
Total ram usage:        2 bytes
 Hardware stack levels used:    1
 Hardware stack levels required when called:    3
 This function calls:
		Nothing
 This function is called by:
		_subroutine_interruptions
 This function uses a non-reentrant model


 *************** function _interrupt_TX *****************
 Defined at:
		line 226 in file "interruptions.c"
 Parameters:    Size  Location     Type
		None
 Auto vars:     Size  Location     Type
		None
 Return value:  Size  Location     Type
		None               void
 Registers used:
		None
 Tracked objects:
		On entry : 
		On exit  : 
		Unchanged: 
 Data sizes:     COMRAM   BANK0   BANK1   BANK2
      Params:         0       0       0       0
      Locals:         0       0       0       0
      Temps:          0       0       0       0
      Totals:         0       0       0       0
Total ram usage:        0 bytes
 Hardware stack levels used:    1
 Hardware stack levels required when called:    3
 This function calls:
		Nothing
 This function is called by:
		_subroutine_interruptions
 This function uses a non-reentrant model


 *************** function _interrupt_RX *****************
 Defined at:
		line 207 in file "interruptions.c"
 Parameters:    Size  Location     Type
		None
 Auto vars:     Size  Location     Type
  temp            1    0[COMRAM] unsigned char 
 Return value:  Size  Location     Type
		None               void
 Registers used:
		wreg, fsr2l, fsr2h, status,2, status,0, prodl, prodh
 Tracked objects:
		On entry : 
		On exit  : 
		Unchanged: 
 Data sizes:     COMRAM   BANK0   BANK1   BANK2
      Params:         0       0       0       0
      Locals:         1       0       0       0
      Temps:          0       0       0       0
      Totals:         1       0       0       0
Total ram usage:        1 bytes
 Hardware stack levels used:    1
 Hardware stack levels required when called:    3
 This function calls:
		Nothing
 This function is called by:
		_subroutine_interruptions
 This function uses a non-reentrant model


 *************** function _high_isr *****************
 Defined at:
		line 27 in file "interruptions.c"
 Parameters:    Size  Location     Type
		None
 Auto vars:     Size  Location     Type
		None
 Return value:  Size  Location     Type
		None               void
 Registers used:
		wreg, fsr2l, fsr2h, status,2, status,0, prodl, prodh, cstack
 Tracked objects:
		On entry : 
		On exit  : 
		Unchanged: 
 Data sizes:     COMRAM   BANK0   BANK1   BANK2
      Params:         0       0       0       0
      Locals:         0       0       0       0
      Temps:         14       0       0       0
      Totals:        14       0       0       0
Total ram usage:       14 bytes
 Hardware stack levels used:    1
 Hardware stack levels required when called:    2
 This function calls:
		i2_subroutine_interruptions
 This function is called by:
		Interrupt level 2
 This function uses a non-reentrant model


 *************** function i2_subroutine_interruptions *****************
 Defined at:
		line 43 in file "interruptions.c"
 Parameters:    Size  Location     Type
  priorite        1    wreg     unsigned char 
 Auto vars:     Size  Location     Type
  priorite        1   22[COMRAM] unsigned char 
 Return value:  Size  Location     Type
		None               void
 Registers used:
		wreg, fsr2l, fsr2h, status,2, status,0, prodl, prodh, cstack
 Tracked objects:
		On entry : 
		On exit  : 
		Unchanged: 
 Data sizes:     COMRAM   BANK0   BANK1   BANK2
      Params:         0       0       0       0
      Locals:         1       0       0       0
      Temps:          0       0       0       0
      Totals:         1       0       0       0
Total ram usage:        1 bytes
 Hardware stack levels used:    1
 Hardware stack levels required when called:    1
 This function calls:
		i2_interrupt_RX
		i2_interrupt_TX
		i2_interruption_INT0
		i2_interruption_QEI
		i2_interruption_timer0
		i2_interruption_timer1
		i2_interruption_timer2
		i2_interuption_QEI_sens
 This function is called by:
		_high_isr
 This function uses a non-reentrant model


 *************** function i2_interuption_QEI_sens *****************
 Defined at:
		line 193 in file "interruptions.c"
 Parameters:    Size  Location     Type
		None
 Auto vars:     Size  Location     Type
		None
 Return value:  Size  Location     Type
		None               void
 Registers used:
		None
 Tracked objects:
		On entry : 
		On exit  : 
		Unchanged: 
 Data sizes:     COMRAM   BANK0   BANK1   BANK2
      Params:         0       0       0       0
      Locals:         0       0       0       0
      Temps:          0       0       0       0
      Totals:         0       0       0       0
Total ram usage:        0 bytes
 Hardware stack levels used:    1
 This function calls:
		Nothing
 This function is called by:
		i2_subroutine_interruptions
 This function uses a non-reentrant model


 *************** function i2_interruption_timer2 *****************
 Defined at:
		line 129 in file "interruptions.c"
 Parameters:    Size  Location     Type
		None
 Auto vars:     Size  Location     Type
		None
 Return value:  Size  Location     Type
		None               void
 Registers used:
		None
 Tracked objects:
		On entry : 
		On exit  : 
		Unchanged: 
 Data sizes:     COMRAM   BANK0   BANK1   BANK2
      Params:         0       0       0       0
      Locals:         0       0       0       0
      Temps:          0       0       0       0
      Totals:         0       0       0       0
Total ram usage:        0 bytes
 Hardware stack levels used:    1
 This function calls:
		Nothing
 This function is called by:
		i2_subroutine_interruptions
 This function uses a non-reentrant model


 *************** function i2_interruption_timer1 *****************
 Defined at:
		line 112 in file "interruptions.c"
 Parameters:    Size  Location     Type
		None
 Auto vars:     Size  Location     Type
		None
 Return value:  Size  Location     Type
		None               void
 Registers used:
		wreg, fsr2l, fsr2h, status,2, status,0, prodl, prodh
 Tracked objects:
		On entry : 
		On exit  : 
		Unchanged: 
 Data sizes:     COMRAM   BANK0   BANK1   BANK2
      Params:         0       0       0       0
      Locals:         0       0       0       0
      Temps:          1       0       0       0
      Totals:         1       0       0       0
Total ram usage:        1 bytes
 Hardware stack levels used:    1
 This function calls:
		Nothing
 This function is called by:
		i2_subroutine_interruptions
 This function uses a non-reentrant model


 *************** function i2_interruption_timer0 *****************
 Defined at:
		line 104 in file "interruptions.c"
 Parameters:    Size  Location     Type
		None
 Auto vars:     Size  Location     Type
		None
 Return value:  Size  Location     Type
		None               void
 Registers used:
		wreg, status,2
 Tracked objects:
		On entry : 
		On exit  : 
		Unchanged: 
 Data sizes:     COMRAM   BANK0   BANK1   BANK2
      Params:         0       0       0       0
      Locals:         0       0       0       0
      Temps:          0       0       0       0
      Totals:         0       0       0       0
Total ram usage:        0 bytes
 Hardware stack levels used:    1
 This function calls:
		Nothing
 This function is called by:
		i2_subroutine_interruptions
 This function uses a non-reentrant model


 *************** function i2_interruption_QEI *****************
 Defined at:
		line 168 in file "interruptions.c"
 Parameters:    Size  Location     Type
		None
 Auto vars:     Size  Location     Type
		None
 Return value:  Size  Location     Type
		None               void
 Registers used:
		wreg, status,2, status,0
 Tracked objects:
		On entry : 
		On exit  : 
		Unchanged: 
 Data sizes:     COMRAM   BANK0   BANK1   BANK2
      Params:         0       0       0       0
      Locals:         0       0       0       0
      Temps:          0       0       0       0
      Totals:         0       0       0       0
Total ram usage:        0 bytes
 Hardware stack levels used:    1
 This function calls:
		Nothing
 This function is called by:
		i2_subroutine_interruptions
 This function uses a non-reentrant model


 *************** function i2_interruption_INT0 *****************
 Defined at:
		line 141 in file "interruptions.c"
 Parameters:    Size  Location     Type
		None
 Auto vars:     Size  Location     Type
		None
 Return value:  Size  Location     Type
		None               void
 Registers used:
		wreg, fsr2l, fsr2h, status,2, status,0, prodl, prodh
 Tracked objects:
		On entry : 
		On exit  : 
		Unchanged: 
 Data sizes:     COMRAM   BANK0   BANK1   BANK2
      Params:         0       0       0       0
      Locals:         0       0       0       0
      Temps:          2       0       0       0
      Totals:         2       0       0       0
Total ram usage:        2 bytes
 Hardware stack levels used:    1
 This function calls:
		Nothing
 This function is called by:
		i2_subroutine_interruptions
 This function uses a non-reentrant model


 *************** function i2_interrupt_TX *****************
 Defined at:
		line 226 in file "interruptions.c"
 Parameters:    Size  Location     Type
		None
 Auto vars:     Size  Location     Type
		None
 Return value:  Size  Location     Type
		None               void
 Registers used:
		None
 Tracked objects:
		On entry : 
		On exit  : 
		Unchanged: 
 Data sizes:     COMRAM   BANK0   BANK1   BANK2
      Params:         0       0       0       0
      Locals:         0       0       0       0
      Temps:          0       0       0       0
      Totals:         0       0       0       0
Total ram usage:        0 bytes
 Hardware stack levels used:    1
 This function calls:
		Nothing
 This function is called by:
		i2_subroutine_interruptions
 This function uses a non-reentrant model


 *************** function i2_interrupt_RX *****************
 Defined at:
		line 207 in file "interruptions.c"
 Parameters:    Size  Location     Type
		None
 Auto vars:     Size  Location     Type
  interrupt_RX    1   20[COMRAM] unsigned char 
 Return value:  Size  Location     Type
		None               void
 Registers used:
		wreg, fsr2l, fsr2h, status,2, status,0, prodl, prodh
 Tracked objects:
		On entry : 
		On exit  : 
		Unchanged: 
 Data sizes:     COMRAM   BANK0   BANK1   BANK2
      Params:         0       0       0       0
      Locals:         1       0       0       0
      Temps:          0       0       0       0
      Totals:         1       0       0       0
Total ram usage:        1 bytes
 Hardware stack levels used:    1
 This function calls:
		Nothing
 This function is called by:
		i2_subroutine_interruptions
 This function uses a non-reentrant model



MODULE INFORMATION

Module		Function		Class		Link	Load	Size
C:\Program Files (x86)\Microchip\xc8\v1.34\sources\common\ftge.c
		___ftge        		CODE           	2A6C	0000	207

C:\Program Files (x86)\Microchip\xc8\v1.34\sources\common\ftge.c estimated size: 207

uart.c
		_PutIntUART    		CODE           	376A	0000	35
		_PutcUART      		CODE           	1342	0000	895
		_IntToC        		CODE           	16C0	0000	841
		_PutsUART      		CODE           	3168	0000	111
		_init_uart_rece		CODE           	37D6	0000	21
		_init_uart_logi		CODE           	37EA	0000	15
		_config_uart   		CODE           	378C	0000	29

uart.c estimated size: 1947

C:\Program Files (x86)\Microchip\xc8\v1.34\sources\common\ftneg.c
		___ftneg       		CODE           	369C	0000	49

C:\Program Files (x86)\Microchip\xc8\v1.34\sources\common\ftneg.c estimated size: 49

C:\Program Files (x86)\Microchip\xc8\v1.34\sources\common\sin.c
		_sin           		CODE           	1A08	0000	669

C:\Program Files (x86)\Microchip\xc8\v1.34\sources\common\sin.c estimated size: 669

C:\Program Files (x86)\Microchip\xc8\v1.34\sources\common\ftsub.c
		___ftsub       		CODE           	33BC	0000	81

C:\Program Files (x86)\Microchip\xc8\v1.34\sources\common\ftsub.c estimated size: 81

C:\Program Files (x86)\Microchip\xc8\v1.34\sources\common\float.c
		___ftpack      		CODE           	24B4	0000	289

C:\Program Files (x86)\Microchip\xc8\v1.34\sources\common\float.c estimated size: 289

asserv.c
		_reglage_PID   		CODE           	362C	0000	57

asserv.c estimated size: 57

C:\Program Files (x86)\Microchip\xc8\v1.34\sources\common\evalpoly.c
		_eval_poly     		CODE           	27CC	0000	239

C:\Program Files (x86)\Microchip\xc8\v1.34\sources\common\evalpoly.c estimated size: 239

moteur.c
		_init_capteur  		CODE           	2BF2	0000	171
		_envoit_pwm    		CODE           	28BA	0000	227
		_obtention_angl		CODE           	307C	0000	121
		_config_QEI    		CODE           	3310	0000	89
		_config_pwm    		CODE           	34A0	0000	73

moteur.c estimated size: 681

C:\Program Files (x86)\Microchip\xc8\v1.34\sources\common\frexp.c
		_frexp         		CODE           	2DCE	0000	145

C:\Program Files (x86)\Microchip\xc8\v1.34\sources\common\frexp.c estimated size: 145

C:\Program Files (x86)\Microchip\xc8\v1.34\sources\common\floor.c
		_floor         		CODE           	25D4	0000	253

C:\Program Files (x86)\Microchip\xc8\v1.34\sources\common\floor.c estimated size: 253

C:\Program Files (x86)\Microchip\xc8\v1.34\sources\common\ftmul.c
		___ftmul       		CODE           	20E4	0000	349

C:\Program Files (x86)\Microchip\xc8\v1.34\sources\common\ftmul.c estimated size: 349

triangulation.c
		_get_distance  		CODE           	26D0	0000	253
		_Cot           		CODE           	3242	0000	107
		_saturation    		CODE           	2D3E	0000	145
		_conversion_deg		CODE           	3368	0000	85
		_triangulation 		CODE           	03DA	0000	2373
		_affichage_posi		CODE           	30F4	0000	117

triangulation.c estimated size: 3080

C:\Program Files (x86)\Microchip\xc8\v1.34\sources\common\lwtoft.c
		___lwtoft      		CODE           	36CC	0000	45

C:\Program Files (x86)\Microchip\xc8\v1.34\sources\common\lwtoft.c estimated size: 45

C:\Program Files (x86)\Microchip\xc8\v1.34\sources\common\ftdiv.c
		___ftdiv       		CODE           	2240	0000	323

C:\Program Files (x86)\Microchip\xc8\v1.34\sources\common\ftdiv.c estimated size: 323

shared
		i2_interruption		CODE           	352E	0000	71
		i2_interrupt_RX		CODE           	35F0	0000	61
		i2_interrupt_TX		CODE           	381C	0000	5
		i2_interruption		CODE           	3746	0000	37
		i2_interruption		CODE           	3818	0000	5
		i2_subroutine_i		CODE           	2FF8	0000	133
		i2_interruption		CODE           	3456	0000	75
		__initializatio		CODE           	3574	0000	55
		i2_interuption_		CODE           	3814	0000	5
		i2_interruption		CODE           	3800	0000	9
		sin@coeff_a    		SMALLCONST     	0301	0000	16
		sin@coeff_b    		SMALLCONST     	0310	0000	13

shared estimated size: 485

C:\Program Files (x86)\Microchip\xc8\v1.34\sources\common\altoft.c
		___altoft      		CODE           	2C9C	0000	163

C:\Program Files (x86)\Microchip\xc8\v1.34\sources\common\altoft.c estimated size: 163

C:\Program Files (x86)\Microchip\xc8\v1.34\sources\common\cos.c
		_cos           		CODE           	2B3A	0000	185

C:\Program Files (x86)\Microchip\xc8\v1.34\sources\common\cos.c estimated size: 185

C:\Program Files (x86)\Microchip\xc8\v1.34\sources\common\awdiv.c
		___awdiv       		CODE           	299C	0000	209

C:\Program Files (x86)\Microchip\xc8\v1.34\sources\common\awdiv.c estimated size: 209

interruptions.c
		_interuption_QE		CODE           	3808	0000	5
		_interruption_t		CODE           	37F8	0000	9
		_interruption_t		CODE           	34E8	0000	71
		_interruption_Q		CODE           	3722	0000	37
		_high_isr      		CODE           	0008	0000	125
		_interruption_t		CODE           	380C	0000	5
		_interrupt_RX  		CODE           	35B4	0000	61
		_interrupt_TX  		CODE           	3810	0000	5
		_subroutine_int		CODE           	2F74	0000	133
		_low_isr       		CODE           	0018	0000	145
		_interruption_I		CODE           	340C	0000	75

interruptions.c estimated size: 671

C:\Program Files (x86)\Microchip\xc8\v1.34\sources\common\sqrt.c
		_sqrt          		CODE           	1F22	0000	451

C:\Program Files (x86)\Microchip\xc8\v1.34\sources\common\sqrt.c estimated size: 451

C:\Program Files (x86)\Microchip\xc8\v1.34\sources\common\fttol.c
		___fttol       		CODE           	2382	0000	307

C:\Program Files (x86)\Microchip\xc8\v1.34\sources\common\fttol.c estimated size: 307

main.c
		_main          		CODE           	0D1E	0000	1573

main.c estimated size: 1573

C:\Program Files (x86)\Microchip\xc8\v1.34\sources\common\Umul16.c
		___wmul        		CODE           	3664	0000	57

C:\Program Files (x86)\Microchip\xc8\v1.34\sources\common\Umul16.c estimated size: 57

C:\Program Files (x86)\Microchip\xc8\v1.34\sources\common\tan.c
		_tan           		CODE           	32AC	0000	101

C:\Program Files (x86)\Microchip\xc8\v1.34\sources\common\tan.c estimated size: 101

system.c
		_ConfigInterrup		CODE           	2EEC	0000	137
		_init_system   		CODE           	36F8	0000	43
		_ConfigPorts   		CODE           	2E5E	0000	143
		_init_timer_0  		CODE           	37C0	0000	23
		_init_timer_1  		CODE           	37A8	0000	25

system.c estimated size: 371

C:\Program Files (x86)\Microchip\xc8\v1.34\sources\common\ftadd.c
		___ftadd       		CODE           	1CA4	0000	639

C:\Program Files (x86)\Microchip\xc8\v1.34\sources\common\ftadd.c estimated size: 639

