Microchip MPLAB XC8 Compiler V1.21 ()

Linker command line:

--edf=C:\Program Files (x86)\Microchip\xc8\v1.21\dat\en_msgs.txt -cs \
  -h+dist/default/debug\Code.debug.sym \
  --cmf=dist/default/debug\Code.debug.cmf -z -Q18F4431 \
  -oC:\Users\Quentin\AppData\Local\Temp\s9u0.6 \
  -Mdist/default/debug/Code.debug.map -E1 -ver=XC8 -ACODE=00h-03CFFh \
  -ACONST=00h-03CFFh -ASMALLCONST=0300h-03FFhx58 -AMEDIUMCONST=0300h-03CFFh \
  -ACOMRAM=01h-05Fh -AABS1=00h-02EEh -ABIGRAM=01h-02EEh \
  -ARAM=060h-0FFh,0100h-01FFh,0200h-02EEh -ABANK0=060h-0FFh \
  -ABANK1=0100h-01FFh -ABANK2=0200h-02EEh \
  -ASFR=0F60h-0F9Bh,0F9Dh-0FD3h,0FD5h-0FDAh,0FE0h-0FE2h,0FE8h-0FEAh,0FF0h-0FFBh \
  -preset_vec=00h,intcode=08h,intcodelo=018h,powerup,init,end_init \
  -pramtop=0300h -psmallconst=SMALLCONST -pmediumconst=MEDIUMCONST \
  -pconst=CONST -AFARRAM=00h-00h -ACONFIG=0300000h-030000Dh -pconfig=CONFIG \
  -AIDLOC=0200000h-0200007h -pidloc=IDLOC -AEEDATA=0F00000h-0F000FFh \
  -peeprom_data=EEDATA \
  -prdata=COMRAM,nvrram=COMRAM,nvbit=COMRAM,rbss=COMRAM,rbit=COMRAM \
  -pfarbss=FARRAM,fardata=FARRAM,nvFARRAM=FARRAM \
  -pintsave_regs=BIGRAM,bigbss=BIGRAM,bigdata=BIGRAM -pbss=RAM \
  -pidata=CODE,irdata=CODE,ibigdata=CODE,ifardata=CODE \
  C:\Users\Quentin\AppData\Local\Temp\s9u0.obj \
  dist/default/debug\Code.debug.obj 

Object code version is 3.11

Machine type is 18F4431

Call graph: (short form)




                Name                               Link     Load   Length Selector   Space Scale
C:\Users\Quentin\AppData\Local\Temp\s9u0.obj
                end_init                             AE       AE        4        C       0
                reset_vec                             0        0        6        0       0
                idloc                            200000   200000        8   200000       0
                config                           300000   300000        E   300000       0
dist/default/debug\Code.debug.obj
                intcodelo                            18       18       96        C       0
                intcode                               8        8        C        4       0
                text24                              308      308       3A        C       0
                text23                              3B6      3B6        4        C       0
                text22                              3B2      3B2        4        C       0
                text21                              3AE      3AE        4        C       0
                text20                              3AA      3AA        4        C       0
                text19                              3A6      3A6        4        C       0
                text18                              3A2      3A2        4        C       0
                text17                              39E      39E        4        C       0
                text16                              286      286       48        C       0
                intcode_body                        1C8      1C8       76        C       0
                text14                              39A      39A        4        C       0
                text13                              396      396        4        C       0
                text12                              2CE      2CE       3A        C       0
                text11                              392      392        4        C       0
                text10                              38E      38E        4        C       0
                text9                               38A      38A        4        C       0
                text8                               386      386        4        C       0
                text7                               382      382        4        C       0
                text6                               23E      23E       48        C       0
                text4                                B2       B2       8E        C       0
                text3                               140      140       88        C       0
                text2                               358      358       16        C       0
                text1                               36E      36E        E        C       0
                cstackCOMRAM                          1        1       2A        1       1
                bssCOMRAM                            2B       2B       1A        1       1
                cinit                               342      342       16        C       0
                text0                               37C      37C        6        C       0

TOTAL           Name                               Link     Load   Length     Space
        CLASS   CODE           
                end_init                             AE       AE        4         0
                intcodelo                            18       18       96         0
                intcode                               8        8        C         0
                reset_vec                             0        0        6         0
                text24                              308      308       3A         0
                text23                              3B6      3B6        4         0
                text22                              3B2      3B2        4         0
                text21                              3AE      3AE        4         0
                text20                              3AA      3AA        4         0
                text19                              3A6      3A6        4         0
                text18                              3A2      3A2        4         0
                text17                              39E      39E        4         0
                text16                              286      286       48         0
                intcode_body                        1C8      1C8       76         0
                text14                              39A      39A        4         0
                text13                              396      396        4         0
                text12                              2CE      2CE       3A         0
                text11                              392      392        4         0
                text10                              38E      38E        4         0
                text9                               38A      38A        4         0
                text8                               386      386        4         0
                text7                               382      382        4         0
                text6                               23E      23E       48         0
                text4                                B2       B2       8E         0
                text3                               140      140       88         0
                text2                               358      358       16         0
                text1                               36E      36E        E         0
                cinit                               342      342       16         0
                text0                               37C      37C        6         0

        CLASS   CONST          

        CLASS   SMALLCONST     

        CLASS   MEDIUMCONST    

        CLASS   COMRAM         
                cstackCOMRAM                          1        1       2A         1
                bssCOMRAM                            2B       2B       1A         1

        CLASS   ABS1           

        CLASS   BIGRAM         

        CLASS   RAM            

        CLASS   BANK0          

        CLASS   BANK1          

        CLASS   BANK2          

        CLASS   SFR            

        CLASS   FARRAM         

        CLASS   CONFIG         
                config                           300000   300000        E         0

        CLASS   IDLOC          
                idloc                            200000   200000        8         0

        CLASS   EEDATA         



SEGMENTS        Name                           Load    Length   Top    Selector   Space  Class

                reset_vec                      000000  000006  000006         0       0  CODE    
                cstackCOMRAM                   000001  000044  000045         1       1  COMRAM  
                intcode                        000008  00000C  000014         4       0  CODE    
                intcodelo                      000018  0003A2  0003BA         C       0  CODE    
                idloc                          200000  000008  200008    200000       0  IDLOC   
                config                         300000  00000E  30000E    300000       0  CONFIG  


UNUSED ADDRESS RANGES

        Name                Unused          Largest block    Delta
        BANK0            000060-0000FF               A0
        BANK1            000100-0001FF              100
        BANK2            000200-0002EE               EF
        BIGRAM           000045-0002EE              2AA
        CODE             000006-000007                2
                         000014-000017                4
                         0003BA-003CFF             3946
        COMRAM           000045-00005F               1B
        CONST            000006-000007                2
                         000014-000017                4
                         0003BA-003CFF             3946
        EEDATA           F00000-F000FF              100
        MEDIUMCONST      0003BA-003CFF             3946
        RAM              000060-0002EE              100
        SFR              000F60-000F9B               3C
                         000F9D-000FD3               37
                         000FD5-000FDA                6
                         000FE0-000FE2                3
                         000FE8-000FEA                3
                         000FF0-000FFB                C
        SMALLCONST       0003BA-003CFF              100

                                  Symbol Table

?_subroutine_interruptions           cstackCOMRAM 000002
?i2_subroutine_interruptions         cstackCOMRAM 000016
IntToC@out                           bssCOMRAM    00003D
LongToC@out                          bssCOMRAM    00002E
_BAUDCONbits                         (abs)        000FAA
_ConfigInterrupt                     text3        000140
_ConfigPorts                         text4        0000B2
_INTCON2bits                         (abs)        000FF1
_INTCON3bits                         (abs)        000FF0
_INTCONbits                          (abs)        000FF2
_IPR1bits                            (abs)        000F9F
_IPR2bits                            (abs)        000FA2
_IPR3bits                            (abs)        000FA5
_LATA0                               (abs)        007C48
_LATA1                               (abs)        007C49
_LATA2                               (abs)        007C4A
_LATA3                               (abs)        007C4B
_LATA4                               (abs)        007C4C
_LATA5                               (abs)        007C4D
_LATA6                               (abs)        007C4E
_LATA7                               (abs)        007C4F
_LATB0                               (abs)        007C50
_LATB1                               (abs)        007C51
_LATB2                               (abs)        007C52
_LATB3                               (abs)        007C53
_LATB4                               (abs)        007C54
_LATB5                               (abs)        007C55
_LATB6                               (abs)        007C56
_LATB7                               (abs)        007C57
_LATC0                               (abs)        007C58
_LATC1                               (abs)        007C59
_LATC2                               (abs)        007C5A
_LATC3                               (abs)        007C5B
_LATC4                               (abs)        007C5C
_LATC5                               (abs)        007C5D
_LATC6                               (abs)        007C5E
_LATC7                               (abs)        007C5F
_LATD0                               (abs)        007C60
_LATD1                               (abs)        007C61
_LATD2                               (abs)        007C62
_LATD3                               (abs)        007C63
_LATD4                               (abs)        007C64
_LATD5                               (abs)        007C65
_LATD6                               (abs)        007C66
_LATD7                               (abs)        007C67
_LATE0                               (abs)        007C68
_LATE1                               (abs)        007C69
_LATE2                               (abs)        007C6A
_OSCCONbits                          (abs)        000FD3
_PIE1bits                            (abs)        000F9D
_PIE2bits                            (abs)        000FA0
_PIE3bits                            (abs)        000FA3
_PIR1bits                            (abs)        000F9E
_PIR2bits                            (abs)        000FA1
_PIR3bits                            (abs)        000FA4
_PORTBbits                           (abs)        000F81
_RCONbits                            (abs)        000FD0
_RCSTAbits                           (abs)        000FAB
_SPBRG                               (abs)        000FAF
_T0CONbits                           (abs)        000FD5
_TMR0L                               (abs)        000FD6
_TMR0ON                              (abs)        007EAF
_TRISAbits                           (abs)        000F92
_TRISBbits                           (abs)        000F93
_TRISCbits                           (abs)        000F94
_TRISDbits                           (abs)        000F95
_TRISEbits                           (abs)        000F96
_TXREG                               (abs)        000FAD
_TXSTAbits                           (abs)        000FAC
__CFG_BOREN$OFF                      (abs)        000000
__CFG_CP0$OFF                        (abs)        000000
__CFG_CP1$OFF                        (abs)        000000
__CFG_CP2$OFF                        (abs)        000000
__CFG_CP3$OFF                        (abs)        000000
__CFG_CPB$OFF                        (abs)        000000
__CFG_CPD$OFF                        (abs)        000000
__CFG_EBTR0$OFF                      (abs)        000000
__CFG_EBTR1$OFF                      (abs)        000000
__CFG_EBTR2$OFF                      (abs)        000000
__CFG_EBTR3$OFF                      (abs)        000000
__CFG_EBTRB$OFF                      (abs)        000000
__CFG_EXCLKMX$RC3                    (abs)        000000
__CFG_FCMEN$OFF                      (abs)        000000
__CFG_FLTAMX$RC1                     (abs)        000000
__CFG_HPOL$HIGH                      (abs)        000000
__CFG_IESO$OFF                       (abs)        000000
__CFG_LPOL$HIGH                      (abs)        000000
__CFG_LVP$OFF                        (abs)        000000
__CFG_MCLRE$ON                       (abs)        000000
__CFG_OSC$XT                         (abs)        000000
__CFG_PWM4MX$RB5                     (abs)        000000
__CFG_PWMPIN$OFF                     (abs)        000000
__CFG_PWRTEN$OFF                     (abs)        000000
__CFG_SSPMX$RC7                      (abs)        000000
__CFG_STVREN$OFF                     (abs)        000000
__CFG_T1OSCMX$OFF                    (abs)        000000
__CFG_WDPS$32768                     (abs)        000000
__CFG_WDTEN$OFF                      (abs)        000000
__CFG_WINEN$OFF                      (abs)        000000
__CFG_WRT0$OFF                       (abs)        000000
__CFG_WRT1$OFF                       (abs)        000000
__CFG_WRT2$OFF                       (abs)        000000
__CFG_WRT3$OFF                       (abs)        000000
__CFG_WRTB$OFF                       (abs)        000000
__CFG_WRTC$OFF                       (abs)        000000
__CFG_WRTD$OFF                       (abs)        000000
__HRAM                               (abs)        000000
__Habs1                              abs1         000000
__Hbank0                             bank0        000000
__Hbank1                             bank1        000000
__Hbank2                             bank2        000000
__Hbigbss                            bigbss       000000
__Hbigdata                           bigdata      000000
__Hbigram                            bigram       000000
__Hbss                               bss          000000
__HbssCOMRAM                         bssCOMRAM    000000
__Hcinit                             cinit        000000
__Hclrtext                           clrtext      000000
__Hcomram                            comram       000000
__Hconfig                            config       30000E
__Hconst                             const        000000
__HcstackCOMRAM                      cstackCOMRAM 000000
__Hdata                              data         000000
__Heeprom_data                       eeprom_data  000000
__Hend_init                          end_init     0000B2
__Hfarbss                            farbss       000000
__Hfardata                           fardata      000000
__Hibigdata                          ibigdata     000000
__Hidata                             idata        000000
__Hidloc                             idloc        200008
__Hifardata                          ifardata     000000
__Hinit                              init         0000AE
__Hintcode                           intcode      000014
__Hintcode_body                      intcode_body 000000
__Hintcodelo                         intcodelo    0000AE
__Hintentry                          intentry     000000
__Hintret                            intret       000000
__Hintsave_regs                      intsave_regs 000000
__Hirdata                            irdata       000000
__Hmediumconst                       mediumconst  000000
__HnvFARRAM                          nvFARRAM     000000
__Hnvbit                             nvbit        000000
__Hnvrram                            nvrram       000000
__Hparam                             rparam       000000
__Hpowerup                           powerup      0000AE
__Hram                               ram          000000
__Hramtop                            ramtop       000300
__Hrbit                              rbit         000000
__Hrbss                              rbss         000000
__Hrdata                             rdata        000000
__Hreset_vec                         reset_vec    000006
__Hrparam                            rparam       000000
__Hsfr                               sfr          000000
__Hsmallconst                        smallconst   000000
__Hstruct                            struct       000000
__Htemp                              temp         000000
__Htext                              text         000000
__Htext0                             text0        000000
__Htext1                             text1        000000
__Htext10                            text10       000000
__Htext11                            text11       000000
__Htext12                            text12       000000
__Htext13                            text13       000000
__Htext14                            text14       000000
__Htext16                            text16       000000
__Htext17                            text17       000000
__Htext18                            text18       000000
__Htext19                            text19       000000
__Htext2                             text2        000000
__Htext20                            text20       000000
__Htext21                            text21       000000
__Htext22                            text22       000000
__Htext23                            text23       000000
__Htext24                            text24       000000
__Htext3                             text3        000000
__Htext4                             text4        000000
__Htext6                             text6        000000
__Htext7                             text7        000000
__Htext8                             text8        000000
__Htext9                             text9        000000
__LRAM                               (abs)        000001
__Labs1                              abs1         000000
__Lbank0                             bank0        000000
__Lbank1                             bank1        000000
__Lbank2                             bank2        000000
__Lbigbss                            bigbss       000000
__Lbigdata                           bigdata      000000
__Lbigram                            bigram       000000
__Lbss                               bss          000000
__LbssCOMRAM                         bssCOMRAM    000000
__Lcinit                             cinit        000000
__Lclrtext                           clrtext      000000
__Lcomram                            comram       000000
__Lconfig                            config       300000
__Lconst                             const        000000
__LcstackCOMRAM                      cstackCOMRAM 000000
__Ldata                              data         000000
__Leeprom_data                       eeprom_data  000000
__Lend_init                          end_init     0000AE
__Lfarbss                            farbss       000000
__Lfardata                           fardata      000000
__Libigdata                          ibigdata     000000
__Lidata                             idata        000000
__Lidloc                             idloc        200000
__Lifardata                          ifardata     000000
__Linit                              init         0000AE
__Lintcode                           intcode      000008
__Lintcode_body                      intcode_body 000000
__Lintcodelo                         intcodelo    000018
__Lintentry                          intentry     000000
__Lintret                            intret       000000
__Lintsave_regs                      intsave_regs 000000
__Lirdata                            irdata       000000
__Lmediumconst                       mediumconst  000000
__LnvFARRAM                          nvFARRAM     000000
__Lnvbit                             nvbit        000000
__Lnvrram                            nvrram       000000
__Lparam                             rparam       000000
__Lpowerup                           powerup      0000AE
__Lram                               ram          000000
__Lramtop                            ramtop       000300
__Lrbit                              rbit         000000
__Lrbss                              rbss         000000
__Lrdata                             rdata        000000
__Lreset_vec                         reset_vec    000000
__Lrparam                            rparam       000000
__Lsfr                               sfr          000000
__Lsmallconst                        smallconst   000000
__Lstruct                            struct       000000
__Ltemp                              temp         000000
__Ltext                              text         000000
__Ltext0                             text0        000000
__Ltext1                             text1        000000
__Ltext10                            text10       000000
__Ltext11                            text11       000000
__Ltext12                            text12       000000
__Ltext13                            text13       000000
__Ltext14                            text14       000000
__Ltext16                            text16       000000
__Ltext17                            text17       000000
__Ltext18                            text18       000000
__Ltext19                            text19       000000
__Ltext2                             text2        000000
__Ltext20                            text20       000000
__Ltext21                            text21       000000
__Ltext22                            text22       000000
__Ltext23                            text23       000000
__Ltext24                            text24       000000
__Ltext3                             text3        000000
__Ltext4                             text4        000000
__Ltext6                             text6        000000
__Ltext7                             text7        000000
__Ltext8                             text8        000000
__Ltext9                             text9        000000
__S0                                 (abs)        30000E
__S1                                 (abs)        000045
__accesstop                          (abs)        000060
__activetblptr                       (abs)        000002
__end_of_ConfigInterrupt             text3        0001C8
__end_of_ConfigPorts                 text4        000140
__end_of__initialization             cinit        00034E
__end_of_high_isr                    intcode_body 00023E
__end_of_init_system                 text1        00037C
__end_of_init_timer_0                text2        00036E
__end_of_interrupt_RX                text8        00038A
__end_of_interrupt_TX                text7        000386
__end_of_interruption_INT0           text9        00038E
__end_of_interruption_QEI            text14       00039E
__end_of_interruption_timer0         text12       000308
__end_of_interruption_timer1         text11       000396
__end_of_interruption_timer2         text10       000392
__end_of_interuption_QEI_sens        text13       00039A
__end_of_low_isr                     intcodelo    0000AE
__end_of_main                        text0        000382
__end_of_subroutine_interruptions    text6        000286
__end_ofi2_interrupt_RX              text18       0003A6
__end_ofi2_interrupt_TX              text17       0003A2
__end_ofi2_interruption_INT0         text21       0003B2
__end_ofi2_interruption_QEI          text20       0003AE
__end_ofi2_interruption_timer0       text24       000342
__end_ofi2_interruption_timer1       text23       0003BA
__end_ofi2_interruption_timer2       text22       0003B6
__end_ofi2_interuption_QEI_sens      text19       0003AA
__end_ofi2_subroutine_interruptions  text16       0002CE
__initialization                     cinit        000342
__mediumconst                        mediumconst  000000
__pbssCOMRAM                         bssCOMRAM    00002B
__pcinit                             cinit        000342
__pcstackCOMRAM                      cstackCOMRAM 000001
__pintcode                           intcode      000008
__pintcode_body                      intcode_body 0001C8
__pintcodelo                         intcodelo    000018
__ptext0                             text0        00037C
__ptext1                             text1        00036E
__ptext10                            text10       00038E
__ptext11                            text11       000392
__ptext12                            text12       0002CE
__ptext13                            text13       000396
__ptext14                            text14       00039A
__ptext16                            text16       000286
__ptext17                            text17       00039E
__ptext18                            text18       0003A2
__ptext19                            text19       0003A6
__ptext2                             text2        000358
__ptext20                            text20       0003AA
__ptext21                            text21       0003AE
__ptext22                            text22       0003B2
__ptext23                            text23       0003B6
__ptext24                            text24       000308
__ptext3                             text3        000140
__ptext4                             text4        0000B2
__ptext6                             text6        00023E
__ptext7                             text7        000382
__ptext8                             text8        000386
__ptext9                             text9        00038A
__ramtop                             ramtop       000300
__size_of_ConfigInterrupt            (abs)        000000
__size_of_ConfigPorts                (abs)        000000
__size_of_high_isr                   (abs)        000000
__size_of_init_system                (abs)        000000
__size_of_init_timer_0               (abs)        000000
__size_of_interrupt_RX               (abs)        000000
__size_of_interrupt_TX               (abs)        000000
__size_of_interruption_INT0          (abs)        000000
__size_of_interruption_QEI           (abs)        000000
__size_of_interruption_timer0        (abs)        000000
__size_of_interruption_timer1        (abs)        000000
__size_of_interruption_timer2        (abs)        000000
__size_of_interuption_QEI_sens       (abs)        000000
__size_of_low_isr                    (abs)        000000
__size_of_main                       (abs)        000000
__size_of_subroutine_interruptions   (abs)        000000
__size_ofi2_interrupt_RX             (abs)        000000
__size_ofi2_interrupt_TX             (abs)        000000
__size_ofi2_interruption_INT0        (abs)        000000
__size_ofi2_interruption_QEI         (abs)        000000
__size_ofi2_interruption_timer0      (abs)        000000
__size_ofi2_interruption_timer1      (abs)        000000
__size_ofi2_interruption_timer2      (abs)        000000
__size_ofi2_interuption_QEI_sens     (abs)        000000
__size_ofi2_subroutine_interruptions (abs)        000000
__smallconst                         smallconst   000000
_high_isr                            intcode      000008
_init_system                         text1        00036E
_init_timer_0                        text2        000358
_interrupt_RX                        text8        000386
_interrupt_TX                        text7        000382
_interruption_INT0                   text9        00038A
_interruption_QEI                    text14       00039A
_interruption_timer0                 text12       0002CE
_interruption_timer1                 text11       000392
_interruption_timer2                 text10       00038E
_interuption_QEI_sens                text13       000396
_low_isr                             intcodelo    000018
_main                                text0        00037C
_subroutine_interruptions            text6        00023E
end_of_initialization                cinit        00034E
i2_interrupt_RX                      text18       0003A2
i2_interrupt_TX                      text17       00039E
i2_interruption_INT0                 text21       0003AE
i2_interruption_QEI                  text20       0003AA
i2_interruption_timer0               text24       000308
i2_interruption_timer1               text23       0003B6
i2_interruption_timer2               text22       0003B2
i2_interuption_QEI_sens              text19       0003A6
i2_subroutine_interruptions          text16       000286
i2subroutine_interruptions@priorite  cstackCOMRAM 000016
int_func                             intcode_body 0001C8
interruption_timer0@compteur         bssCOMRAM    00002B
interruption_timer0@led              bssCOMRAM    00002D
intlevel0                            text         000000
intlevel1                            text         000000
intlevel2                            text         000000
intlevel3                            text         000000
start                                init         0000AE
start_initialization                 cinit        000342
subroutine_interruptions@priorite    cstackCOMRAM 000002


FUNCTION INFORMATION:

 *************** function _main *****************
 Defined at:
		line 83 in file "main.c"
 Parameters:    Size  Location     Type
  argc            2   37[COMRAM] int 
  argv            3   39[COMRAM] PTR PTR unsigned char 
 Auto vars:     Size  Location     Type
		None
 Return value:  Size  Location     Type
                  2   37[COMRAM] int 
 Registers used:
		wreg, fsr0l, fsr0h, fsr1l, fsr1h, fsr1l, fsr1h, fsr2l, fsr2h, status,2, status,0, pclat, btemp, btemp+1, btemp+2, btemp+3, btemp+4, btemp+5, btemp+6, btemp+7, tosl, structret, tblptrl, tblptrh, tblptru, prodl, prodh, bsr, cstack
 Tracked objects:
		On entry : 
		On exit  : 
		Unchanged: 
 Data sizes:     COMRAM   BANK0   BANK1   BANK2
      Params:         5       0       0       0
      Locals:         0       0       0       0
      Temps:          0       0       0       0
      Totals:         5       0       0       0
Total ram usage:        5 bytes
 Hardware stack levels required when called:    8
 This function calls:
		_init_system
 This function is called by:
		Startup code after reset
 This function uses a non-reentrant model


 *************** function _init_system *****************
 Defined at:
		line 23 in file "system.c"
 Parameters:    Size  Location     Type
		None
 Auto vars:     Size  Location     Type
		None
 Return value:  Size  Location     Type
		None               void
 Registers used:
		wreg, fsr0l, fsr0h, fsr1l, fsr1h, fsr1l, fsr1h, fsr2l, fsr2h, status,2, status,0, pclat, btemp, btemp+1, btemp+2, btemp+3, btemp+4, btemp+5, btemp+6, btemp+7, tosl, structret, tblptrl, tblptrh, tblptru, prodl, prodh, bsr, cstack
 Tracked objects:
		On entry : 
		On exit  : 
		Unchanged: 
 Data sizes:     COMRAM   BANK0   BANK1   BANK2
      Params:         0       0       0       0
      Locals:         0       0       0       0
      Temps:          0       0       0       0
      Totals:         0       0       0       0
Total ram usage:        0 bytes
 Hardware stack levels used:    1
 Hardware stack levels required when called:    7
 This function calls:
		_ConfigPorts
		_ConfigInterrupt
		_init_timer_0
 This function is called by:
		_main
 This function uses a non-reentrant model


 *************** function _init_timer_0 *****************
 Defined at:
		line 39 in file "system.c"
 Parameters:    Size  Location     Type
		None
 Auto vars:     Size  Location     Type
		None
 Return value:  Size  Location     Type
		None               void
 Registers used:
		wreg, status,2
 Tracked objects:
		On entry : 
		On exit  : 
		Unchanged: 
 Data sizes:     COMRAM   BANK0   BANK1   BANK2
      Params:         0       0       0       0
      Locals:         0       0       0       0
      Temps:          0       0       0       0
      Totals:         0       0       0       0
Total ram usage:        0 bytes
 Hardware stack levels used:    1
 Hardware stack levels required when called:    6
 This function calls:
		Nothing
 This function is called by:
		_init_system
 This function uses a non-reentrant model


 *************** function _ConfigInterrupt *****************
 Defined at:
		line 172 in file "system.c"
 Parameters:    Size  Location     Type
		None
 Auto vars:     Size  Location     Type
		None
 Return value:  Size  Location     Type
		None               void
 Registers used:
		None
 Tracked objects:
		On entry : 
		On exit  : 
		Unchanged: 
 Data sizes:     COMRAM   BANK0   BANK1   BANK2
      Params:         0       0       0       0
      Locals:         0       0       0       0
      Temps:          0       0       0       0
      Totals:         0       0       0       0
Total ram usage:        0 bytes
 Hardware stack levels used:    1
 Hardware stack levels required when called:    6
 This function calls:
		Nothing
 This function is called by:
		_init_system
 This function uses a non-reentrant model


 *************** function _ConfigPorts *****************
 Defined at:
		line 69 in file "system.c"
 Parameters:    Size  Location     Type
		None
 Auto vars:     Size  Location     Type
		None
 Return value:  Size  Location     Type
		None               void
 Registers used:
		None
 Tracked objects:
		On entry : 
		On exit  : 
		Unchanged: 
 Data sizes:     COMRAM   BANK0   BANK1   BANK2
      Params:         0       0       0       0
      Locals:         0       0       0       0
      Temps:          0       0       0       0
      Totals:         0       0       0       0
Total ram usage:        0 bytes
 Hardware stack levels used:    1
 Hardware stack levels required when called:    6
 This function calls:
		Nothing
 This function is called by:
		_init_system
 This function uses a non-reentrant model


 *************** function _low_isr *****************
 Defined at:
		line 34 in file "interruptions.c"
 Parameters:    Size  Location     Type
		None
 Auto vars:     Size  Location     Type
		None
 Return value:  Size  Location     Type
		None               void
 Registers used:
		wreg, status,2, status,0, cstack
 Tracked objects:
		On entry : 
		On exit  : 
		Unchanged: 
 Data sizes:     COMRAM   BANK0   BANK1   BANK2
      Params:         0       0       0       0
      Locals:         0       0       0       0
      Temps:         18       0       0       0
      Totals:        18       0       0       0
Total ram usage:       18 bytes
 Hardware stack levels used:    1
 Hardware stack levels required when called:    5
 This function calls:
		_subroutine_interruptions
 This function is called by:
		Interrupt level 1
 This function uses a non-reentrant model


 *************** function _subroutine_interruptions *****************
 Defined at:
		line 44 in file "interruptions.c"
 Parameters:    Size  Location     Type
  priorite        1    1[COMRAM] unsigned char 
 Auto vars:     Size  Location     Type
		None
 Return value:  Size  Location     Type
		None               void
 Registers used:
		wreg, status,2, status,0, cstack
 Tracked objects:
		On entry : 
		On exit  : 
		Unchanged: 
 Data sizes:     COMRAM   BANK0   BANK1   BANK2
      Params:         1       0       0       0
      Locals:         0       0       0       0
      Temps:          0       0       0       0
      Totals:         1       0       0       0
Total ram usage:        1 bytes
 Hardware stack levels used:    1
 Hardware stack levels required when called:    4
 This function calls:
		_interruption_QEI
		_interuption_QEI_sens
		_interruption_timer0
		_interruption_timer1
		_interruption_timer2
		_interruption_INT0
		_interrupt_RX
		_interrupt_TX
 This function is called by:
		_low_isr
 This function uses a non-reentrant model


 *************** function _interrupt_TX *****************
 Defined at:
		line 182 in file "interruptions.c"
 Parameters:    Size  Location     Type
		None
 Auto vars:     Size  Location     Type
		None
 Return value:  Size  Location     Type
		None               void
 Registers used:
		None
 Tracked objects:
		On entry : 
		On exit  : 
		Unchanged: 
 Data sizes:     COMRAM   BANK0   BANK1   BANK2
      Params:         0       0       0       0
      Locals:         0       0       0       0
      Temps:          0       0       0       0
      Totals:         0       0       0       0
Total ram usage:        0 bytes
 Hardware stack levels used:    1
 Hardware stack levels required when called:    3
 This function calls:
		Nothing
 This function is called by:
		_subroutine_interruptions
 This function uses a non-reentrant model


 *************** function _interrupt_RX *****************
 Defined at:
		line 177 in file "interruptions.c"
 Parameters:    Size  Location     Type
		None
 Auto vars:     Size  Location     Type
		None
 Return value:  Size  Location     Type
		None               void
 Registers used:
		None
 Tracked objects:
		On entry : 
		On exit  : 
		Unchanged: 
 Data sizes:     COMRAM   BANK0   BANK1   BANK2
      Params:         0       0       0       0
      Locals:         0       0       0       0
      Temps:          0       0       0       0
      Totals:         0       0       0       0
Total ram usage:        0 bytes
 Hardware stack levels used:    1
 Hardware stack levels required when called:    3
 This function calls:
		Nothing
 This function is called by:
		_subroutine_interruptions
 This function uses a non-reentrant model


 *************** function _interruption_INT0 *****************
 Defined at:
		line 141 in file "interruptions.c"
 Parameters:    Size  Location     Type
		None
 Auto vars:     Size  Location     Type
		None
 Return value:  Size  Location     Type
		None               void
 Registers used:
		None
 Tracked objects:
		On entry : 
		On exit  : 
		Unchanged: 
 Data sizes:     COMRAM   BANK0   BANK1   BANK2
      Params:         0       0       0       0
      Locals:         0       0       0       0
      Temps:          0       0       0       0
      Totals:         0       0       0       0
Total ram usage:        0 bytes
 Hardware stack levels used:    1
 Hardware stack levels required when called:    3
 This function calls:
		Nothing
 This function is called by:
		_subroutine_interruptions
 This function uses a non-reentrant model


 *************** function _interruption_timer2 *****************
 Defined at:
		line 129 in file "interruptions.c"
 Parameters:    Size  Location     Type
		None
 Auto vars:     Size  Location     Type
		None
 Return value:  Size  Location     Type
		None               void
 Registers used:
		None
 Tracked objects:
		On entry : 
		On exit  : 
		Unchanged: 
 Data sizes:     COMRAM   BANK0   BANK1   BANK2
      Params:         0       0       0       0
      Locals:         0       0       0       0
      Temps:          0       0       0       0
      Totals:         0       0       0       0
Total ram usage:        0 bytes
 Hardware stack levels used:    1
 Hardware stack levels required when called:    3
 This function calls:
		Nothing
 This function is called by:
		_subroutine_interruptions
 This function uses a non-reentrant model


 *************** function _interruption_timer1 *****************
 Defined at:
		line 124 in file "interruptions.c"
 Parameters:    Size  Location     Type
		None
 Auto vars:     Size  Location     Type
		None
 Return value:  Size  Location     Type
		None               void
 Registers used:
		None
 Tracked objects:
		On entry : 
		On exit  : 
		Unchanged: 
 Data sizes:     COMRAM   BANK0   BANK1   BANK2
      Params:         0       0       0       0
      Locals:         0       0       0       0
      Temps:          0       0       0       0
      Totals:         0       0       0       0
Total ram usage:        0 bytes
 Hardware stack levels used:    1
 Hardware stack levels required when called:    3
 This function calls:
		Nothing
 This function is called by:
		_subroutine_interruptions
 This function uses a non-reentrant model


 *************** function _interruption_timer0 *****************
 Defined at:
		line 105 in file "interruptions.c"
 Parameters:    Size  Location     Type
		None
 Auto vars:     Size  Location     Type
		None
 Return value:  Size  Location     Type
		None               void
 Registers used:
		wreg, status,2, status,0
 Tracked objects:
		On entry : 
		On exit  : 
		Unchanged: 
 Data sizes:     COMRAM   BANK0   BANK1   BANK2
      Params:         0       0       0       0
      Locals:         0       0       0       0
      Temps:          1       0       0       0
      Totals:         1       0       0       0
Total ram usage:        1 bytes
 Hardware stack levels used:    1
 Hardware stack levels required when called:    3
 This function calls:
		Nothing
 This function is called by:
		_subroutine_interruptions
 This function uses a non-reentrant model


 *************** function _interuption_QEI_sens *****************
 Defined at:
		line 163 in file "interruptions.c"
 Parameters:    Size  Location     Type
		None
 Auto vars:     Size  Location     Type
		None
 Return value:  Size  Location     Type
		None               void
 Registers used:
		None
 Tracked objects:
		On entry : 
		On exit  : 
		Unchanged: 
 Data sizes:     COMRAM   BANK0   BANK1   BANK2
      Params:         0       0       0       0
      Locals:         0       0       0       0
      Temps:          0       0       0       0
      Totals:         0       0       0       0
Total ram usage:        0 bytes
 Hardware stack levels used:    1
 Hardware stack levels required when called:    3
 This function calls:
		Nothing
 This function is called by:
		_subroutine_interruptions
 This function uses a non-reentrant model


 *************** function _interruption_QEI *****************
 Defined at:
		line 158 in file "interruptions.c"
 Parameters:    Size  Location     Type
		None
 Auto vars:     Size  Location     Type
		None
 Return value:  Size  Location     Type
		None               void
 Registers used:
		None
 Tracked objects:
		On entry : 
		On exit  : 
		Unchanged: 
 Data sizes:     COMRAM   BANK0   BANK1   BANK2
      Params:         0       0       0       0
      Locals:         0       0       0       0
      Temps:          0       0       0       0
      Totals:         0       0       0       0
Total ram usage:        0 bytes
 Hardware stack levels used:    1
 Hardware stack levels required when called:    3
 This function calls:
		Nothing
 This function is called by:
		_subroutine_interruptions
 This function uses a non-reentrant model


 *************** function _high_isr *****************
 Defined at:
		line 28 in file "interruptions.c"
 Parameters:    Size  Location     Type
		None
 Auto vars:     Size  Location     Type
		None
 Return value:  Size  Location     Type
		None               void
 Registers used:
		status,2, cstack
 Tracked objects:
		On entry : 
		On exit  : 
		Unchanged: 
 Data sizes:     COMRAM   BANK0   BANK1   BANK2
      Params:         0       0       0       0
      Locals:         0       0       0       0
      Temps:         15       0       0       0
      Totals:        15       0       0       0
Total ram usage:       15 bytes
 Hardware stack levels used:    1
 Hardware stack levels required when called:    2
 This function calls:
		i2_subroutine_interruptions
 This function is called by:
		Interrupt level 2
 This function uses a non-reentrant model


 *************** function i2_subroutine_interruptions *****************
 Defined at:
		line 44 in file "interruptions.c"
 Parameters:    Size  Location     Type
  priorite        1   21[COMRAM] unsigned char 
 Auto vars:     Size  Location     Type
		None
 Return value:  Size  Location     Type
		None               void
 Registers used:
		wreg, status,2, status,0, cstack
 Tracked objects:
		On entry : 
		On exit  : 
		Unchanged: 
 Data sizes:     COMRAM   BANK0   BANK1   BANK2
      Params:         1       0       0       0
      Locals:         0       0       0       0
      Temps:          0       0       0       0
      Totals:         1       0       0       0
Total ram usage:        1 bytes
 Hardware stack levels used:    1
 Hardware stack levels required when called:    1
 This function calls:
		i2_interruption_timer0
		i2_interruption_timer1
		i2_interruption_timer2
		i2_interruption_INT0
		i2_interruption_QEI
		i2_interuption_QEI_sens
		i2_interrupt_RX
		i2_interrupt_TX
 This function is called by:
		_high_isr
 This function uses a non-reentrant model


 *************** function i2_interrupt_TX *****************
 Defined at:
		line 182 in file "interruptions.c"
 Parameters:    Size  Location     Type
		None
 Auto vars:     Size  Location     Type
		None
 Return value:  Size  Location     Type
		None               void
 Registers used:
		None
 Tracked objects:
		On entry : 
		On exit  : 
		Unchanged: 
 Data sizes:     COMRAM   BANK0   BANK1   BANK2
      Params:         0       0       0       0
      Locals:         0       0       0       0
      Temps:          0       0       0       0
      Totals:         0       0       0       0
Total ram usage:        0 bytes
 Hardware stack levels used:    1
 This function calls:
		Nothing
 This function is called by:
		i2_subroutine_interruptions
 This function uses a non-reentrant model


 *************** function i2_interrupt_RX *****************
 Defined at:
		line 177 in file "interruptions.c"
 Parameters:    Size  Location     Type
		None
 Auto vars:     Size  Location     Type
		None
 Return value:  Size  Location     Type
		None               void
 Registers used:
		None
 Tracked objects:
		On entry : 
		On exit  : 
		Unchanged: 
 Data sizes:     COMRAM   BANK0   BANK1   BANK2
      Params:         0       0       0       0
      Locals:         0       0       0       0
      Temps:          0       0       0       0
      Totals:         0       0       0       0
Total ram usage:        0 bytes
 Hardware stack levels used:    1
 This function calls:
		Nothing
 This function is called by:
		i2_subroutine_interruptions
 This function uses a non-reentrant model


 *************** function i2_interuption_QEI_sens *****************
 Defined at:
		line 163 in file "interruptions.c"
 Parameters:    Size  Location     Type
		None
 Auto vars:     Size  Location     Type
		None
 Return value:  Size  Location     Type
		None               void
 Registers used:
		None
 Tracked objects:
		On entry : 
		On exit  : 
		Unchanged: 
 Data sizes:     COMRAM   BANK0   BANK1   BANK2
      Params:         0       0       0       0
      Locals:         0       0       0       0
      Temps:          0       0       0       0
      Totals:         0       0       0       0
Total ram usage:        0 bytes
 Hardware stack levels used:    1
 This function calls:
		Nothing
 This function is called by:
		i2_subroutine_interruptions
 This function uses a non-reentrant model


 *************** function i2_interruption_QEI *****************
 Defined at:
		line 158 in file "interruptions.c"
 Parameters:    Size  Location     Type
		None
 Auto vars:     Size  Location     Type
		None
 Return value:  Size  Location     Type
		None               void
 Registers used:
		None
 Tracked objects:
		On entry : 
		On exit  : 
		Unchanged: 
 Data sizes:     COMRAM   BANK0   BANK1   BANK2
      Params:         0       0       0       0
      Locals:         0       0       0       0
      Temps:          0       0       0       0
      Totals:         0       0       0       0
Total ram usage:        0 bytes
 Hardware stack levels used:    1
 This function calls:
		Nothing
 This function is called by:
		i2_subroutine_interruptions
 This function uses a non-reentrant model


 *************** function i2_interruption_INT0 *****************
 Defined at:
		line 141 in file "interruptions.c"
 Parameters:    Size  Location     Type
		None
 Auto vars:     Size  Location     Type
		None
 Return value:  Size  Location     Type
		None               void
 Registers used:
		None
 Tracked objects:
		On entry : 
		On exit  : 
		Unchanged: 
 Data sizes:     COMRAM   BANK0   BANK1   BANK2
      Params:         0       0       0       0
      Locals:         0       0       0       0
      Temps:          0       0       0       0
      Totals:         0       0       0       0
Total ram usage:        0 bytes
 Hardware stack levels used:    1
 This function calls:
		Nothing
 This function is called by:
		i2_subroutine_interruptions
 This function uses a non-reentrant model


 *************** function i2_interruption_timer2 *****************
 Defined at:
		line 129 in file "interruptions.c"
 Parameters:    Size  Location     Type
		None
 Auto vars:     Size  Location     Type
		None
 Return value:  Size  Location     Type
		None               void
 Registers used:
		None
 Tracked objects:
		On entry : 
		On exit  : 
		Unchanged: 
 Data sizes:     COMRAM   BANK0   BANK1   BANK2
      Params:         0       0       0       0
      Locals:         0       0       0       0
      Temps:          0       0       0       0
      Totals:         0       0       0       0
Total ram usage:        0 bytes
 Hardware stack levels used:    1
 This function calls:
		Nothing
 This function is called by:
		i2_subroutine_interruptions
 This function uses a non-reentrant model


 *************** function i2_interruption_timer1 *****************
 Defined at:
		line 124 in file "interruptions.c"
 Parameters:    Size  Location     Type
		None
 Auto vars:     Size  Location     Type
		None
 Return value:  Size  Location     Type
		None               void
 Registers used:
		None
 Tracked objects:
		On entry : 
		On exit  : 
		Unchanged: 
 Data sizes:     COMRAM   BANK0   BANK1   BANK2
      Params:         0       0       0       0
      Locals:         0       0       0       0
      Temps:          0       0       0       0
      Totals:         0       0       0       0
Total ram usage:        0 bytes
 Hardware stack levels used:    1
 This function calls:
		Nothing
 This function is called by:
		i2_subroutine_interruptions
 This function uses a non-reentrant model


 *************** function i2_interruption_timer0 *****************
 Defined at:
		line 105 in file "interruptions.c"
 Parameters:    Size  Location     Type
		None
 Auto vars:     Size  Location     Type
		None
 Return value:  Size  Location     Type
		None               void
 Registers used:
		wreg, status,2, status,0
 Tracked objects:
		On entry : 
		On exit  : 
		Unchanged: 
 Data sizes:     COMRAM   BANK0   BANK1   BANK2
      Params:         0       0       0       0
      Locals:         0       0       0       0
      Temps:          1       0       0       0
      Totals:         1       0       0       0
Total ram usage:        1 bytes
 Hardware stack levels used:    1
 This function calls:
		Nothing
 This function is called by:
		i2_subroutine_interruptions
 This function uses a non-reentrant model



MODULE INFORMATION

Module		Function		Class		Link	Load	Size
shared
		i2_interruption		CODE           	03B6	0000	4
		i2_interrupt_RX		CODE           	03A2	0000	4
		i2_interrupt_TX		CODE           	039E	0000	4
		i2_interruption		CODE           	03AA	0000	4
		i2_interruption		CODE           	03B2	0000	4
		i2_subroutine_i		CODE           	0286	0000	72
		i2_interruption		CODE           	03AE	0000	4
		__initializatio		CODE           	0342	0000	12
		i2_interuption_		CODE           	03A6	0000	4
		i2_interruption		CODE           	0308	0000	58

shared estimated size: 170

interruptions.c
		_interuption_QE		CODE           	0396	0000	4
		_interruption_t		CODE           	02CE	0000	58
		_interruption_t		CODE           	0392	0000	4
		_interruption_Q		CODE           	039A	0000	4
		_high_isr      		CODE           	0008	0000	566
		_interruption_t		CODE           	038E	0000	4
		_interrupt_RX  		CODE           	0386	0000	4
		_interrupt_TX  		CODE           	0382	0000	4
		_subroutine_int		CODE           	023E	0000	72
		_low_isr       		CODE           	0018	0000	150
		_interruption_I		CODE           	038A	0000	4

interruptions.c estimated size: 874

main.c
		_main          		CODE           	037C	0000	6

main.c estimated size: 6

system.c
		_ConfigInterrup		CODE           	0140	0000	136
		_init_system   		CODE           	036E	0000	14
		_ConfigPorts   		CODE           	00B2	0000	142
		_init_timer_0  		CODE           	0358	0000	22

system.c estimated size: 314

