Microchip MPLAB XC8 Compiler V1.21 ()

Linker command line:

--edf=C:\Program Files (x86)\Microchip\xc8\v1.21\dat\en_msgs.txt -cs \
  -h+dist/default/debug\Code.debug.sym \
  --cmf=dist/default/debug\Code.debug.cmf -z -Q18F4431 \
  -oC:\Users\Quentin\AppData\Local\Temp\sqg.6 \
  -Mdist/default/debug/Code.debug.map -E1 -ver=XC8 -ACODE=00h-03CFFh \
  -ACONST=00h-03CFFh -ASMALLCONST=0300h-03FFhx58 -AMEDIUMCONST=0300h-03CFFh \
  -ACOMRAM=01h-05Fh -AABS1=00h-02EEh -ABIGRAM=01h-02EEh \
  -ARAM=060h-0FFh,0100h-01FFh,0200h-02EEh -ABANK0=060h-0FFh \
  -ABANK1=0100h-01FFh -ABANK2=0200h-02EEh \
  -ASFR=0F60h-0F9Bh,0F9Dh-0FD3h,0FD5h-0FDAh,0FE0h-0FE2h,0FE8h-0FEAh,0FF0h-0FFBh \
  -preset_vec=00h,intcode=08h,intcodelo=018h,powerup,init,end_init \
  -pramtop=0300h -psmallconst=SMALLCONST -pmediumconst=MEDIUMCONST \
  -pconst=CONST -AFARRAM=00h-00h -ACONFIG=0300000h-030000Dh -pconfig=CONFIG \
  -AIDLOC=0200000h-0200007h -pidloc=IDLOC -AEEDATA=0F00000h-0F000FFh \
  -peeprom_data=EEDATA \
  -prdata=COMRAM,nvrram=COMRAM,nvbit=COMRAM,rbss=COMRAM,rbit=COMRAM \
  -pfarbss=FARRAM,fardata=FARRAM,nvFARRAM=FARRAM \
  -pintsave_regs=BIGRAM,bigbss=BIGRAM,bigdata=BIGRAM -pbss=RAM \
  -pidata=CODE,irdata=CODE,ibigdata=CODE,ifardata=CODE \
  C:\Users\Quentin\AppData\Local\Temp\sqg.obj \
  dist/default/debug\Code.debug.obj 

Object code version is 3.11

Machine type is 18F4431

Call graph: (short form)




                Name                               Link     Load   Length Selector   Space Scale
C:\Users\Quentin\AppData\Local\Temp\sqg.obj
                end_init                             AE       AE        4        C       0
                reset_vec                             0        0        6        0       0
                idloc                            200000   200000        8   200000       0
                config                           300000   300000        E   300000       0
dist/default/debug\Code.debug.obj
                intcodelo                            18       18       96        C       0
                intcode                               8        8        C        4       0
                text36                              B42      B42        8        C       0
                text35                              8C2      8C2       4C        C       0
                text34                              B6E      B6E        4        C       0
                text33                              B6A      B6A        4        C       0
                text32                              B66      B66        4        C       0
                text31                              B62      B62        4        C       0
                text30                              9DA      9DA       42        C       0
                text29                              B5E      B5E        4        C       0
                text28                              814      814       62        C       0
                intcode_body                        738      738       7A        C       0
                text26                              B5A      B5A        4        C       0
                text25                              B56      B56        4        C       0
                text24                              B3A      B3A        8        C       0
                text23                              876      876       4C        C       0
                text22                              B52      B52        4        C       0
                text21                              B4E      B4E        4        C       0
                text20                              998      998       42        C       0
                text19                              B4A      B4A        4        C       0
                text18                              7B2      7B2       62        C       0
                text16                              622      622       8E        C       0
                text15                              6B0      6B0       88        C       0
                text14                              B24      B24       16        C       0
                text13                              AE0      AE0       18        C       0
                text12                              B0E      B0E       16        C       0
                text11                              A7C      A7C       26        C       0
                text10                              AF8      AF8       16        C       0
                text9                               AC4      AC4       1C        C       0
                text8                               90E      90E       48        C       0
                text7                               4DA      4DA       B8        C       0
                text6                                B2       B2      1EE        C       0
                text5                               956      956       42        C       0
                text4                               592      592       90        C       0
                text3                               A56      A56       26        C       0
                text2                               2A0      2A0      138        C       0
                text1                               3D8      3D8      102        C       0
                cstackCOMRAM                         25       25       23        1       1
                cstackBANK0                          C7       C7       28       60       1
                cstackBANK1                         100      100        8      100       1
                bssBANK0                             60       60       67       60       1
                bssCOMRAM                             1        1       24        1       1
                cinit                               AA2      AA2       22        C       0
                text0                               A1C      A1C       3A        C       0

TOTAL           Name                               Link     Load   Length     Space
        CLASS   CODE           
                end_init                             AE       AE        4         0
                intcodelo                            18       18       96         0
                intcode                               8        8        C         0
                reset_vec                             0        0        6         0
                text36                              B42      B42        8         0
                text35                              8C2      8C2       4C         0
                text34                              B6E      B6E        4         0
                text33                              B6A      B6A        4         0
                text32                              B66      B66        4         0
                text31                              B62      B62        4         0
                text30                              9DA      9DA       42         0
                text29                              B5E      B5E        4         0
                text28                              814      814       62         0
                intcode_body                        738      738       7A         0
                text26                              B5A      B5A        4         0
                text25                              B56      B56        4         0
                text24                              B3A      B3A        8         0
                text23                              876      876       4C         0
                text22                              B52      B52        4         0
                text21                              B4E      B4E        4         0
                text20                              998      998       42         0
                text19                              B4A      B4A        4         0
                text18                              7B2      7B2       62         0
                text16                              622      622       8E         0
                text15                              6B0      6B0       88         0
                text14                              B24      B24       16         0
                text13                              AE0      AE0       18         0
                text12                              B0E      B0E       16         0
                text11                              A7C      A7C       26         0
                text10                              AF8      AF8       16         0
                text9                               AC4      AC4       1C         0
                text8                               90E      90E       48         0
                text7                               4DA      4DA       B8         0
                text6                                B2       B2      1EE         0
                text5                               956      956       42         0
                text4                               592      592       90         0
                text3                               A56      A56       26         0
                text2                               2A0      2A0      138         0
                text1                               3D8      3D8      102         0
                cinit                               AA2      AA2       22         0
                text0                               A1C      A1C       3A         0

        CLASS   CONST          

        CLASS   SMALLCONST     

        CLASS   MEDIUMCONST    

        CLASS   COMRAM         
                cstackCOMRAM                         25       25       23         1
                bssCOMRAM                             1        1       24         1

        CLASS   ABS1           

        CLASS   BIGRAM         

        CLASS   RAM            

        CLASS   BANK0          
                cstackBANK0                          C7       C7       28         1
                bssBANK0                             60       60       67         1

        CLASS   BANK1          
                cstackBANK1                         100      100        8         1

        CLASS   BANK2          

        CLASS   SFR            

        CLASS   FARRAM         

        CLASS   CONFIG         
                config                           300000   300000        E         0

        CLASS   IDLOC          
                idloc                            200000   200000        8         0

        CLASS   EEDATA         



SEGMENTS        Name                           Load    Length   Top    Selector   Space  Class

                reset_vec                      000000  000006  000006         0       0  CODE    
                bssCOMRAM                      000001  000047  000048         1       1  COMRAM  
                intcode                        000008  00000C  000014         4       0  CODE    
                intcodelo                      000018  000B5A  000B72         C       0  CODE    
                bssBANK0                       000060  00008F  0000EF        60       1  BANK0   
                cstackBANK1                    000100  000008  000108       100       1  BANK1   
                idloc                          200000  000008  200008    200000       0  IDLOC   
                config                         300000  00000E  30000E    300000       0  CONFIG  


UNUSED ADDRESS RANGES

        Name                Unused          Largest block    Delta
        BANK0            0000EF-0000FF               11
        BANK1            000108-0001FF               F8
        BANK2            000200-0002EE               EF
        BIGRAM           000048-00005F               18
                         0000EF-0000FF               11
                         000108-0002EE              1E7
        CODE             000006-000007                2
                         000014-000017                4
                         000B72-003CFF             318E
        COMRAM           000048-00005F               18
        CONST            000006-000007                2
                         000014-000017                4
                         000B72-003CFF             318E
        EEDATA           F00000-F000FF              100
        MEDIUMCONST      000B72-003CFF             318E
        RAM              0000EF-0000FF               11
                         000108-0002EE               F8
        SFR              000F60-000F9B               3C
                         000F9D-000FD3               37
                         000FD5-000FDA                6
                         000FE0-000FE2                3
                         000FE8-000FEA                3
                         000FF0-000FFB                C
        SMALLCONST       000B72-003CFF              100

                                  Symbol Table

?___asftmul                          cstackBANK0  0000E7
?___ftge                             cstackCOMRAM 00003D
?___ftmul                            cstackBANK0  0000D6
?___ftneg                            cstackCOMRAM 00003D
?___ftpack                           cstackCOMRAM 00003D
?___fttol                            cstackCOMRAM 00003D
?_config_uart                        cstackCOMRAM 00003D
?_envoit_pwm                         cstackBANK0  0000EC
?_subroutine_interruptions           cstackCOMRAM 000027
?i2_subroutine_interruptions         cstackCOMRAM 00003C
IntToC@out                           bssCOMRAM    00001D
LongToC@out                          bssCOMRAM    000001
_BAUDCONbits                         (abs)        000FAA
_ConfigInterrupt                     text15       0006B0
_ConfigPorts                         text16       000622
_DFLTCONbits                         (abs)        000F60
_INTCON2bits                         (abs)        000FF1
_INTCON3bits                         (abs)        000FF0
_INTCONbits                          (abs)        000FF2
_IPR1bits                            (abs)        000F9F
_IPR2bits                            (abs)        000FA2
_IPR3bits                            (abs)        000FA5
_LATA0                               (abs)        007C48
_LATA1                               (abs)        007C49
_LATA2                               (abs)        007C4A
_LATA3                               (abs)        007C4B
_LATA4                               (abs)        007C4C
_LATA5                               (abs)        007C4D
_LATA6                               (abs)        007C4E
_LATA7                               (abs)        007C4F
_LATB0                               (abs)        007C50
_LATB1                               (abs)        007C51
_LATB2                               (abs)        007C52
_LATB3                               (abs)        007C53
_LATB4                               (abs)        007C54
_LATB5                               (abs)        007C55
_LATB6                               (abs)        007C56
_LATB7                               (abs)        007C57
_LATC0                               (abs)        007C58
_LATC1                               (abs)        007C59
_LATC2                               (abs)        007C5A
_LATC3                               (abs)        007C5B
_LATC4                               (abs)        007C5C
_LATC5                               (abs)        007C5D
_LATC6                               (abs)        007C5E
_LATC7                               (abs)        007C5F
_LATD0                               (abs)        007C60
_LATD1                               (abs)        007C61
_LATD2                               (abs)        007C62
_LATD3                               (abs)        007C63
_LATD4                               (abs)        007C64
_LATD5                               (abs)        007C65
_LATD6                               (abs)        007C66
_LATD7                               (abs)        007C67
_LATE0                               (abs)        007C68
_LATE1                               (abs)        007C69
_LATE2                               (abs)        007C6A
_OSCCONbits                          (abs)        000FD3
_PDC0H                               (abs)        000F78
_PDC0L                               (abs)        000F79
_PDC1H                               (abs)        000F76
_PDC1L                               (abs)        000F77
_PDC2H                               (abs)        000F74
_PDC2L                               (abs)        000F75
_PDC3H                               (abs)        000F72
_PDC3L                               (abs)        000F73
_PIE1bits                            (abs)        000F9D
_PIE2bits                            (abs)        000FA0
_PIE3bits                            (abs)        000FA3
_PIR1bits                            (abs)        000F9E
_PIR2bits                            (abs)        000FA1
_PIR3bits                            (abs)        000FA4
_PORTCbits                           (abs)        000F82
_PORTDbits                           (abs)        000F83
_PTCON0bits                          (abs)        000F7F
_PTCON1bits                          (abs)        000F7E
_PTPERH                              (abs)        000F7A
_PTPERL                              (abs)        000F7B
_PWMCON0bits                         (abs)        000F6F
_PWMCON1bits                         (abs)        000F6E
_QEICONbits                          (abs)        000FB6
_RCONbits                            (abs)        000FD0
_RCREG                               (abs)        000FAE
_RCSTAbits                           (abs)        000FAB
_SPBRG                               (abs)        000FAF
_T0CONbits                           (abs)        000FD5
_T1CONbits                           (abs)        000FCD
_TMR0L                               (abs)        000FD6
_TMR0ON                              (abs)        007EAF
_TMR1                                (abs)        000FCE
_TMR1ON                              (abs)        007E68
_TRISAbits                           (abs)        000F92
_TRISBbits                           (abs)        000F93
_TRISCbits                           (abs)        000F94
_TRISDbits                           (abs)        000F95
_TRISEbits                           (abs)        000F96
_TXREG                               (abs)        000FAD
_TXSTAbits                           (abs)        000FAC
__CFG_BOREN$OFF                      (abs)        000000
__CFG_CP0$OFF                        (abs)        000000
__CFG_CP1$OFF                        (abs)        000000
__CFG_CP2$OFF                        (abs)        000000
__CFG_CP3$OFF                        (abs)        000000
__CFG_CPB$OFF                        (abs)        000000
__CFG_CPD$OFF                        (abs)        000000
__CFG_EBTR0$OFF                      (abs)        000000
__CFG_EBTR1$OFF                      (abs)        000000
__CFG_EBTR2$OFF                      (abs)        000000
__CFG_EBTR3$OFF                      (abs)        000000
__CFG_EBTRB$OFF                      (abs)        000000
__CFG_EXCLKMX$RC3                    (abs)        000000
__CFG_FCMEN$OFF                      (abs)        000000
__CFG_FLTAMX$RC1                     (abs)        000000
__CFG_HPOL$HIGH                      (abs)        000000
__CFG_IESO$OFF                       (abs)        000000
__CFG_LPOL$HIGH                      (abs)        000000
__CFG_LVP$OFF                        (abs)        000000
__CFG_MCLRE$ON                       (abs)        000000
__CFG_OSC$HSPLL                      (abs)        000000
__CFG_PWM4MX$RB5                     (abs)        000000
__CFG_PWMPIN$OFF                     (abs)        000000
__CFG_PWRTEN$OFF                     (abs)        000000
__CFG_SSPMX$RC7                      (abs)        000000
__CFG_STVREN$OFF                     (abs)        000000
__CFG_T1OSCMX$OFF                    (abs)        000000
__CFG_WDPS$32768                     (abs)        000000
__CFG_WDTEN$OFF                      (abs)        000000
__CFG_WINEN$OFF                      (abs)        000000
__CFG_WRT0$OFF                       (abs)        000000
__CFG_WRT1$OFF                       (abs)        000000
__CFG_WRT2$OFF                       (abs)        000000
__CFG_WRT3$OFF                       (abs)        000000
__CFG_WRTB$OFF                       (abs)        000000
__CFG_WRTC$OFF                       (abs)        000000
__CFG_WRTD$OFF                       (abs)        000000
__HRAM                               (abs)        000000
__Habs1                              abs1         000000
__Hbank0                             bank0        000000
__Hbank1                             bank1        000000
__Hbank2                             bank2        000000
__Hbigbss                            bigbss       000000
__Hbigdata                           bigdata      000000
__Hbigram                            bigram       000000
__Hbss                               bss          000000
__HbssBANK0                          bssBANK0     000000
__HbssCOMRAM                         bssCOMRAM    000000
__Hcinit                             cinit        000000
__Hclrtext                           clrtext      000000
__Hcomram                            comram       000000
__Hconfig                            config       30000E
__Hconst                             const        000000
__HcstackBANK0                       cstackBANK0  000000
__HcstackBANK1                       cstackBANK1  000000
__HcstackCOMRAM                      cstackCOMRAM 000000
__Hdata                              data         000000
__Heeprom_data                       eeprom_data  000000
__Hend_init                          end_init     0000B2
__Hfarbss                            farbss       000000
__Hfardata                           fardata      000000
__Hibigdata                          ibigdata     000000
__Hidata                             idata        000000
__Hidloc                             idloc        200008
__Hifardata                          ifardata     000000
__Hinit                              init         0000AE
__Hintcode                           intcode      000014
__Hintcode_body                      intcode_body 000000
__Hintcodelo                         intcodelo    0000AE
__Hintentry                          intentry     000000
__Hintret                            intret       000000
__Hintsave_regs                      intsave_regs 000000
__Hirdata                            irdata       000000
__Hmediumconst                       mediumconst  000000
__HnvFARRAM                          nvFARRAM     000000
__Hnvbit                             nvbit        000000
__Hnvrram                            nvrram       000000
__Hparam                             rparam       000000
__Hpowerup                           powerup      0000AE
__Hram                               ram          000000
__Hramtop                            ramtop       000300
__Hrbit                              rbit         000000
__Hrbss                              rbss         000000
__Hrdata                             rdata        000000
__Hreset_vec                         reset_vec    000006
__Hrparam                            rparam       000000
__Hsfr                               sfr          000000
__Hsmallconst                        smallconst   000000
__Hstruct                            struct       000000
__Htemp                              temp         000000
__Htext                              text         000000
__Htext0                             text0        000000
__Htext1                             text1        000000
__Htext10                            text10       000000
__Htext11                            text11       000000
__Htext12                            text12       000000
__Htext13                            text13       000000
__Htext14                            text14       000000
__Htext15                            text15       000000
__Htext16                            text16       000000
__Htext18                            text18       000000
__Htext19                            text19       000000
__Htext2                             text2        000000
__Htext20                            text20       000000
__Htext21                            text21       000000
__Htext22                            text22       000000
__Htext23                            text23       000000
__Htext24                            text24       000000
__Htext25                            text25       000000
__Htext26                            text26       000000
__Htext28                            text28       000000
__Htext29                            text29       000000
__Htext3                             text3        000000
__Htext30                            text30       000000
__Htext31                            text31       000000
__Htext32                            text32       000000
__Htext33                            text33       000000
__Htext34                            text34       000000
__Htext35                            text35       000000
__Htext36                            text36       000000
__Htext4                             text4        000000
__Htext5                             text5        000000
__Htext6                             text6        000000
__Htext7                             text7        000000
__Htext8                             text8        000000
__Htext9                             text9        000000
__LRAM                               (abs)        000001
__Labs1                              abs1         000000
__Lbank0                             bank0        000000
__Lbank1                             bank1        000000
__Lbank2                             bank2        000000
__Lbigbss                            bigbss       000000
__Lbigdata                           bigdata      000000
__Lbigram                            bigram       000000
__Lbss                               bss          000000
__LbssBANK0                          bssBANK0     000000
__LbssCOMRAM                         bssCOMRAM    000000
__Lcinit                             cinit        000000
__Lclrtext                           clrtext      000000
__Lcomram                            comram       000000
__Lconfig                            config       300000
__Lconst                             const        000000
__LcstackBANK0                       cstackBANK0  000000
__LcstackBANK1                       cstackBANK1  000000
__LcstackCOMRAM                      cstackCOMRAM 000000
__Ldata                              data         000000
__Leeprom_data                       eeprom_data  000000
__Lend_init                          end_init     0000AE
__Lfarbss                            farbss       000000
__Lfardata                           fardata      000000
__Libigdata                          ibigdata     000000
__Lidata                             idata        000000
__Lidloc                             idloc        200000
__Lifardata                          ifardata     000000
__Linit                              init         0000AE
__Lintcode                           intcode      000008
__Lintcode_body                      intcode_body 000000
__Lintcodelo                         intcodelo    000018
__Lintentry                          intentry     000000
__Lintret                            intret       000000
__Lintsave_regs                      intsave_regs 000000
__Lirdata                            irdata       000000
__Lmediumconst                       mediumconst  000000
__LnvFARRAM                          nvFARRAM     000000
__Lnvbit                             nvbit        000000
__Lnvrram                            nvrram       000000
__Lparam                             rparam       000000
__Lpowerup                           powerup      0000AE
__Lram                               ram          000000
__Lramtop                            ramtop       000300
__Lrbit                              rbit         000000
__Lrbss                              rbss         000000
__Lrdata                             rdata        000000
__Lreset_vec                         reset_vec    000000
__Lrparam                            rparam       000000
__Lsfr                               sfr          000000
__Lsmallconst                        smallconst   000000
__Lstruct                            struct       000000
__Ltemp                              temp         000000
__Ltext                              text         000000
__Ltext0                             text0        000000
__Ltext1                             text1        000000
__Ltext10                            text10       000000
__Ltext11                            text11       000000
__Ltext12                            text12       000000
__Ltext13                            text13       000000
__Ltext14                            text14       000000
__Ltext15                            text15       000000
__Ltext16                            text16       000000
__Ltext18                            text18       000000
__Ltext19                            text19       000000
__Ltext2                             text2        000000
__Ltext20                            text20       000000
__Ltext21                            text21       000000
__Ltext22                            text22       000000
__Ltext23                            text23       000000
__Ltext24                            text24       000000
__Ltext25                            text25       000000
__Ltext26                            text26       000000
__Ltext28                            text28       000000
__Ltext29                            text29       000000
__Ltext3                             text3        000000
__Ltext30                            text30       000000
__Ltext31                            text31       000000
__Ltext32                            text32       000000
__Ltext33                            text33       000000
__Ltext34                            text34       000000
__Ltext35                            text35       000000
__Ltext36                            text36       000000
__Ltext4                             text4        000000
__Ltext5                             text5        000000
__Ltext6                             text6        000000
__Ltext7                             text7        000000
__Ltext8                             text8        000000
__Ltext9                             text9        000000
__S0                                 (abs)        30000E
__S1                                 (abs)        000108
___asftmul                           text5        000956
___asftmul@f1p                       cstackBANK0  0000E7
___asftmul@f2                        cstackBANK0  0000E9
___ftge                              text4        000592
___ftge@ff1                          cstackCOMRAM 00003D
___ftge@ff2                          cstackCOMRAM 000040
___ftmul                             text6        0000B2
___ftmul@cntr                        cstackBANK0  0000E5
___ftmul@exp                         cstackBANK0  0000E1
___ftmul@f1                          cstackBANK0  0000D6
___ftmul@f2                          cstackBANK0  0000D9
___ftmul@f3_as_product               cstackBANK0  0000E2
___ftmul@sign                        cstackBANK0  0000E6
___ftneg                             text3        000A56
___ftneg@f1                          cstackCOMRAM 00003D
___ftpack                            text7        0004DA
___ftpack@arg                        cstackCOMRAM 00003D
___ftpack@exp                        cstackCOMRAM 000040
___ftpack@sign                       cstackCOMRAM 000041
___fttol                             text2        0002A0
___fttol@exp1                        cstackBANK0  0000DB
___fttol@f1                          cstackCOMRAM 00003D
___fttol@lval                        cstackBANK0  0000D7
___fttol@sign1                       cstackBANK0  0000D6
__accesstop                          (abs)        000060
__activetblptr                       (abs)        000002
__end_of_ConfigInterrupt             text15       000738
__end_of_ConfigPorts                 text16       0006B0
__end_of___asftmul                   text5        000998
__end_of___ftge                      text4        000622
__end_of___ftmul                     text6        0002A0
__end_of___ftneg                     text3        000A7C
__end_of___ftpack                    text7        000592
__end_of___fttol                     text2        0003D8
__end_of__initialization             cinit        000ABA
__end_of_config_pwm                  text8        000956
__end_of_config_uart                 text9        000AE0
__end_of_envoit_pwm                  text1        0004DA
__end_of_high_isr                    intcode_body 0007B2
__end_of_init_system                 text10       000B0E
__end_of_init_timer_0                text14       000B3A
__end_of_init_timer_1                text13       000AF8
__end_of_init_uart_logiciel          text12       000B24
__end_of_init_uart_reception         text11       000AA2
__end_of_interrupt_RX                text20       0009DA
__end_of_interrupt_TX                text19       000B4E
__end_of_interruption_INT0           text21       000B52
__end_of_interruption_QEI            text26       000B5E
__end_of_interruption_timer0         text24       000B42
__end_of_interruption_timer1         text23       0008C2
__end_of_interruption_timer2         text22       000B56
__end_of_interuption_QEI_sens        text25       000B5A
__end_of_low_isr                     intcodelo    0000AE
__end_of_main                        text0        000A56
__end_of_subroutine_interruptions    text18       000814
__end_ofi2_interrupt_RX              text30       000A1C
__end_ofi2_interrupt_TX              text29       000B62
__end_ofi2_interruption_INT0         text33       000B6E
__end_ofi2_interruption_QEI          text32       000B6A
__end_ofi2_interruption_timer0       text36       000B4A
__end_ofi2_interruption_timer1       text35       00090E
__end_ofi2_interruption_timer2       text34       000B72
__end_ofi2_interuption_QEI_sens      text31       000B66
__end_ofi2_subroutine_interruptions  text28       000876
__initialization                     cinit        000AA2
__mediumconst                        mediumconst  000000
__pbssBANK0                          bssBANK0     000060
__pbssCOMRAM                         bssCOMRAM    000001
__pcinit                             cinit        000AA2
__pcstackBANK0                       cstackBANK0  0000C7
__pcstackBANK1                       cstackBANK1  000100
__pcstackCOMRAM                      cstackCOMRAM 000025
__pintcode                           intcode      000008
__pintcode_body                      intcode_body 000738
__pintcodelo                         intcodelo    000018
__ptext0                             text0        000A1C
__ptext1                             text1        0003D8
__ptext10                            text10       000AF8
__ptext11                            text11       000A7C
__ptext12                            text12       000B0E
__ptext13                            text13       000AE0
__ptext14                            text14       000B24
__ptext15                            text15       0006B0
__ptext16                            text16       000622
__ptext18                            text18       0007B2
__ptext19                            text19       000B4A
__ptext2                             text2        0002A0
__ptext20                            text20       000998
__ptext21                            text21       000B4E
__ptext22                            text22       000B52
__ptext23                            text23       000876
__ptext24                            text24       000B3A
__ptext25                            text25       000B56
__ptext26                            text26       000B5A
__ptext28                            text28       000814
__ptext29                            text29       000B5E
__ptext3                             text3        000A56
__ptext30                            text30       0009DA
__ptext31                            text31       000B62
__ptext32                            text32       000B66
__ptext33                            text33       000B6A
__ptext34                            text34       000B6E
__ptext35                            text35       0008C2
__ptext36                            text36       000B42
__ptext4                             text4        000592
__ptext5                             text5        000956
__ptext6                             text6        0000B2
__ptext7                             text7        0004DA
__ptext8                             text8        00090E
__ptext9                             text9        000AC4
__ramtop                             ramtop       000300
__size_of_ConfigInterrupt            (abs)        000000
__size_of_ConfigPorts                (abs)        000000
__size_of___asftmul                  (abs)        000000
__size_of___ftge                     (abs)        000000
__size_of___ftmul                    (abs)        000000
__size_of___ftneg                    (abs)        000000
__size_of___ftpack                   (abs)        000000
__size_of___fttol                    (abs)        000000
__size_of_config_pwm                 (abs)        000000
__size_of_config_uart                (abs)        000000
__size_of_envoit_pwm                 (abs)        000000
__size_of_high_isr                   (abs)        000000
__size_of_init_system                (abs)        000000
__size_of_init_timer_0               (abs)        000000
__size_of_init_timer_1               (abs)        000000
__size_of_init_uart_logiciel         (abs)        000000
__size_of_init_uart_reception        (abs)        000000
__size_of_interrupt_RX               (abs)        000000
__size_of_interrupt_TX               (abs)        000000
__size_of_interruption_INT0          (abs)        000000
__size_of_interruption_QEI           (abs)        000000
__size_of_interruption_timer0        (abs)        000000
__size_of_interruption_timer1        (abs)        000000
__size_of_interruption_timer2        (abs)        000000
__size_of_interuption_QEI_sens       (abs)        000000
__size_of_low_isr                    (abs)        000000
__size_of_main                       (abs)        000000
__size_of_subroutine_interruptions   (abs)        000000
__size_ofi2_interrupt_RX             (abs)        000000
__size_ofi2_interrupt_TX             (abs)        000000
__size_ofi2_interruption_INT0        (abs)        000000
__size_ofi2_interruption_QEI         (abs)        000000
__size_ofi2_interruption_timer0      (abs)        000000
__size_ofi2_interruption_timer1      (abs)        000000
__size_ofi2_interruption_timer2      (abs)        000000
__size_ofi2_interuption_QEI_sens     (abs)        000000
__size_ofi2_subroutine_interruptions (abs)        000000
__smallconst                         smallconst   000000
_config_pwm                          text8        00090E
_config_uart                         text9        000AC4
_envoit_pwm                          text1        0003D8
_high_isr                            intcode      000008
_init_system                         text10       000AF8
_init_timer_0                        text14       000B24
_init_timer_1                        text13       000AE0
_init_uart_logiciel                  text12       000B0E
_init_uart_reception                 text11       000A7C
_interrupt_RX                        text20       000998
_interrupt_TX                        text19       000B4A
_interruption_INT0                   text21       000B4E
_interruption_QEI                    text26       000B5A
_interruption_timer0                 text24       000B3A
_interruption_timer1                 text23       000876
_interruption_timer2                 text22       000B52
_interuption_QEI_sens                text25       000B56
_low_isr                             intcodelo    000018
_main                                text0        000A1C
_subroutine_interruptions            text18       0007B2
_uart_logiciel                       bssCOMRAM    000010
_uart_reception                      bssBANK0     000060
end_of_initialization                cinit        000ABA
envoit_pwm@abs_valeur                cstackBANK1  000100
envoit_pwm@valeur                    cstackBANK0  0000EC
i2_interrupt_RX                      text30       0009DA
i2_interrupt_TX                      text29       000B5E
i2_interruption_INT0                 text33       000B6A
i2_interruption_QEI                  text32       000B66
i2_interruption_timer0               text36       000B42
i2_interruption_timer1               text35       0008C2
i2_interruption_timer2               text34       000B6E
i2_interuption_QEI_sens              text31       000B62
i2_subroutine_interruptions          text28       000814
i2interrupt_RX@temp                  cstackCOMRAM 00003B
i2subroutine_interruptions@priorite  cstackCOMRAM 00003C
int_func                             intcode_body 000738
interrupt_RX@temp                    cstackCOMRAM 000026
intlevel0                            text         000000
intlevel1                            text         000000
intlevel2                            text         000000
intlevel3                            text         000000
main@i                               cstackCOMRAM 000046
start                                init         0000AE
start_initialization                 cinit        000AA2
subroutine_interruptions@priorite    cstackCOMRAM 000027


FUNCTION INFORMATION:

 *************** function _main *****************
 Defined at:
		line 83 in file "main.c"
 Parameters:    Size  Location     Type
  argc            2    3[BANK1 ] int 
  argv            3    5[BANK1 ] PTR PTR unsigned char 
 Auto vars:     Size  Location     Type
  i               2   33[COMRAM] int 
 Return value:  Size  Location     Type
                  2    3[BANK1 ] int 
 Registers used:
		wreg, fsr0l, fsr0h, fsr1l, fsr1h, fsr1l, fsr1h, fsr2l, fsr2h, status,2, status,0, pclat, btemp, btemp+1, btemp+2, btemp+3, btemp+4, btemp+5, btemp+6, btemp+7, tosl, structret, tblptrl, tblptrh, tblptru, prodl, prodh, bsr, cstack
 Tracked objects:
		On entry : 
		On exit  : 
		Unchanged: 
 Data sizes:     COMRAM   BANK0   BANK1   BANK2
      Params:         0       0       5       0
      Locals:         2       0       0       0
      Temps:          0       0       0       0
      Totals:         2       0       5       0
Total ram usage:        7 bytes
 Hardware stack levels required when called:   10
 This function calls:
		_init_system
		_config_uart
		_config_pwm
		_envoit_pwm
 This function is called by:
		Startup code after reset
 This function uses a non-reentrant model


 *************** function _envoit_pwm *****************
 Defined at:
		line 51 in file "moteur.c"
 Parameters:    Size  Location     Type
  valeur          3   37[BANK0 ] int 
 Auto vars:     Size  Location     Type
  abs_valeur      3    0[BANK1 ] int 
 Return value:  Size  Location     Type
		None               void
 Registers used:
		wreg, fsr2l, fsr2h, status,2, status,0, cstack
 Tracked objects:
		On entry : 
		On exit  : 
		Unchanged: 
 Data sizes:     COMRAM   BANK0   BANK1   BANK2
      Params:         0       3       0       0
      Locals:         0       0       3       0
      Temps:          0       0       0       0
      Totals:         0       3       3       0
Total ram usage:        6 bytes
 Hardware stack levels used:    1
 Hardware stack levels required when called:    9
 This function calls:
		___asftmul
		___ftge
		___ftneg
		___fttol
 This function is called by:
		_main
 This function uses a non-reentrant model


 *************** function ___fttol *****************
 Defined at:
		line 45 in file "C:\Program Files (x86)\Microchip\xc8\v1.21\sources\common\fttol.c"
 Parameters:    Size  Location     Type
  f1              3   24[COMRAM] float 
 Auto vars:     Size  Location     Type
  lval            4   16[BANK0 ] unsigned long 
  exp1            1   20[BANK0 ] unsigned char 
  sign1           1   15[BANK0 ] unsigned char 
 Return value:  Size  Location     Type
                  4   24[COMRAM] long 
 Registers used:
		wreg, status,2, status,0
 Tracked objects:
		On entry : 
		On exit  : 
		Unchanged: 
 Data sizes:     COMRAM   BANK0   BANK1   BANK2
      Params:         4       0       0       0
      Locals:         0       6       0       0
      Temps:          5       0       0       0
      Totals:         9       6       0       0
Total ram usage:       15 bytes
 Hardware stack levels used:    1
 Hardware stack levels required when called:    6
 This function calls:
		Nothing
 This function is called by:
		_envoit_pwm
 This function uses a non-reentrant model


 *************** function ___ftneg *****************
 Defined at:
		line 16 in file "C:\Program Files (x86)\Microchip\xc8\v1.21\sources\common\ftneg.c"
 Parameters:    Size  Location     Type
  f1              3   24[COMRAM] float 
 Auto vars:     Size  Location     Type
		None
 Return value:  Size  Location     Type
                  3   24[COMRAM] float 
 Registers used:
		wreg, status,2, status,0
 Tracked objects:
		On entry : 
		On exit  : 
		Unchanged: 
 Data sizes:     COMRAM   BANK0   BANK1   BANK2
      Params:         3       0       0       0
      Locals:         0       0       0       0
      Temps:          0       0       0       0
      Totals:         3       0       0       0
Total ram usage:        3 bytes
 Hardware stack levels used:    1
 Hardware stack levels required when called:    6
 This function calls:
		Nothing
 This function is called by:
		_envoit_pwm
 This function uses a non-reentrant model


 *************** function ___ftge *****************
 Defined at:
		line 5 in file "C:\Program Files (x86)\Microchip\xc8\v1.21\sources\common\ftge.c"
 Parameters:    Size  Location     Type
  ff1             3   24[COMRAM] float 
  ff2             3   27[COMRAM] float 
 Auto vars:     Size  Location     Type
		None
 Return value:  Size  Location     Type
		None               void
 Registers used:
		wreg, status,2, status,0
 Tracked objects:
		On entry : 
		On exit  : 
		Unchanged: 
 Data sizes:     COMRAM   BANK0   BANK1   BANK2
      Params:         6       0       0       0
      Locals:         0       0       0       0
      Temps:          3       0       0       0
      Totals:         9       0       0       0
Total ram usage:        9 bytes
 Hardware stack levels used:    1
 Hardware stack levels required when called:    6
 This function calls:
		Nothing
 This function is called by:
		_envoit_pwm
 This function uses a non-reentrant model


 *************** function ___asftmul *****************
 Defined at:
		line 5 in file "C:\Program Files (x86)\Microchip\xc8\v1.21\sources\pic18\asftmul.c"
 Parameters:    Size  Location     Type
  f1p             2   32[BANK0 ] PTR float 
		 -> envoit_pwm@abs_valeur(3), 
  f2              3   34[BANK0 ] float 
 Auto vars:     Size  Location     Type
		None
 Return value:  Size  Location     Type
                  3   32[BANK0 ] float 
 Registers used:
		wreg, fsr2l, fsr2h, status,2, status,0, cstack
 Tracked objects:
		On entry : 
		On exit  : 
		Unchanged: 
 Data sizes:     COMRAM   BANK0   BANK1   BANK2
      Params:         0       5       0       0
      Locals:         0       0       0       0
      Temps:          0       0       0       0
      Totals:         0       5       0       0
Total ram usage:        5 bytes
 Hardware stack levels used:    1
 Hardware stack levels required when called:    8
 This function calls:
		___ftmul
 This function is called by:
		_envoit_pwm
 This function uses a non-reentrant model


 *************** function ___ftmul *****************
 Defined at:
		line 52 in file "C:\Program Files (x86)\Microchip\xc8\v1.21\sources\common\ftmul.c"
 Parameters:    Size  Location     Type
  f1              3   15[BANK0 ] float 
  f2              3   18[BANK0 ] float 
 Auto vars:     Size  Location     Type
  f3_as_produc    3   27[BANK0 ] unsigned um
  sign            1   31[BANK0 ] unsigned char 
  cntr            1   30[BANK0 ] unsigned char 
  exp             1   26[BANK0 ] unsigned char 
 Return value:  Size  Location     Type
                  3   15[BANK0 ] float 
 Registers used:
		wreg, status,2, status,0, cstack
 Tracked objects:
		On entry : 
		On exit  : 
		Unchanged: 
 Data sizes:     COMRAM   BANK0   BANK1   BANK2
      Params:         0       6       0       0
      Locals:         0       6       0       0
      Temps:          0       5       0       0
      Totals:         0      17       0       0
Total ram usage:       17 bytes
 Hardware stack levels used:    1
 Hardware stack levels required when called:    7
 This function calls:
		___ftpack
 This function is called by:
		___asftmul
 This function uses a non-reentrant model


 *************** function ___ftpack *****************
 Defined at:
		line 63 in file "C:\Program Files (x86)\Microchip\xc8\v1.21\sources\common\float.c"
 Parameters:    Size  Location     Type
  arg             3   24[COMRAM] unsigned um
  exp             1   27[COMRAM] unsigned char 
  sign            1   28[COMRAM] unsigned char 
 Auto vars:     Size  Location     Type
		None
 Return value:  Size  Location     Type
                  3   24[COMRAM] float 
 Registers used:
		wreg, status,2, status,0
 Tracked objects:
		On entry : 
		On exit  : 
		Unchanged: 
 Data sizes:     COMRAM   BANK0   BANK1   BANK2
      Params:         5       0       0       0
      Locals:         0       0       0       0
      Temps:          3       0       0       0
      Totals:         8       0       0       0
Total ram usage:        8 bytes
 Hardware stack levels used:    1
 Hardware stack levels required when called:    6
 This function calls:
		Nothing
 This function is called by:
		___ftmul
 This function uses a non-reentrant model


 *************** function _config_pwm *****************
 Defined at:
		line 24 in file "moteur.c"
 Parameters:    Size  Location     Type
		None
 Auto vars:     Size  Location     Type
		None
 Return value:  Size  Location     Type
		None               void
 Registers used:
		wreg, status,2
 Tracked objects:
		On entry : 
		On exit  : 
		Unchanged: 
 Data sizes:     COMRAM   BANK0   BANK1   BANK2
      Params:         0       0       0       0
      Locals:         0       0       0       0
      Temps:          0       0       0       0
      Totals:         0       0       0       0
Total ram usage:        0 bytes
 Hardware stack levels used:    1
 Hardware stack levels required when called:    6
 This function calls:
		Nothing
 This function is called by:
		_main
 This function uses a non-reentrant model


 *************** function _config_uart *****************
 Defined at:
		line 32 in file "uart.c"
 Parameters:    Size  Location     Type
  vitesse_com     2   24[COMRAM] unsigned int 
 Auto vars:     Size  Location     Type
		None
 Return value:  Size  Location     Type
		None               void
 Registers used:
		wreg, status,2
 Tracked objects:
		On entry : 
		On exit  : 
		Unchanged: 
 Data sizes:     COMRAM   BANK0   BANK1   BANK2
      Params:         2       0       0       0
      Locals:         0       0       0       0
      Temps:          0       0       0       0
      Totals:         2       0       0       0
Total ram usage:        2 bytes
 Hardware stack levels used:    1
 Hardware stack levels required when called:    6
 This function calls:
		Nothing
 This function is called by:
		_main
 This function uses a non-reentrant model


 *************** function _init_system *****************
 Defined at:
		line 23 in file "system.c"
 Parameters:    Size  Location     Type
		None
 Auto vars:     Size  Location     Type
		None
 Return value:  Size  Location     Type
		None               void
 Registers used:
		wreg, fsr0l, fsr0h, fsr1l, fsr1h, fsr1l, fsr1h, fsr2l, fsr2h, status,2, status,0, pclat, btemp, btemp+1, btemp+2, btemp+3, btemp+4, btemp+5, btemp+6, btemp+7, tosl, structret, tblptrl, tblptrh, tblptru, prodl, prodh, bsr, cstack
 Tracked objects:
		On entry : 
		On exit  : 
		Unchanged: 
 Data sizes:     COMRAM   BANK0   BANK1   BANK2
      Params:         0       0       0       0
      Locals:         0       0       0       0
      Temps:          0       0       0       0
      Totals:         0       0       0       0
Total ram usage:        0 bytes
 Hardware stack levels used:    1
 Hardware stack levels required when called:    8
 This function calls:
		_ConfigPorts
		_ConfigInterrupt
		_init_timer_0
		_init_uart_logiciel
		_init_uart_reception
 This function is called by:
		_main
 This function uses a non-reentrant model


 *************** function _init_uart_reception *****************
 Defined at:
		line 73 in file "uart.c"
 Parameters:    Size  Location     Type
		None
 Auto vars:     Size  Location     Type
		None
 Return value:  Size  Location     Type
		None               void
 Registers used:
		status,2
 Tracked objects:
		On entry : 
		On exit  : 
		Unchanged: 
 Data sizes:     COMRAM   BANK0   BANK1   BANK2
      Params:         0       0       0       0
      Locals:         0       0       0       0
      Temps:          1       0       0       0
      Totals:         1       0       0       0
Total ram usage:        1 bytes
 Hardware stack levels used:    1
 Hardware stack levels required when called:    6
 This function calls:
		Nothing
 This function is called by:
		_init_system
 This function uses a non-reentrant model


 *************** function _init_uart_logiciel *****************
 Defined at:
		line 66 in file "uart.c"
 Parameters:    Size  Location     Type
		None
 Auto vars:     Size  Location     Type
		None
 Return value:  Size  Location     Type
		None               void
 Registers used:
		wreg, fsr0l, fsr0h, fsr1l, fsr1h, fsr1l, fsr1h, fsr2l, fsr2h, status,2, status,0, pclat, btemp, btemp+1, btemp+2, btemp+3, btemp+4, btemp+5, btemp+6, btemp+7, tosl, structret, tblptrl, tblptrh, tblptru, prodl, prodh, bsr, cstack
 Tracked objects:
		On entry : 
		On exit  : 
		Unchanged: 
 Data sizes:     COMRAM   BANK0   BANK1   BANK2
      Params:         0       0       0       0
      Locals:         0       0       0       0
      Temps:          1       0       0       0
      Totals:         1       0       0       0
Total ram usage:        1 bytes
 Hardware stack levels used:    1
 Hardware stack levels required when called:    7
 This function calls:
		_init_timer_1
 This function is called by:
		_init_system
 This function uses a non-reentrant model


 *************** function _init_timer_1 *****************
 Defined at:
		line 52 in file "system.c"
 Parameters:    Size  Location     Type
		None
 Auto vars:     Size  Location     Type
		None
 Return value:  Size  Location     Type
		None               void
 Registers used:
		wreg, status,2
 Tracked objects:
		On entry : 
		On exit  : 
		Unchanged: 
 Data sizes:     COMRAM   BANK0   BANK1   BANK2
      Params:         0       0       0       0
      Locals:         0       0       0       0
      Temps:          0       0       0       0
      Totals:         0       0       0       0
Total ram usage:        0 bytes
 Hardware stack levels used:    1
 Hardware stack levels required when called:    6
 This function calls:
		Nothing
 This function is called by:
		_init_uart_logiciel
 This function uses a non-reentrant model


 *************** function _init_timer_0 *****************
 Defined at:
		line 40 in file "system.c"
 Parameters:    Size  Location     Type
		None
 Auto vars:     Size  Location     Type
		None
 Return value:  Size  Location     Type
		None               void
 Registers used:
		wreg, status,2
 Tracked objects:
		On entry : 
		On exit  : 
		Unchanged: 
 Data sizes:     COMRAM   BANK0   BANK1   BANK2
      Params:         0       0       0       0
      Locals:         0       0       0       0
      Temps:          0       0       0       0
      Totals:         0       0       0       0
Total ram usage:        0 bytes
 Hardware stack levels used:    1
 Hardware stack levels required when called:    6
 This function calls:
		Nothing
 This function is called by:
		_init_system
 This function uses a non-reentrant model


 *************** function _ConfigInterrupt *****************
 Defined at:
		line 189 in file "system.c"
 Parameters:    Size  Location     Type
		None
 Auto vars:     Size  Location     Type
		None
 Return value:  Size  Location     Type
		None               void
 Registers used:
		None
 Tracked objects:
		On entry : 
		On exit  : 
		Unchanged: 
 Data sizes:     COMRAM   BANK0   BANK1   BANK2
      Params:         0       0       0       0
      Locals:         0       0       0       0
      Temps:          0       0       0       0
      Totals:         0       0       0       0
Total ram usage:        0 bytes
 Hardware stack levels used:    1
 Hardware stack levels required when called:    6
 This function calls:
		Nothing
 This function is called by:
		_init_system
 This function uses a non-reentrant model


 *************** function _ConfigPorts *****************
 Defined at:
		line 86 in file "system.c"
 Parameters:    Size  Location     Type
		None
 Auto vars:     Size  Location     Type
		None
 Return value:  Size  Location     Type
		None               void
 Registers used:
		None
 Tracked objects:
		On entry : 
		On exit  : 
		Unchanged: 
 Data sizes:     COMRAM   BANK0   BANK1   BANK2
      Params:         0       0       0       0
      Locals:         0       0       0       0
      Temps:          0       0       0       0
      Totals:         0       0       0       0
Total ram usage:        0 bytes
 Hardware stack levels used:    1
 Hardware stack levels required when called:    6
 This function calls:
		Nothing
 This function is called by:
		_init_system
 This function uses a non-reentrant model


 *************** function _low_isr *****************
 Defined at:
		line 34 in file "interruptions.c"
 Parameters:    Size  Location     Type
		None
 Auto vars:     Size  Location     Type
		None
 Return value:  Size  Location     Type
		None               void
 Registers used:
		wreg, fsr2l, fsr2h, status,2, status,0, prodl, prodh, cstack
 Tracked objects:
		On entry : 
		On exit  : 
		Unchanged: 
 Data sizes:     COMRAM   BANK0   BANK1   BANK2
      Params:         0       0       0       0
      Locals:         0       0       0       0
      Temps:         18       0       0       0
      Totals:        18       0       0       0
Total ram usage:       18 bytes
 Hardware stack levels used:    1
 Hardware stack levels required when called:    5
 This function calls:
		_subroutine_interruptions
 This function is called by:
		Interrupt level 1
 This function uses a non-reentrant model


 *************** function _subroutine_interruptions *****************
 Defined at:
		line 44 in file "interruptions.c"
 Parameters:    Size  Location     Type
  priorite        1    2[COMRAM] unsigned char 
 Auto vars:     Size  Location     Type
		None
 Return value:  Size  Location     Type
		None               void
 Registers used:
		wreg, fsr2l, fsr2h, status,2, status,0, prodl, prodh, cstack
 Tracked objects:
		On entry : 
		On exit  : 
		Unchanged: 
 Data sizes:     COMRAM   BANK0   BANK1   BANK2
      Params:         1       0       0       0
      Locals:         0       0       0       0
      Temps:          0       0       0       0
      Totals:         1       0       0       0
Total ram usage:        1 bytes
 Hardware stack levels used:    1
 Hardware stack levels required when called:    4
 This function calls:
		_interruption_QEI
		_interuption_QEI_sens
		_interruption_timer0
		_interruption_timer1
		_interruption_timer2
		_interruption_INT0
		_interrupt_RX
		_interrupt_TX
 This function is called by:
		_low_isr
 This function uses a non-reentrant model


 *************** function _interrupt_TX *****************
 Defined at:
		line 194 in file "interruptions.c"
 Parameters:    Size  Location     Type
		None
 Auto vars:     Size  Location     Type
		None
 Return value:  Size  Location     Type
		None               void
 Registers used:
		None
 Tracked objects:
		On entry : 
		On exit  : 
		Unchanged: 
 Data sizes:     COMRAM   BANK0   BANK1   BANK2
      Params:         0       0       0       0
      Locals:         0       0       0       0
      Temps:          0       0       0       0
      Totals:         0       0       0       0
Total ram usage:        0 bytes
 Hardware stack levels used:    1
 Hardware stack levels required when called:    3
 This function calls:
		Nothing
 This function is called by:
		_subroutine_interruptions
 This function uses a non-reentrant model


 *************** function _interrupt_RX *****************
 Defined at:
		line 177 in file "interruptions.c"
 Parameters:    Size  Location     Type
		None
 Auto vars:     Size  Location     Type
  temp            1    1[COMRAM] unsigned char 
 Return value:  Size  Location     Type
		None               void
 Registers used:
		wreg, fsr2l, fsr2h, status,2, status,0, prodl, prodh
 Tracked objects:
		On entry : 
		On exit  : 
		Unchanged: 
 Data sizes:     COMRAM   BANK0   BANK1   BANK2
      Params:         0       0       0       0
      Locals:         1       0       0       0
      Temps:          1       0       0       0
      Totals:         2       0       0       0
Total ram usage:        2 bytes
 Hardware stack levels used:    1
 Hardware stack levels required when called:    3
 This function calls:
		Nothing
 This function is called by:
		_subroutine_interruptions
 This function uses a non-reentrant model


 *************** function _interruption_INT0 *****************
 Defined at:
		line 140 in file "interruptions.c"
 Parameters:    Size  Location     Type
		None
 Auto vars:     Size  Location     Type
		None
 Return value:  Size  Location     Type
		None               void
 Registers used:
		None
 Tracked objects:
		On entry : 
		On exit  : 
		Unchanged: 
 Data sizes:     COMRAM   BANK0   BANK1   BANK2
      Params:         0       0       0       0
      Locals:         0       0       0       0
      Temps:          0       0       0       0
      Totals:         0       0       0       0
Total ram usage:        0 bytes
 Hardware stack levels used:    1
 Hardware stack levels required when called:    3
 This function calls:
		Nothing
 This function is called by:
		_subroutine_interruptions
 This function uses a non-reentrant model


 *************** function _interruption_timer2 *****************
 Defined at:
		line 128 in file "interruptions.c"
 Parameters:    Size  Location     Type
		None
 Auto vars:     Size  Location     Type
		None
 Return value:  Size  Location     Type
		None               void
 Registers used:
		None
 Tracked objects:
		On entry : 
		On exit  : 
		Unchanged: 
 Data sizes:     COMRAM   BANK0   BANK1   BANK2
      Params:         0       0       0       0
      Locals:         0       0       0       0
      Temps:          0       0       0       0
      Totals:         0       0       0       0
Total ram usage:        0 bytes
 Hardware stack levels used:    1
 Hardware stack levels required when called:    3
 This function calls:
		Nothing
 This function is called by:
		_subroutine_interruptions
 This function uses a non-reentrant model


 *************** function _interruption_timer1 *****************
 Defined at:
		line 111 in file "interruptions.c"
 Parameters:    Size  Location     Type
		None
 Auto vars:     Size  Location     Type
		None
 Return value:  Size  Location     Type
		None               void
 Registers used:
		wreg, fsr2l, fsr2h, status,2, status,0, prodl, prodh
 Tracked objects:
		On entry : 
		On exit  : 
		Unchanged: 
 Data sizes:     COMRAM   BANK0   BANK1   BANK2
      Params:         0       0       0       0
      Locals:         0       0       0       0
      Temps:          1       0       0       0
      Totals:         1       0       0       0
Total ram usage:        1 bytes
 Hardware stack levels used:    1
 Hardware stack levels required when called:    3
 This function calls:
		Nothing
 This function is called by:
		_subroutine_interruptions
 This function uses a non-reentrant model


 *************** function _interruption_timer0 *****************
 Defined at:
		line 105 in file "interruptions.c"
 Parameters:    Size  Location     Type
		None
 Auto vars:     Size  Location     Type
		None
 Return value:  Size  Location     Type
		None               void
 Registers used:
		wreg, status,2
 Tracked objects:
		On entry : 
		On exit  : 
		Unchanged: 
 Data sizes:     COMRAM   BANK0   BANK1   BANK2
      Params:         0       0       0       0
      Locals:         0       0       0       0
      Temps:          0       0       0       0
      Totals:         0       0       0       0
Total ram usage:        0 bytes
 Hardware stack levels used:    1
 Hardware stack levels required when called:    3
 This function calls:
		Nothing
 This function is called by:
		_subroutine_interruptions
 This function uses a non-reentrant model


 *************** function _interuption_QEI_sens *****************
 Defined at:
		line 163 in file "interruptions.c"
 Parameters:    Size  Location     Type
		None
 Auto vars:     Size  Location     Type
		None
 Return value:  Size  Location     Type
		None               void
 Registers used:
		None
 Tracked objects:
		On entry : 
		On exit  : 
		Unchanged: 
 Data sizes:     COMRAM   BANK0   BANK1   BANK2
      Params:         0       0       0       0
      Locals:         0       0       0       0
      Temps:          0       0       0       0
      Totals:         0       0       0       0
Total ram usage:        0 bytes
 Hardware stack levels used:    1
 Hardware stack levels required when called:    3
 This function calls:
		Nothing
 This function is called by:
		_subroutine_interruptions
 This function uses a non-reentrant model


 *************** function _interruption_QEI *****************
 Defined at:
		line 157 in file "interruptions.c"
 Parameters:    Size  Location     Type
		None
 Auto vars:     Size  Location     Type
		None
 Return value:  Size  Location     Type
		None               void
 Registers used:
		None
 Tracked objects:
		On entry : 
		On exit  : 
		Unchanged: 
 Data sizes:     COMRAM   BANK0   BANK1   BANK2
      Params:         0       0       0       0
      Locals:         0       0       0       0
      Temps:          0       0       0       0
      Totals:         0       0       0       0
Total ram usage:        0 bytes
 Hardware stack levels used:    1
 Hardware stack levels required when called:    3
 This function calls:
		Nothing
 This function is called by:
		_subroutine_interruptions
 This function uses a non-reentrant model


 *************** function _high_isr *****************
 Defined at:
		line 28 in file "interruptions.c"
 Parameters:    Size  Location     Type
		None
 Auto vars:     Size  Location     Type
		None
 Return value:  Size  Location     Type
		None               void
 Registers used:
		wreg, status,2, status,0, cstack
 Tracked objects:
		On entry : 
		On exit  : 
		Unchanged: 
 Data sizes:     COMRAM   BANK0   BANK1   BANK2
      Params:         0       0       0       0
      Locals:         0       0       0       0
      Temps:          0      15       0       0
      Totals:         0      15       0       0
Total ram usage:       15 bytes
 Hardware stack levels used:    1
 Hardware stack levels required when called:    2
 This function calls:
		i2_subroutine_interruptions
 This function is called by:
		Interrupt level 2
 This function uses a non-reentrant model


 *************** function i2_subroutine_interruptions *****************
 Defined at:
		line 44 in file "interruptions.c"
 Parameters:    Size  Location     Type
  priorite        1   23[COMRAM] unsigned char 
 Auto vars:     Size  Location     Type
		None
 Return value:  Size  Location     Type
		None               void
 Registers used:
		wreg, status,2, status,0, cstack
 Tracked objects:
		On entry : 
		On exit  : 
		Unchanged: 
 Data sizes:     COMRAM   BANK0   BANK1   BANK2
      Params:         1       0       0       0
      Locals:         0       0       0       0
      Temps:          0       0       0       0
      Totals:         1       0       0       0
Total ram usage:        1 bytes
 Hardware stack levels used:    1
 Hardware stack levels required when called:    1
 This function calls:
		i2_interruption_timer0
		i2_interruption_timer1
		i2_interruption_timer2
		i2_interruption_INT0
		i2_interruption_QEI
		i2_interuption_QEI_sens
		i2_interrupt_RX
		i2_interrupt_TX
 This function is called by:
		_high_isr
 This function uses a non-reentrant model


 *************** function i2_interrupt_TX *****************
 Defined at:
		line 194 in file "interruptions.c"
 Parameters:    Size  Location     Type
		None
 Auto vars:     Size  Location     Type
		None
 Return value:  Size  Location     Type
		None               void
 Registers used:
		None
 Tracked objects:
		On entry : 
		On exit  : 
		Unchanged: 
 Data sizes:     COMRAM   BANK0   BANK1   BANK2
      Params:         0       0       0       0
      Locals:         0       0       0       0
      Temps:          0       0       0       0
      Totals:         0       0       0       0
Total ram usage:        0 bytes
 Hardware stack levels used:    1
 This function calls:
		Nothing
 This function is called by:
		i2_subroutine_interruptions
 This function uses a non-reentrant model


 *************** function i2_interrupt_RX *****************
 Defined at:
		line 177 in file "interruptions.c"
 Parameters:    Size  Location     Type
		None
 Auto vars:     Size  Location     Type
  interrupt_RX    1   22[COMRAM] unsigned char 
 Return value:  Size  Location     Type
		None               void
 Registers used:
		wreg, fsr2l, fsr2h, status,2, status,0, prodl, prodh
 Tracked objects:
		On entry : 
		On exit  : 
		Unchanged: 
 Data sizes:     COMRAM   BANK0   BANK1   BANK2
      Params:         0       0       0       0
      Locals:         1       0       0       0
      Temps:          1       0       0       0
      Totals:         2       0       0       0
Total ram usage:        2 bytes
 Hardware stack levels used:    1
 This function calls:
		Nothing
 This function is called by:
		i2_subroutine_interruptions
 This function uses a non-reentrant model


 *************** function i2_interuption_QEI_sens *****************
 Defined at:
		line 163 in file "interruptions.c"
 Parameters:    Size  Location     Type
		None
 Auto vars:     Size  Location     Type
		None
 Return value:  Size  Location     Type
		None               void
 Registers used:
		None
 Tracked objects:
		On entry : 
		On exit  : 
		Unchanged: 
 Data sizes:     COMRAM   BANK0   BANK1   BANK2
      Params:         0       0       0       0
      Locals:         0       0       0       0
      Temps:          0       0       0       0
      Totals:         0       0       0       0
Total ram usage:        0 bytes
 Hardware stack levels used:    1
 This function calls:
		Nothing
 This function is called by:
		i2_subroutine_interruptions
 This function uses a non-reentrant model


 *************** function i2_interruption_QEI *****************
 Defined at:
		line 157 in file "interruptions.c"
 Parameters:    Size  Location     Type
		None
 Auto vars:     Size  Location     Type
		None
 Return value:  Size  Location     Type
		None               void
 Registers used:
		None
 Tracked objects:
		On entry : 
		On exit  : 
		Unchanged: 
 Data sizes:     COMRAM   BANK0   BANK1   BANK2
      Params:         0       0       0       0
      Locals:         0       0       0       0
      Temps:          0       0       0       0
      Totals:         0       0       0       0
Total ram usage:        0 bytes
 Hardware stack levels used:    1
 This function calls:
		Nothing
 This function is called by:
		i2_subroutine_interruptions
 This function uses a non-reentrant model


 *************** function i2_interruption_INT0 *****************
 Defined at:
		line 140 in file "interruptions.c"
 Parameters:    Size  Location     Type
		None
 Auto vars:     Size  Location     Type
		None
 Return value:  Size  Location     Type
		None               void
 Registers used:
		None
 Tracked objects:
		On entry : 
		On exit  : 
		Unchanged: 
 Data sizes:     COMRAM   BANK0   BANK1   BANK2
      Params:         0       0       0       0
      Locals:         0       0       0       0
      Temps:          0       0       0       0
      Totals:         0       0       0       0
Total ram usage:        0 bytes
 Hardware stack levels used:    1
 This function calls:
		Nothing
 This function is called by:
		i2_subroutine_interruptions
 This function uses a non-reentrant model


 *************** function i2_interruption_timer2 *****************
 Defined at:
		line 128 in file "interruptions.c"
 Parameters:    Size  Location     Type
		None
 Auto vars:     Size  Location     Type
		None
 Return value:  Size  Location     Type
		None               void
 Registers used:
		None
 Tracked objects:
		On entry : 
		On exit  : 
		Unchanged: 
 Data sizes:     COMRAM   BANK0   BANK1   BANK2
      Params:         0       0       0       0
      Locals:         0       0       0       0
      Temps:          0       0       0       0
      Totals:         0       0       0       0
Total ram usage:        0 bytes
 Hardware stack levels used:    1
 This function calls:
		Nothing
 This function is called by:
		i2_subroutine_interruptions
 This function uses a non-reentrant model


 *************** function i2_interruption_timer1 *****************
 Defined at:
		line 111 in file "interruptions.c"
 Parameters:    Size  Location     Type
		None
 Auto vars:     Size  Location     Type
		None
 Return value:  Size  Location     Type
		None               void
 Registers used:
		wreg, fsr2l, fsr2h, status,2, status,0, prodl, prodh
 Tracked objects:
		On entry : 
		On exit  : 
		Unchanged: 
 Data sizes:     COMRAM   BANK0   BANK1   BANK2
      Params:         0       0       0       0
      Locals:         0       0       0       0
      Temps:          1       0       0       0
      Totals:         1       0       0       0
Total ram usage:        1 bytes
 Hardware stack levels used:    1
 This function calls:
		Nothing
 This function is called by:
		i2_subroutine_interruptions
 This function uses a non-reentrant model


 *************** function i2_interruption_timer0 *****************
 Defined at:
		line 105 in file "interruptions.c"
 Parameters:    Size  Location     Type
		None
 Auto vars:     Size  Location     Type
		None
 Return value:  Size  Location     Type
		None               void
 Registers used:
		wreg, status,2
 Tracked objects:
		On entry : 
		On exit  : 
		Unchanged: 
 Data sizes:     COMRAM   BANK0   BANK1   BANK2
      Params:         0       0       0       0
      Locals:         0       0       0       0
      Temps:          0       0       0       0
      Totals:         0       0       0       0
Total ram usage:        0 bytes
 Hardware stack levels used:    1
 This function calls:
		Nothing
 This function is called by:
		i2_subroutine_interruptions
 This function uses a non-reentrant model



MODULE INFORMATION

Module		Function		Class		Link	Load	Size
C:\Program Files (x86)\Microchip\xc8\v1.21\sources\common\float.c
		___ftpack      		CODE           	04DA	0000	184

C:\Program Files (x86)\Microchip\xc8\v1.21\sources\common\float.c estimated size: 184

uart.c
		_init_uart_rece		CODE           	0A7C	0000	38
		_init_uart_logi		CODE           	0B0E	0000	22
		_config_uart   		CODE           	0AC4	0000	28

uart.c estimated size: 88

C:\Program Files (x86)\Microchip\xc8\v1.21\sources\common\ftge.c
		___ftge        		CODE           	0592	0000	144

C:\Program Files (x86)\Microchip\xc8\v1.21\sources\common\ftge.c estimated size: 144

shared
		i2_interruption		CODE           	08C2	0000	76
		i2_interrupt_RX		CODE           	09DA	0000	66
		i2_interrupt_TX		CODE           	0B5E	0000	4
		i2_interruption		CODE           	0B66	0000	4
		i2_interruption		CODE           	0B6E	0000	4
		i2_subroutine_i		CODE           	0814	0000	98
		i2_interruption		CODE           	0B6A	0000	4
		__initializatio		CODE           	0AA2	0000	24
		i2_interuption_		CODE           	0B62	0000	4
		i2_interruption		CODE           	0B42	0000	8

shared estimated size: 292

interruptions.c
		_interuption_QE		CODE           	0B56	0000	4
		_interruption_t		CODE           	0B3A	0000	8
		_interruption_t		CODE           	0876	0000	76
		_interruption_Q		CODE           	0B5A	0000	4
		_high_isr      		CODE           	0008	0000	1962
		_interruption_t		CODE           	0B52	0000	4
		_interrupt_RX  		CODE           	0998	0000	66
		_interrupt_TX  		CODE           	0B4A	0000	4
		_subroutine_int		CODE           	07B2	0000	98
		_low_isr       		CODE           	0018	0000	150
		_interruption_I		CODE           	0B4E	0000	4

interruptions.c estimated size: 2380

moteur.c
		_envoit_pwm    		CODE           	03D8	0000	258
		_config_pwm    		CODE           	090E	0000	72

moteur.c estimated size: 330

C:\Program Files (x86)\Microchip\xc8\v1.21\sources\common\ftneg.c
		___ftneg       		CODE           	0A56	0000	38

C:\Program Files (x86)\Microchip\xc8\v1.21\sources\common\ftneg.c estimated size: 38

main.c
		_main          		CODE           	0A1C	0000	58

main.c estimated size: 58

system.c
		_ConfigInterrup		CODE           	06B0	0000	136
		_init_system   		CODE           	0AF8	0000	22
		_ConfigPorts   		CODE           	0622	0000	142
		_init_timer_0  		CODE           	0B24	0000	22
		_init_timer_1  		CODE           	0AE0	0000	24

system.c estimated size: 346

C:\Program Files (x86)\Microchip\xc8\v1.21\sources\common\ftmul.c
		___ftmul       		CODE           	00B2	0000	494

C:\Program Files (x86)\Microchip\xc8\v1.21\sources\common\ftmul.c estimated size: 494

C:\Program Files (x86)\Microchip\xc8\v1.21\sources\common\fttol.c
		___fttol       		CODE           	02A0	0000	312

C:\Program Files (x86)\Microchip\xc8\v1.21\sources\common\fttol.c estimated size: 312

C:\Program Files (x86)\Microchip\xc8\v1.21\sources\pic18\asftmul.c
		___asftmul     		CODE           	0956	0000	66

C:\Program Files (x86)\Microchip\xc8\v1.21\sources\pic18\asftmul.c estimated size: 66

